TAR__clib_malloc_heap_size      = $FFFFFFFF ; L zccA9393
CLIB_MALLOC_HEAP_SIZE           = $0000 ; L zccA9393
CLIB_OPT_STDIO                  = $0000 ; L zccA9393
CLIB_STDIO_HEAP_SIZE            = $0000 ; L zccA9393
IOCTL_RESET                     = $0000 ; G zccA9393
STDIO_SEEK_SET                  = $0000 ; G zccA9393
TAR__clib_balloc_table_size     = $0000 ; L zccA9393
TAR__clib_exit_stack_size       = $0000 ; L zccA9393
TAR__clib_fopen_max             = $0000 ; L zccA9393
TAR__clib_open_max              = $0000 ; L zccA9393
TAR__clib_quickexit_stack_size  = $0000 ; L zccA9393
TAR__crt_enable_commandline     = $0000 ; L zccA9393
TAR__crt_enable_nmi             = $0000 ; L zccA9393
TAR__crt_enable_restart         = $0000 ; L zccA9393
TAR__crt_enable_rst             = $0000 ; L zccA9393
TAR__crt_include_preamble       = $0000 ; L zccA9393
TAR__crt_initialize_bss         = $0000 ; L zccA9393
TAR__crt_model                  = $0000 ; L zccA9393
TAR__crt_org_bss                = $0000 ; L zccA9393
TAR__crt_org_data               = $0000 ; L zccA9393
__BSS_END_size                  = $0000 ; G 
__BSS_UNINITIALIZED_size        = $0000 ; G 
__CODE_END_size                 = $0000 ; G 
__CRTDEF                        = $0000 ; L zccA9393
__DATA_END_size                 = $0000 ; G 
__EOK                           = $0000 ; G zccA9393
__MMAP                          = $0000 ; L zccA9393
__bss_alloc_balloc_size         = $0000 ; G 
__bss_alloc_malloc_size         = $0000 ; G 
__bss_arch_size                 = $0000 ; G 
__bss_clib_size                 = $0000 ; G 
__bss_compiler_size             = $0000 ; G 
__bss_compress_aplib_size       = $0000 ; G 
__bss_driver_size               = $0000 ; G 
__bss_error_size                = $0000 ; G 
__bss_fcntl_size                = $0000 ; G 
__bss_font_size                 = $0000 ; G 
__bss_input_size                = $0000 ; G 
__bss_lib_size                  = $0000 ; G 
__bss_sound_bit_size            = $0000 ; G 
__bss_string_size               = $0000 ; G 
__bss_user_size                 = $0000 ; G 
__clib_balloc_table_size        = $0000 ; L zccA9393
__clib_exit_stack_size          = $0000 ; L zccA9393
__clib_fopen_max                = $0000 ; L zccA9393
__clib_malloc_heap_size         = $0000 ; L zccA9393
__clib_open_max                 = $0000 ; L zccA9393
__clib_quickexit_stack_size     = $0000 ; L zccA9393
__clib_stdio_heap_size          = $0000 ; L zccA9393
__code_adt_b_array_size         = $0000 ; G 
__code_adt_b_vector_size        = $0000 ; G 
__code_adt_ba_priority_queue_size = $0000 ; G 
__code_adt_ba_stack_size        = $0000 ; G 
__code_adt_bv_priority_queue_size = $0000 ; G 
__code_adt_bv_stack_size        = $0000 ; G 
__code_adt_p_forward_list_alt_size = $0000 ; G 
__code_adt_p_forward_list_size  = $0000 ; G 
__code_adt_p_list_size          = $0000 ; G 
__code_adt_p_queue_size         = $0000 ; G 
__code_adt_p_stack_size         = $0000 ; G 
__code_adt_w_array_size         = $0000 ; G 
__code_adt_w_vector_size        = $0000 ; G 
__code_adt_wa_priority_queue_size = $0000 ; G 
__code_adt_wa_stack_size        = $0000 ; G 
__code_adt_wv_priority_queue_size = $0000 ; G 
__code_adt_wv_stack_size        = $0000 ; G 
__code_alloc_balloc_size        = $0000 ; G 
__code_alloc_malloc_size        = $0000 ; G 
__code_alloc_obstack_size       = $0000 ; G 
__code_arch_size                = $0000 ; G 
__code_bifrost2_size            = $0000 ; G 
__code_bifrost_h_size           = $0000 ; G 
__code_bifrost_l_size           = $0000 ; G 
__code_clib_size                = $0000 ; G 
__code_compress_aplib_size      = $0000 ; G 
__code_compress_zx7_size        = $0000 ; G 
__code_crt_common_size          = $0000 ; G 
__code_crt_exit_size            = $0000 ; G 
__code_crt_init_size            = $0000 ; G 
__code_ctype_size               = $0000 ; G 
__code_driver_character_input_size = $0000 ; G 
__code_driver_character_output_size = $0000 ; G 
__code_driver_general_size      = $0000 ; G 
__code_driver_memstream_size    = $0000 ; G 
__code_driver_size              = $0000 ; G 
__code_driver_terminal_input_size = $0000 ; G 
__code_driver_terminal_output_size = $0000 ; G 
__code_driver_tty_size          = $0000 ; G 
__code_fcntl_size               = $0000 ; G 
__code_font_fzx_size            = $0000 ; G 
__code_font_size                = $0000 ; G 
__code_fp_genmath_size          = $0000 ; G 
__code_fp_math48_size           = $0000 ; G 
__code_input_size               = $0000 ; G 
__code_inttypes_size            = $0000 ; G 
__code_l_sccz80_size            = $0000 ; G 
__code_l_sdcc_size              = $0000 ; G 
__code_lib_size                 = $0000 ; G 
__code_locale_size              = $0000 ; G 
__code_math_size                = $0000 ; G 
__code_network_size             = $0000 ; G 
__code_nirvanam_size            = $0000 ; G 
__code_nirvanap_size            = $0000 ; G 
__code_setjmp_size              = $0000 ; G 
__code_sound_bit_size           = $0000 ; G 
__code_stdio_size               = $0000 ; G 
__code_stdlib_size              = $0000 ; G 
__code_string_size              = $0000 ; G 
__code_temp_sp1_size            = $0000 ; G 
__code_threads_mutex_size       = $0000 ; G 
__code_threads_size             = $0000 ; G 
__code_user_size                = $0000 ; G 
__code_z80_size                 = $0000 ; G 
__crt_enable_commandline        = $0000 ; L zccA9393
__crt_enable_restart            = $0000 ; L zccA9393
__crt_include_preamble          = $0000 ; L zccA9393
__crt_initialize_bss            = $0000 ; L zccA9393
__crt_model                     = $0000 ; L zccA9393
__crt_org_bss                   = $0000 ; L zccA9393
__crt_org_data                  = $0000 ; L zccA9393
__data_alloc_balloc_size        = $0000 ; G 
__data_alloc_malloc_size        = $0000 ; G 
__data_clib_size                = $0000 ; G 
__data_compiler_size            = $0000 ; G 
__data_driver_size              = $0000 ; G 
__data_fcntl_fdtable_body_size  = $0000 ; G 
__data_fcntl_size               = $0000 ; G 
__data_fcntl_stdio_heap_body_size = $0000 ; G 
__data_fcntl_stdio_heap_head_size = $0000 ; G 
__data_fcntl_stdio_heap_tail_size = $0000 ; G 
__data_font_size                = $0000 ; G 
__data_lib_size                 = $0000 ; G 
__data_sound_bit_size           = $0000 ; G 
__data_stdlib_size              = $0000 ; G 
__data_user_size                = $0000 ; G 
__exit_stack_size               = $0000 ; G zccA9393
__fcntl_fdtbl                   = $0000 ; G zccA9393
__fcntl_fdtbl_size              = $0000 ; G zccA9393
__head                          = $0000 ; G 
__quickexit_stack_size          = $0000 ; G zccA9393
__rodata_clib_size              = $0000 ; G 
__rodata_compiler_size          = $0000 ; G 
__rodata_driver_size            = $0000 ; G 
__rodata_error_strings_size     = $0000 ; G 
__rodata_fcntl_size             = $0000 ; G 
__rodata_font_4x8_size          = $0000 ; G 
__rodata_font_8x8_size          = $0000 ; G 
__rodata_font_fzx_size          = $0000 ; G 
__rodata_font_size              = $0000 ; G 
__rodata_input_size             = $0000 ; G 
__rodata_lib_size               = $0000 ; G 
__rodata_sound_bit_size         = $0000 ; G 
__rodata_stdio_size             = $0000 ; G 
__rodata_stdlib_size            = $0000 ; G 
__rodata_user_size              = $0000 ; G 
__smc_clib_size                 = $0000 ; G 
__smc_compiler_size             = $0000 ; G 
__smc_driver_size               = $0000 ; G 
__smc_fcntl_size                = $0000 ; G 
__smc_font_size                 = $0000 ; G 
__smc_l_size                    = $0000 ; G 
__smc_lib_size                  = $0000 ; G 
__smc_sound_bit_size            = $0000 ; G 
__smc_user_size                 = $0000 ; G 
thrd_success                    = $0000 ; G zccA9393
DEFINED_CLIB_MALLOC_HEAP_SIZE   = $0001 ; L zccA9393
DEFINED_CLIB_OPT_STDIO          = $0001 ; L zccA9393
DEFINED_CLIB_STDIO_HEAP_SIZE    = $0001 ; L zccA9393
DEFINED_CRT_ON_EXIT             = $0001 ; L zccA9393
DEFINED_CRT_ORG_CODE            = $0001 ; L zccA9393
DEFINED_REGISTER_SP             = $0001 ; L zccA9393
DEFINED_startup                 = $0001 ; L zccA9393
STDIO_MSG_PUTC                  = $0001 ; G zccA9393
STDIO_SEEK_CUR                  = $0001 ; G zccA9393
TAR__crt_enable_close           = $0001 ; L zccA9393
TAR__crt_enable_eidi            = $0001 ; L zccA9393
__BSS_size                      = $0001 ; G 
__DATA_size                     = $0001 ; G 
__EACCES                        = $0001 ; G zccA9393
__code_compiler_size            = $0001 ; G 
__crt_enable_close              = $0001 ; L zccA9393
__crt_enable_eidi               = $0001 ; L zccA9393
__data_threads_size             = $0001 ; G 
__rodata_error_string_end_size  = $0001 ; G 
mtx_plain                       = $0001 ; G zccA9393
thrd_error                      = $0001 ; G zccA9393
STDIO_MSG_WRIT                  = $0002 ; G zccA9393
STDIO_SEEK_END                  = $0002 ; G zccA9393
__EBADF                         = $0002 ; G zccA9393
__bss_stdio_size                = $0002 ; G 
__bss_stdlib_size               = $0002 ; G 
__code_l_size                   = $0002 ; G 
mtx_recursive                   = $0002 ; G zccA9393
thrd_nomem                      = $0002 ; G zccA9393
STDIO_MSG_GETC                  = $0003 ; G zccA9393
__EBDFD                         = $0003 ; G zccA9393
STDIO_MSG_EATC                  = $0004 ; G zccA9393
__CODE_size                     = $0004 ; G 
__EDOM                          = $0004 ; G zccA9393
__code_crt_main_size            = $0004 ; G 
__code_crt_return_size          = $0004 ; G 
__data_stdio_size               = $0004 ; G 
mtx_timed                       = $0004 ; G zccA9393
thrd_busy                       = $0004 ; G zccA9393
STDIO_MSG_READ                  = $0005 ; G zccA9393
__EFBIG                         = $0005 ; G zccA9393
STDIO_MSG_SEEK                  = $0006 ; G zccA9393
__EINVAL                        = $0006 ; G zccA9393
STDIO_MSG_ICTL                  = $0007 ; G zccA9393
TAR__crt_enable_streams         = $0007 ; L zccA9393
__EMFILE                        = $0007 ; G zccA9393
STDIO_MSG_FLSH                  = $0008 ; G zccA9393
__ENFILE                        = $0008 ; G zccA9393
thrd_timedout                   = $0008 ; G zccA9393
STDIO_MSG_CLOS                  = $0009 ; G zccA9393
__ENOLCK                        = $0009 ; G zccA9393
__code_error_size               = $0009 ; G 
__ENOMEM                        = $000A ; G zccA9393
__ENOTSUP                       = $000B ; G zccA9393
__EOVERFLOW                     = $000C ; G zccA9393
__ERANGE                        = $000D ; G zccA9393
__ESTAT                         = $000E ; G zccA9393
ICHAR_MSG_GETC                  = $000F ; G zccA9393
ITERM_MSG_GETC                  = $000F ; G zccA9393
__EAGAIN                        = $000F ; G zccA9393
__EWOULDBLOCK                   = $000F ; G zccA9393
ITERM_MSG_INTERRUPT             = $0010 ; G zccA9393
ITERM_MSG_PUTC                  = $0011 ; G zccA9393
ITERM_MSG_PRINT_CURSOR          = $0012 ; G zccA9393
ITERM_MSG_ERASE_CURSOR          = $0013 ; G zccA9393
ITERM_MSG_ERASE_CURSOR_PWD      = $0014 ; G zccA9393
ITERM_MSG_BS                    = $0015 ; G zccA9393
ITERM_MSG_BS_PWD                = $0016 ; G zccA9393
ITERM_MSG_READLINE_BEGIN        = $0017 ; G zccA9393
ITERM_MSG_READLINE_END          = $0018 ; G zccA9393
ITERM_MSG_BELL                  = $0019 ; G zccA9393
OCHAR_MSG_PUTC_BIN              = $001E ; G zccA9393
OTERM_MSG_PUTC                  = $001E ; G zccA9393
OTERM_MSG_TTY                   = $001F ; G zccA9393
startup                         = $001F ; L zccA9393
OCHAR_MSG_PUTC                  = $0020 ; G zccA9393
OTERM_MSG_PRINTC                = $0020 ; G zccA9393
OTERM_MSG_SCROLL                = $0021 ; G zccA9393
OTERM_MSG_CLS                   = $0022 ; G zccA9393
OTERM_MSG_PAUSE                 = $0023 ; G zccA9393
OTERM_MSG_BELL                  = $0024 ; G zccA9393
OTERM_MSG_PSCROLL               = $0025 ; G zccA9393
TAR__clib_stdio_heap_size       = $0100 ; L zccA9393
IOCTL_OTERM_CLS                 = $0102 ; G zccA9393
TAR__crt_stack_size             = $0200 ; L zccA9393
IOCTL_ITERM_TIE                 = $0201 ; G zccA9393
IOCTL_OTERM_RESET_SCROLL        = $0202 ; G zccA9393
IOCTL_ITERM_SET_EDITBUF         = $0301 ; G zccA9393
IOCTL_OTERM_SET_WINDOW_COORD    = $0302 ; G zccA9393
IOCTL_ITERM_GET_EDITBUF         = $0381 ; G zccA9393
IOCTL_OTERM_GET_WINDOW_COORD    = $0382 ; G zccA9393
IOCTL_OTERM_SET_WINDOW_RECT     = $0402 ; G zccA9393
IOCTL_OTERM_GET_WINDOW_RECT     = $0482 ; G zccA9393
IOCTL_OTERM_SET_CURSOR_COORD    = $0502 ; G zccA9393
IOCTL_OTERM_GET_CURSOR_COORD    = $0582 ; G zccA9393
IOCTL_OTERM_GET_OTERM           = $0602 ; G zccA9393
IOCTL_OTERM_SCROLL              = $0702 ; G zccA9393
IOCTL_OTERM_FONT                = $0802 ; G zccA9393
IOCTL_OTERM_FZX_SET_PAPER_COORD = $0A02 ; G zccA9393
IOCTL_OTERM_FZX_GET_PAPER_COORD = $0A82 ; G zccA9393
IOCTL_OTERM_FZX_SET_PAPER_RECT  = $0B02 ; G zccA9393
IOCTL_OTERM_FZX_GET_PAPER_RECT  = $0B82 ; G zccA9393
IOCTL_OTERM_FZX_LEFT_MARGIN     = $0C02 ; G zccA9393
IOCTL_OTERM_FZX_LINE_SPACING    = $0D02 ; G zccA9393
IOCTL_OTERM_FZX_SPACE_EXPAND    = $0E02 ; G zccA9393
IOCTL_OTERM_FZX_SET_FZX_STATE   = $0F02 ; G zccA9393
IOCTL_OTERM_FZX_GET_FZX_STATE   = $0F82 ; G zccA9393
IOCTL_ITERM_SET_DELAY           = $1001 ; G zccA9393
IOCTL_OTERM_FCOLOR              = $1002 ; G zccA9393
IOCTL_ITERM_GET_DELAY           = $1081 ; G zccA9393
IOCTL_ITERM_LASTK               = $1101 ; G zccA9393
IOCTL_OTERM_FMASK               = $1102 ; G zccA9393
IOCTL_OTERM_BCOLOR              = $1202 ; G zccA9393
__BANK_00_size                  = $39AF ; G 
CRT_ORG_CODE                    = $5F82 ; L zccA9393
__CODE_head                     = $5F82 ; G 
__Start                         = $5F82 ; G zccA9393
__crt_org_code                  = $5F82 ; L zccA9393
__Restart                       = $5F83 ; L zccA9393
__CODE_tail                     = $5F86 ; G 
__Restart_2                     = $5F86 ; L zccA9393
__code_crt_init_head            = $5F86 ; G 
__code_crt_init_tail            = $5F86 ; G 
__code_crt_main_head            = $5F86 ; G 
__Exit                          = $5F89 ; G zccA9393
__code_crt_exit_head            = $5F8A ; G 
__code_crt_exit_tail            = $5F8A ; G 
__code_crt_main_tail            = $5F8A ; G 
__code_crt_return_head          = $5F8A ; G 
__code_adt_b_array_head         = $5F8E ; G 
__code_adt_b_array_tail         = $5F8E ; G 
__code_adt_b_vector_head        = $5F8E ; G 
__code_adt_b_vector_tail        = $5F8E ; G 
__code_adt_ba_priority_queue_head = $5F8E ; G 
__code_adt_ba_priority_queue_tail = $5F8E ; G 
__code_adt_ba_stack_head        = $5F8E ; G 
__code_adt_ba_stack_tail        = $5F8E ; G 
__code_adt_bv_priority_queue_head = $5F8E ; G 
__code_adt_bv_priority_queue_tail = $5F8E ; G 
__code_adt_bv_stack_head        = $5F8E ; G 
__code_adt_bv_stack_tail        = $5F8E ; G 
__code_adt_p_forward_list_alt_head = $5F8E ; G 
__code_adt_p_forward_list_alt_tail = $5F8E ; G 
__code_adt_p_forward_list_head  = $5F8E ; G 
__code_adt_p_forward_list_tail  = $5F8E ; G 
__code_adt_p_list_head          = $5F8E ; G 
__code_adt_p_list_tail          = $5F8E ; G 
__code_adt_p_queue_head         = $5F8E ; G 
__code_adt_p_queue_tail         = $5F8E ; G 
__code_adt_p_stack_head         = $5F8E ; G 
__code_adt_p_stack_tail         = $5F8E ; G 
__code_adt_w_array_head         = $5F8E ; G 
__code_adt_w_array_tail         = $5F8E ; G 
__code_adt_w_vector_head        = $5F8E ; G 
__code_adt_w_vector_tail        = $5F8E ; G 
__code_adt_wa_priority_queue_head = $5F8E ; G 
__code_adt_wa_priority_queue_tail = $5F8E ; G 
__code_adt_wa_stack_head        = $5F8E ; G 
__code_adt_wa_stack_tail        = $5F8E ; G 
__code_adt_wv_priority_queue_head = $5F8E ; G 
__code_adt_wv_priority_queue_tail = $5F8E ; G 
__code_adt_wv_stack_head        = $5F8E ; G 
__code_adt_wv_stack_tail        = $5F8E ; G 
__code_alloc_balloc_head        = $5F8E ; G 
__code_alloc_balloc_tail        = $5F8E ; G 
__code_alloc_malloc_head        = $5F8E ; G 
__code_alloc_malloc_tail        = $5F8E ; G 
__code_alloc_obstack_head       = $5F8E ; G 
__code_alloc_obstack_tail       = $5F8E ; G 
__code_arch_head                = $5F8E ; G 
__code_arch_tail                = $5F8E ; G 
__code_bifrost2_head            = $5F8E ; G 
__code_bifrost2_tail            = $5F8E ; G 
__code_bifrost_h_head           = $5F8E ; G 
__code_bifrost_h_tail           = $5F8E ; G 
__code_bifrost_l_head           = $5F8E ; G 
__code_bifrost_l_tail           = $5F8E ; G 
__code_clib_head                = $5F8E ; G 
__code_clib_tail                = $5F8E ; G 
__code_compress_aplib_head      = $5F8E ; G 
__code_compress_aplib_tail      = $5F8E ; G 
__code_compress_zx7_head        = $5F8E ; G 
__code_compress_zx7_tail        = $5F8E ; G 
__code_crt_common_head          = $5F8E ; G 
__code_crt_common_tail          = $5F8E ; G 
__code_crt_return_tail          = $5F8E ; G 
__code_ctype_head               = $5F8E ; G 
__code_ctype_tail               = $5F8E ; G 
__code_driver_character_input_head = $5F8E ; G 
__code_driver_character_input_tail = $5F8E ; G 
__code_driver_character_output_head = $5F8E ; G 
__code_driver_character_output_tail = $5F8E ; G 
__code_driver_general_head      = $5F8E ; G 
__code_driver_general_tail      = $5F8E ; G 
__code_driver_head              = $5F8E ; G 
__code_driver_memstream_head    = $5F8E ; G 
__code_driver_memstream_tail    = $5F8E ; G 
__code_driver_tail              = $5F8E ; G 
__code_driver_terminal_input_head = $5F8E ; G 
__code_driver_terminal_input_tail = $5F8E ; G 
__code_driver_terminal_output_head = $5F8E ; G 
__code_driver_terminal_output_tail = $5F8E ; G 
__code_driver_tty_head          = $5F8E ; G 
__code_driver_tty_tail          = $5F8E ; G 
__code_error_head               = $5F8E ; G 
__code_font_head                = $5F8E ; G 
__code_font_tail                = $5F8E ; G 
__ch_system                     = $5F92 ; G zccA9393
error_zc                        = $5F92 ; G error_zc
__code_error_tail               = $5F97 ; G 
__code_fcntl_head               = $5F97 ; G 
__code_fcntl_tail               = $5F97 ; G 
__code_font_fzx_head            = $5F97 ; G 
__code_font_fzx_tail            = $5F97 ; G 
__code_fp_genmath_head          = $5F97 ; G 
__code_fp_genmath_tail          = $5F97 ; G 
__code_fp_math48_head           = $5F97 ; G 
__code_fp_math48_tail           = $5F97 ; G 
__code_input_head               = $5F97 ; G 
__code_input_tail               = $5F97 ; G 
__code_inttypes_head            = $5F97 ; G 
__code_inttypes_tail            = $5F97 ; G 
__code_l_head                   = $5F97 ; G 
__thread_block_timeout          = $5F98 ; G zccA9393
__thread_context_switch         = $5F98 ; G zccA9393
__thread_unblock                = $5F98 ; G zccA9393
l_ret                           = $5F98 ; G l_ret
__code_compiler_head            = $5F99 ; G 
__code_l_sccz80_head            = $5F99 ; G 
__code_l_sccz80_tail            = $5F99 ; G 
__code_l_sdcc_head              = $5F99 ; G 
__code_l_sdcc_tail              = $5F99 ; G 
__code_l_tail                   = $5F99 ; G 
__code_lib_head                 = $5F99 ; G 
__code_lib_tail                 = $5F99 ; G 
__code_locale_head              = $5F99 ; G 
__code_locale_tail              = $5F99 ; G 
__code_math_head                = $5F99 ; G 
__code_math_tail                = $5F99 ; G 
__code_network_head             = $5F99 ; G 
__code_network_tail             = $5F99 ; G 
__code_nirvanam_head            = $5F99 ; G 
__code_nirvanam_tail            = $5F99 ; G 
__code_nirvanap_head            = $5F99 ; G 
__code_nirvanap_tail            = $5F99 ; G 
__code_setjmp_head              = $5F99 ; G 
__code_setjmp_tail              = $5F99 ; G 
__code_sound_bit_head           = $5F99 ; G 
__code_sound_bit_tail           = $5F99 ; G 
__code_stdio_head               = $5F99 ; G 
__code_stdio_tail               = $5F99 ; G 
__code_stdlib_head              = $5F99 ; G 
__code_stdlib_tail              = $5F99 ; G 
__code_string_head              = $5F99 ; G 
__code_string_tail              = $5F99 ; G 
__code_temp_sp1_head            = $5F99 ; G 
__code_temp_sp1_tail            = $5F99 ; G 
__code_threads_head             = $5F99 ; G 
__code_threads_mutex_head       = $5F99 ; G 
__code_threads_mutex_tail       = $5F99 ; G 
__code_threads_tail             = $5F99 ; G 
__code_z80_head                 = $5F99 ; G 
__code_z80_tail                 = $5F99 ; G 
_main                           = $5F99 ; G objects
__code_compiler_tail            = $5F9A ; G 
__code_user_head                = $5F9A ; G 
__code_user_tail                = $5F9A ; G 
__rodata_clib_head              = $5F9A ; G 
__rodata_clib_tail              = $5F9A ; G 
__rodata_driver_head            = $5F9A ; G 
__rodata_driver_tail            = $5F9A ; G 
__rodata_error_string_end_head  = $5F9A ; G 
__rodata_error_strings_head     = $5F9A ; G 
__rodata_error_strings_tail     = $5F9A ; G 
__rodata_font_head              = $5F9A ; G 
__rodata_font_tail              = $5F9A ; G 
__CODE_END_head                 = $5F9B ; G 
__CODE_END_tail                 = $5F9B ; G 
__DATA_head                     = $5F9B ; G 
__rodata_compiler_head          = $5F9B ; G 
__rodata_compiler_tail          = $5F9B ; G 
__rodata_error_string_end_tail  = $5F9B ; G 
__rodata_fcntl_head             = $5F9B ; G 
__rodata_fcntl_tail             = $5F9B ; G 
__rodata_font_4x8_head          = $5F9B ; G 
__rodata_font_4x8_tail          = $5F9B ; G 
__rodata_font_8x8_head          = $5F9B ; G 
__rodata_font_8x8_tail          = $5F9B ; G 
__rodata_font_fzx_head          = $5F9B ; G 
__rodata_font_fzx_tail          = $5F9B ; G 
__rodata_input_head             = $5F9B ; G 
__rodata_input_tail             = $5F9B ; G 
__rodata_lib_head               = $5F9B ; G 
__rodata_lib_tail               = $5F9B ; G 
__rodata_sound_bit_head         = $5F9B ; G 
__rodata_sound_bit_tail         = $5F9B ; G 
__rodata_stdio_head             = $5F9B ; G 
__rodata_stdio_tail             = $5F9B ; G 
__rodata_stdlib_head            = $5F9B ; G 
__rodata_stdlib_tail            = $5F9B ; G 
__rodata_user_head              = $5F9B ; G 
__rodata_user_tail              = $5F9B ; G 
__DATA_tail                     = $5F9C ; G 
__data_alloc_balloc_head        = $5F9C ; G 
__data_alloc_balloc_tail        = $5F9C ; G 
__data_alloc_malloc_head        = $5F9C ; G 
__data_alloc_malloc_tail        = $5F9C ; G 
__data_clib_head                = $5F9C ; G 
__data_clib_tail                = $5F9C ; G 
__data_driver_head              = $5F9C ; G 
__data_driver_tail              = $5F9C ; G 
__data_fcntl_fdtable_body_head  = $5F9C ; G 
__data_fcntl_fdtable_body_tail  = $5F9C ; G 
__data_fcntl_head               = $5F9C ; G 
__data_fcntl_stdio_heap_body_head = $5F9C ; G 
__data_fcntl_stdio_heap_body_tail = $5F9C ; G 
__data_fcntl_stdio_heap_head_head = $5F9C ; G 
__data_fcntl_stdio_heap_head_tail = $5F9C ; G 
__data_fcntl_stdio_heap_tail_head = $5F9C ; G 
__data_fcntl_stdio_heap_tail_tail = $5F9C ; G 
__data_fcntl_tail               = $5F9C ; G 
__data_font_head                = $5F9C ; G 
__data_font_tail                = $5F9C ; G 
__data_sound_bit_head           = $5F9C ; G 
__data_sound_bit_tail           = $5F9C ; G 
__data_stdio_head               = $5F9C ; G 
__smc_clib_head                 = $5F9C ; G 
__smc_clib_tail                 = $5F9C ; G 
__smc_compiler_head             = $5F9C ; G 
__smc_compiler_tail             = $5F9C ; G 
__smc_driver_head               = $5F9C ; G 
__smc_driver_tail               = $5F9C ; G 
__smc_fcntl_head                = $5F9C ; G 
__smc_fcntl_tail                = $5F9C ; G 
__smc_font_head                 = $5F9C ; G 
__smc_font_tail                 = $5F9C ; G 
__smc_l_head                    = $5F9C ; G 
__smc_l_tail                    = $5F9C ; G 
__smc_lib_head                  = $5F9C ; G 
__smc_lib_tail                  = $5F9C ; G 
__smc_sound_bit_head            = $5F9C ; G 
__smc_sound_bit_tail            = $5F9C ; G 
__smc_user_head                 = $5F9C ; G 
__smc_user_tail                 = $5F9C ; G 
__stdio_closed_file_list        = $5F9C ; G zccA9393
__data_stdio_tail               = $5FA0 ; G 
__data_stdlib_head              = $5FA0 ; G 
__data_stdlib_tail              = $5FA0 ; G 
__data_threads_head             = $5FA0 ; G 
__thrd_id                       = $5FA0 ; G zccA9393
__BSS_head                      = $5FA1 ; G 
__DATA_END_head                 = $5FA1 ; G 
__DATA_END_tail                 = $5FA1 ; G 
__data_compiler_head            = $5FA1 ; G 
__data_compiler_tail            = $5FA1 ; G 
__data_lib_head                 = $5FA1 ; G 
__data_lib_tail                 = $5FA1 ; G 
__data_threads_tail             = $5FA1 ; G 
__data_user_head                = $5FA1 ; G 
__data_user_tail                = $5FA1 ; G 
__BSS_UNINITIALIZED_head        = $5FA2 ; G 
__BSS_UNINITIALIZED_tail        = $5FA2 ; G 
__BSS_tail                      = $5FA2 ; G 
__bss_alloc_balloc_head         = $5FA2 ; G 
__bss_alloc_balloc_tail         = $5FA2 ; G 
__bss_alloc_malloc_head         = $5FA2 ; G 
__bss_alloc_malloc_tail         = $5FA2 ; G 
__bss_arch_head                 = $5FA2 ; G 
__bss_arch_tail                 = $5FA2 ; G 
__bss_clib_head                 = $5FA2 ; G 
__bss_clib_tail                 = $5FA2 ; G 
__bss_compress_aplib_head       = $5FA2 ; G 
__bss_compress_aplib_tail       = $5FA2 ; G 
__bss_driver_head               = $5FA2 ; G 
__bss_driver_tail               = $5FA2 ; G 
__bss_error_head                = $5FA2 ; G 
__bss_error_tail                = $5FA2 ; G 
__bss_fcntl_head                = $5FA2 ; G 
__bss_fcntl_tail                = $5FA2 ; G 
__bss_font_head                 = $5FA2 ; G 
__bss_font_tail                 = $5FA2 ; G 
__bss_input_head                = $5FA2 ; G 
__bss_input_tail                = $5FA2 ; G 
__bss_sound_bit_head            = $5FA2 ; G 
__bss_sound_bit_tail            = $5FA2 ; G 
__bss_stdio_head                = $5FA2 ; G 
__stdio_open_file_list          = $5FA2 ; G zccA9393
__bss_stdio_tail                = $5FA4 ; G 
__bss_stdlib_head               = $5FA4 ; G 
__exit_stack                    = $5FA4 ; G zccA9393
__quickexit_stack               = $5FA5 ; G zccA9393
__BSS_END_head                  = $5FA6 ; G 
__BSS_END_tail                  = $5FA6 ; G 
__bss_compiler_head             = $5FA6 ; G 
__bss_compiler_tail             = $5FA6 ; G 
__bss_lib_head                  = $5FA6 ; G 
__bss_lib_tail                  = $5FA6 ; G 
__bss_stdlib_tail               = $5FA6 ; G 
__bss_string_head               = $5FA6 ; G 
__bss_string_tail               = $5FA6 ; G 
__bss_user_head                 = $5FA6 ; G 
__bss_user_tail                 = $5FA6 ; G 
TAR__crt_org_code               = $8000 ; L zccA9393
REGISTER_SP                     = $C000 ; L zccA9393
_LOAD_SONG                      = $C000 ; G objects
__BANK_00_head                  = $C000 ; G 
__register_sp                   = $C000 ; L zccA9393
IOCTL_ITERM_CAPS                = $C009 ; G zccA9393
_INICIO                         = $C009 ; G objects
IOCTL_ITERM_COOK                = $C011 ; G zccA9393
IOCTL_OTERM_CRLF                = $C012 ; G zccA9393
zccA9373_NO_EFECTOS             = $C013 ; L objects
IOCTL_OCHAR_CRLF                = $C014 ; G zccA9393
IOCTL_ITERM_LINE                = $C021 ; G zccA9393
IOCTL_OTERM_COOK                = $C022 ; G zccA9393
zccA9373_PLAY                   = $C02A ; L objects
IOCTL_ITERM_PASS                = $C041 ; G zccA9393
IOCTL_OTERM_PAUSE               = $C042 ; G zccA9393
zccA9373_PAUTAS                 = $C06D ; L objects
IOCTL_ITERM_ECHO                = $C081 ; G zccA9393
IOCTL_OTERM_PAGE                = $C082 ; G zccA9393
zccA9373_PAUTA                  = $C094 ; L objects
zccA9373_PCAJP4                 = $C0A0 ; L objects
zccA9373_SLIDE_POS              = $C0A0 ; L objects
zccA9373_PCAJP0                 = $C0B4 ; L objects
zccA9373_PCAJP1                 = $C0CA ; L objects
zccA9373_PCAJP2                 = $C0DE ; L objects
zccA9373_ORNNEG                 = $C0F9 ; L objects
zccA9373_PCAJP3                 = $C0FB ; L objects
IOCTL_ITERM_CRLF                = $C101 ; G zccA9393
IOCTL_OTERM_BELL                = $C102 ; G zccA9393
IOCTL_ICHAR_CRLF                = $C103 ; G zccA9393
zccA9373_ORNMJP1                = $C109 ; L objects
zccA9373_PCAJP5                 = $C111 ; L objects
_PLAYER_OFF                     = $C116 ; G objects
zccA9373_ROUT                   = $C143 ; L objects
zccA9373_ROUT_A0                = $C144 ; L objects
zccA9373_LOUT                   = $C14D ; L objects
_CARGA_CANCION                  = $C168 ; G objects
zccA9373_DECODE_SONG            = $C171 ; L objects
zccA9373_NPTJP0                 = $C18F ; L objects
zccA9373_BGICMODBC1             = $C199 ; L objects
zccA9373_BGICMODBC2             = $C1A7 ; L objects
zccA9373_BGICMODBC3             = $C1B5 ; L objects
zccA9373_INIT_DECODER           = $C1C3 ; L objects
IOCTL_ITERM_CURS                = $C201 ; G zccA9393
IOCTL_OTERM_SIGNAL              = $C202 ; G zccA9393
zccA9373_DECODE_CANAL           = $C204 ; L objects
zccA9373_NO_SILENCIO            = $C213 ; L objects
zccA9373_NO_PUNTILLO            = $C21C ; L objects
zccA9373_NO_INSTRUMENTO         = $C22F ; L objects
zccA9373_NO_ENVOLVENTE          = $C23A ; L objects
zccA9373_NO_MODIFICA            = $C247 ; L objects
zccA9373_FIN_DEC_CANAL          = $C252 ; L objects
zccA9373_GETLEN                 = $C257 ; L objects
zccA9373_GETLEN_NO1             = $C263 ; L objects
zccA9373_GETLEN_NO2             = $C268 ; L objects
zccA9373_REPRODUCE_SONIDO       = $C26B ; L objects
zccA9373_NO_RUIDO               = $C299 ; L objects
zccA9373_SI_RUIDO               = $C29B ; L objects
zccA9373_FIN_SONIDO             = $C2A3 ; L objects
zccA9373_FIN_NOPLAYER           = $C2A8 ; L objects
zccA9373_LOCALIZA_NOTA          = $C2AE ; L objects
zccA9373_COMANDOS               = $C2BB ; L objects
zccA9373_COM_EFECTO             = $C2E8 ; L objects
zccA9373_COM_ENVOLVENTE         = $C2F8 ; L objects
zccA9373_LNJP0                  = $C308 ; L objects
zccA9373_FIN_NOTA_A             = $C311 ; L objects
zccA9373_FIN_CANAL_A            = $C331 ; L objects
zccA9373_FCA_CONT               = $C339 ; L objects
zccA9373_NO_FIN_CANAL_A         = $C347 ; L objects
zccA9373_SILENCIO_ENVOLVENTE    = $C360 ; L objects
zccA9373_NO_SILENCIO_A          = $C373 ; L objects
zccA9373_FIN_RUTINA             = $C382 ; L objects
zccA9373_LOCALIZA_EFECTO        = $C383 ; L objects
zccA9373_INICIA_SONIDO          = $C397 ; L objects
zccA9373_LEJP0                  = $C3A6 ; L objects
zccA9373_FIN_NOTA_P             = $C3AF ; L objects
zccA9373_FIN_CANAL_P            = $C3C7 ; L objects
zccA9373_NO_FIN_CANAL_P         = $C3CF ; L objects
zccA9373_NOTA                   = $C3D6 ; L objects
zccA9373_EVOLVENTES             = $C3F0 ; L objects
zccA9373_ENV_RUT1               = $C411 ; L objects
zccA9373_EXT_WORD               = $C41D ; L objects
zccA9373_depack                 = $C428 ; L objects
zccA9373_apbranch1              = $C42B ; L objects
zccA9373_aploop0                = $C42D ; L objects
zccA9373_aploop                 = $C430 ; L objects
zccA9373_apget4bits             = $C443 ; L objects
zccA9373_apwritebyte            = $C44D ; L objects
zccA9373_apbranch4              = $C451 ; L objects
zccA9373_apbranch3              = $C45A ; L objects
zccA9373_apbranch2              = $C46E ; L objects
zccA9373_apskip2                = $C48D ; L objects
zccA9373_apskip3                = $C496 ; L objects
zccA9373_ap_finishup            = $C499 ; L objects
zccA9373_ap_finishup2           = $C49C ; L objects
zccA9373_ap_r0_gamma            = $C4A3 ; L objects
zccA9373_ap_getbit              = $C4AF ; L objects
zccA9373_ap_getgamma            = $C4BB ; L objects
zccA9373_ap_getgammaloop        = $C4BE ; L objects
zccA9373_UNCOMP_SONG            = $C4CB ; L objects
zccA9373_TABLA_PAUTAS           = $C4D8 ; L objects
zccA9373_PAUTA_1                = $C4E6 ; L objects
zccA9373_PAUTA_2                = $C4F3 ; L objects
zccA9373_PAUTA_3                = $C506 ; L objects
zccA9373_PAUTA_4                = $C51B ; L objects
zccA9373_PAUTA_5                = $C534 ; L objects
zccA9373_PAUTA_6                = $C549 ; L objects
zccA9373_PAUTA_7                = $C556 ; L objects
zccA9373_SONIDO1                = $C565 ; L objects
zccA9373_SONIDO2                = $C56C ; L objects
zccA9373_SONIDO3                = $C576 ; L objects
zccA9373_SONIDO4                = $C57D ; L objects
zccA9373_SONIDO5                = $C587 ; L objects
zccA9373_TABLA_SONIDOS          = $C591 ; L objects
zccA9373_TABLA_SONG             = $C59B ; L objects
zccA9373_TABLA_SONG_CMP         = $C59D ; L objects
zccA9373_DATOS_NOTAS            = $C5BB ; L objects
_SONG_0                         = $C667 ; G objects
_SONG_1                         = $C80C ; G objects
_SONG_2                         = $C85E ; G objects
_SONG_3                         = $C9A9 ; G objects
_SONG_4                         = $CBF0 ; G objects
_SONG_5                         = $CE2C ; G objects
_SONG_6                         = $D118 ; G objects
_SONG_7                         = $D281 ; G objects
_SONG_8                         = $D460 ; G objects
_SONG_9                         = $D89B ; G objects
_SONG_10                        = $D9F9 ; G objects
_SONG_11                        = $DC35 ; G objects
_SONG_12                        = $DD0F ; G objects
_SONG_13                        = $DEA4 ; G objects
_SONG_14                        = $DF83 ; G objects
IOCTL_OTERM_CLEAR               = $E002 ; G zccA9393
zccA9373_INTERR                 = $E070 ; L objects
zccA9373_SONG                   = $E071 ; L objects
zccA9373_TEMPO                  = $E072 ; L objects
zccA9373_TTEMPO                 = $E073 ; L objects
zccA9373_PUNTERO_A              = $E074 ; L objects
zccA9373_PUNTERO_B              = $E076 ; L objects
zccA9373_PUNTERO_C              = $E078 ; L objects
zccA9373_CANAL_A                = $E07A ; L objects
zccA9373_CANAL_B                = $E07C ; L objects
zccA9373_CANAL_C                = $E07E ; L objects
zccA9373_PUNTERO_P_A            = $E080 ; L objects
zccA9373_PUNTERO_P_B            = $E082 ; L objects
zccA9373_PUNTERO_P_C            = $E084 ; L objects
zccA9373_PUNTERO_P_A0           = $E086 ; L objects
zccA9373_PUNTERO_P_B0           = $E088 ; L objects
zccA9373_PUNTERO_P_C0           = $E08A ; L objects
zccA9373_PUNTERO_P_DECA         = $E08C ; L objects
zccA9373_PUNTERO_P_DECB         = $E08E ; L objects
zccA9373_PUNTERO_P_DECC         = $E090 ; L objects
zccA9373_PUNTERO_DECA           = $E092 ; L objects
zccA9373_PUNTERO_DECB           = $E094 ; L objects
zccA9373_PUNTERO_DECC           = $E096 ; L objects
zccA9373_PUNTERO_P              = $E098 ; L objects
zccA9373_CANAL_P                = $E09A ; L objects
zccA9373_PUNTERO_P_DECP         = $E09C ; L objects
zccA9373_PUNTERO_DECP           = $E09E ; L objects
zccA9373_PSG_REG                = $E0A0 ; L objects
zccA9373_PSG_REG_SEC            = $E0AF ; L objects
zccA9373_N_SONIDO               = $E0BE ; L objects
zccA9373_PUNTERO_SONIDO         = $E0BF ; L objects
zccA9373_SOUND_SFX              = $E0C1 ; L objects
zccA9373_BUFFER_UNCOMP          = $E0C2 ; L objects
zccA9373_BUFFER_DEC             = $F5E4 ; L objects
zccA9373_PUNTERO_EFECTO         = $F624 ; L objects
_CANAL_EFECTOS                  = $F626 ; G objects
_INICIA_EFECTO                  = $F627 ; G objects
_REPRODUCE_EFECTO               = $F637 ; G objects
zccA9373_RS_CANALC              = $F66D ; L objects
zccA9373_RS_CANALA              = $F677 ; L objects
zccA9373_RS_CANALB              = $F681 ; L objects
_FIN_EFECTO                     = $F68B ; G objects
_ASSEMBLE_EFFECT                = $F691 ; G objects
zccA9373_ASSEMBLE_EFFECT        = $F691 ; L objects
zccA9373_SFX_ENSAMBLE           = $F6A0 ; L objects
zccA9373_TABLA_EFECTOS          = $F6AE ; L objects
zccA9373_EXPLOSION_NAVE         = $F6CC ; L objects
zccA9373_BLAST                  = $F737 ; L objects
zccA9373_ABRE_CAPSULA           = $F7D2 ; L objects
zccA9373_DANO                   = $F7F3 ; L objects
zccA9373_DISPARO_DOBLE          = $F804 ; L objects
zccA9373_TECLA_INERCIA          = $F819 ; L objects
zccA9373_CAPSULA_RECOGIDA       = $F848 ; L objects
zccA9373_DISPARO_SIMPLE         = $F879 ; L objects
zccA9373_JUEGO_START            = $F88E ; L objects
zccA9373_DISPARO_TRIPLE         = $F8E5 ; L objects
zccA9373_EXPLOSION_SENCILLA_ORGANICA = $F8FA ; L objects
zccA9373_LASER                  = $F921 ; L objects
zccA9373_SCORE                  = $F938 ; L objects
zccA9373_DISPARO_MULTI          = $F979 ; L objects
zccA9373_DISPARO_HOMMING        = $F994 ; L objects
__BANK_00_tail                  = $F9AF ; G 
__size                          = $F9AF ; G 
__tail                          = $F9AF ; G 
TAR__register_sp                = $FF58 ; L zccA9393
CRT_ON_EXIT                     = $10001 ; L zccA9393
__crt_on_exit                   = $10001 ; L zccA9393
TAR__crt_on_exit                = $30002 ; L zccA9393
