ALIEN_COPY_ATTR_LOOP		= 79B2, L: TEST
ALIEN_COPY_LOOP			= 799B, L: TEST
APBRANCH1			= 7CF9, L: TEST
APBRANCH2			= 7D3C, L: TEST
APBRANCH3			= 7D28, L: TEST
APBRANCH4			= 7D1F, L: TEST
APGET4BITS			= 7D11, L: TEST
APLOOP				= 7CFE, L: TEST
APLOOP0				= 7CFB, L: TEST
APSKIP2				= 7D5B, L: TEST
APSKIP3				= 7D64, L: TEST
APWRITEBYTE			= 7D1B, L: TEST
AP_FINISHUP			= 7D67, L: TEST
AP_FINISHUP2			= 7D6A, L: TEST
AP_GETBIT			= 7D7D, L: TEST
AP_GETGAMMA			= 7D89, L: TEST
AP_GETGAMMALOOP			= 7D8C, L: TEST
AP_R0_GAMMA			= 7D71, L: TEST
AVAILSHOOTS_LOOP		= 6823, L: TEST
BAR_OFF				= 6B2B, L: TEST
BAR_OFFLOOP			= 6B34, L: TEST
BAR_ONLOOP			= 6B22, L: TEST
BASE_GRAPHICS			= 6043, G: ZX82_CRT0
BEHAVENEMY_LOOP			= 746D, L: TEST
BEHAV_COMPLETE			= 7516, L: TEST
BEHAV_SKIP_EXPL			= 7486, L: TEST
BLINKLOOP			= 7B40, L: TEST
CALCSCREENPOS			= 6A21, L: TEST
CALCSCREENPOS_CHAR		= 6A4D, L: TEST
CALL_BEHAV			= 749C, L: TEST
CALL_FENEMY_BEHAV		= 74C3, L: TEST
CALL_MOVEENEMY			= 71AF, L: TEST
CALL_MOVEENEMYFOLLOW		= 7258, L: TEST
CALL_MOVEENEMYSHOOT		= 7204, L: TEST
CALL_MOVESHOOT			= 71D6, L: TEST
CALL_POWERUP			= 7286, L: TEST
CASE1_SKIP_SHOT1		= 6F42, L: TEST
CASE2_SKIP_SHOT2		= 6FAB, L: TEST
CASE5_SHOT2_NOT_CREATED		= 6E2D, L: TEST
CASE5_SHOT3_NOT_CREATED		= 6E51, L: TEST
CASE5_SHOT4_NOT_CREATED		= 6E75, L: TEST
CASE5_SHOT5_NOT_CREATED		= 6E97, L: TEST
CASE5_SHOT6_NOT_CREATED		= 6EB6, L: TEST
CASE5_SHOT7_NOT_CREATED		= 6ED7, L: TEST
CASE5_SHOT8_NOT_CREATED		= 6EFB, L: TEST
CASE5_SKIP_SHOT2		= 6E2E, L: TEST
CASE5_SKIP_SHOT4		= 6E76, L: TEST
CASE5_SKIP_SHOT6		= 6EB8, L: TEST
CASE5_SKIP_SHOT7		= 6ED8, L: TEST
CHEATHERE			= 6A80, L: TEST
CHECKIFCOUNTERIS60		= 67BC, L: TEST
CHECKSHOOTLOOP			= 6A9D, L: TEST
CHECKSHOOTS_LOOP		= 73C8, L: TEST
CLEANATTR			= 77C5, L: TEST
CLEANSCRC000			= 652E, L: TEST
CLEANUP				= 6030, G: ZX82_CRT0
CLEANUP_EXIT			= 6031, L: ZX82_CRT0
COLLISION			= 6A7B, L: TEST
CONTINUEINNER1			= 7CB1, L: TEST
CONTINUE_COLLISIONLOOP		= 6B0F, L: TEST
CONTINUE_LOOP_SHOOTS		= 7449, L: TEST
CONTINUE_LOOP_SUPERBOMB		= 6A17, L: TEST
CONT_LOOP_HITENEMY		= 69DB, L: TEST
COORDS				= 6041, G: ZX82_CRT0
DECOMPOSE_5DIGIT		= 62BE, L: TEST
DELAY_CONTINUE			= 7857, L: TEST
DEPACK				= 7CF6, L: TEST
DIV8				= 6A65, L: TEST
DIV8_LOOP			= 6A68, L: TEST
DIV8_NOADD			= 6A6F, L: TEST
DIVIDE_COMPLETED		= 62BC, L: TEST
DIVIDE_LARGE			= 62AF, L: TEST
DIVIDE_LOOP			= 62B3, L: TEST
DO_FOLLOW_MOVEMENT		= 7247, L: TEST
DRAWENEMY_LOOP			= 668C, L: TEST
DRAWSHOOTS_LOOP			= 6653, L: TEST
DRAW_POWERUPS			= 666F, L: TEST
ENDLEVEL_EXTRALIFE		= 74F0, L: TEST
ENDLOOP_ADDDE			= 6ADE, L: TEST
ENDLOOP_ADDDE2			= 6B07, L: TEST
END_BEHAV			= 7506, L: TEST
END_CHECK_CONTINUE		= 7862, L: TEST
ENEMYNOTEMPTY			= 6978, L: TEST
ENEMY_DEAD			= 7400, L: TEST
EXITCOUNT			= 6049, G: ZX82_CRT0
EXITSP				= 6047, G: ZX82_CRT0
EXTRALIFE			= 742F, L: TEST
FADEEGG_EQUAL			= 7928, L: TEST
FADEEGG_LOOPX			= 7921, L: TEST
FADEEGG_LOOPY			= 791D, L: TEST
FADEEGG_OUTERLOOP		= 790C, L: TEST
FADEMESSAGE_EQUAL		= 78F8, L: TEST
FADEMESSAGE_LOOPCOLOR		= 78E7, L: TEST
FADEMESSAGE_LOOPX		= 78F1, L: TEST
FADEMESSAGE_LOOPY		= 78E4, L: TEST
FADEOUT_EQUAL			= 795D, L: TEST
FADEOUT_LOOPX			= 7957, L: TEST
FADEOUT_LOOPY			= 7954, L: TEST
FADEOUT_OUTERLOOP		= 7946, L: TEST
FINALENEMY_BEHAVIOR		= 74AE, L: TEST
FINDEMPTYENEMY			= 68FD, L: TEST
FOUND_CASE3			= 6FE5, L: TEST
GOTOFIRST			= 68F7, L: TEST
HEAPBLOCKS			= 604C, G: ZX82_CRT0
HEAPLAST			= 604A, G: ZX82_CRT0
IGNORE_MOVE_POWERUP		= 7329, L: TEST
INITFENEMYLOOP			= 671A, L: TEST
INITFENEMYLOOP_PART2		= 67DE, L: TEST
INNERCLEANLOOP1			= 7CA5, L: TEST
INNERLOOPX_CHANGECOLOUR		= 7A68, L: TEST
INNERLOOPX_CHANGECOLOUR2	= 7AD4, L: TEST
INNERLOOPY_CHANGECOLOUR		= 7A66, L: TEST
INNERLOOPY_CHANGECOLOUR2	= 7AD2, L: TEST
INT_SEED			= 6045, G: ZX82_CRT0
I_100				= 7869, L: TEST
I_101				= 7889, L: TEST
I_102				= 7869, L: TEST
I_103				= 787A, L: TEST
I_104				= 787A, L: TEST
I_105				= 7889, L: TEST
I_106				= 78A4, L: TEST
I_107				= 78D7, L: TEST
I_108				= 78DF, L: TEST
I_109				= 79F3, L: TEST
I_110				= 79F3, L: TEST
I_111				= 7A04, L: TEST
I_112				= 7A04, L: TEST
I_113				= 7A13, L: TEST
I_118				= 7AFC, L: TEST
I_119				= 7B8D, L: TEST
I_120				= 7CF5, L: TEST
I_121				= 7CF2, L: TEST
I_122				= 7C11, L: TEST
I_123				= 7CF2, L: TEST
I_124				= 7C23, L: TEST
I_125				= 7CC4, L: TEST
I_126				= 7C4C, L: TEST
I_127				= 7CC1, L: TEST
I_128				= 7C81, L: TEST
I_129				= 7C78, L: TEST
I_130				= 7C72, L: TEST
I_131_I_130			= 7C75, L: TEST
I_132				= 7CD8, L: TEST
I_133				= 7CEF, L: TEST
I_25				= 6795, L: TEST
I_26				= 6816, L: TEST
I_27				= 6B3D, L: TEST
I_28				= 764B, L: TEST
I_29				= 70AF, L: TEST
I_30				= 6BF2, L: TEST
I_31				= 6BF9, L: TEST
I_32				= 6C82, L: TEST
I_33				= 6C1D, L: TEST
I_34				= 6C46, L: TEST
I_35				= 6C3B, L: TEST
I_36				= 6C46, L: TEST
I_37				= 6C5D, L: TEST
I_38				= 6C7F, L: TEST
I_39				= 6C74, L: TEST
I_40				= 6C7F, L: TEST
I_41				= 6D99, L: TEST
I_42				= 6CB0, L: TEST
I_43				= 6CA6, L: TEST
I_44				= 6D14, L: TEST
I_45				= 6CDF, L: TEST
I_46				= 6CD5, L: TEST
I_47				= 6D14, L: TEST
I_48				= 6CFD, L: TEST
I_49				= 6D14, L: TEST
I_50				= 6D14, L: TEST
I_51				= 6D3C, L: TEST
I_52				= 6D39, L: TEST
I_53				= 6D99, L: TEST
I_54				= 6D64, L: TEST
I_55				= 6D61, L: TEST
I_56				= 6D99, L: TEST
I_57				= 6D82, L: TEST
I_58				= 6D99, L: TEST
I_59				= 6D99, L: TEST
I_60				= 7081, L: TEST
I_61				= 707E, L: TEST
I_62				= 7062, L: TEST
I_63				= 7062, L: TEST
I_64				= 7077, L: TEST
I_65				= 707E, L: TEST
I_66				= 70AF, L: TEST
I_67				= 70A8, L: TEST
I_68				= 7092, L: TEST
I_69_I_68			= 7095, L: TEST
I_70				= 70EB, L: TEST
I_71				= 70E4, L: TEST
I_72				= 70EB, L: TEST
I_73				= 7127, L: TEST
I_74				= 7120, L: TEST
I_75				= 7127, L: TEST
I_76				= 7169, L: TEST
I_77				= 714C, L: TEST
I_79				= 7166, L: TEST
I_80				= 7174, L: TEST
I_81				= 7174, L: TEST
I_82				= 7337, L: TEST
I_83				= 73AA, L: TEST
I_84				= 73C0, L: TEST
I_85				= 7534, L: TEST
I_86				= 762C, L: TEST
I_87				= 758B, L: TEST
I_88				= 7621, L: TEST
I_89				= 75CB, L: TEST
I_90				= 7621, L: TEST
I_91				= 7609, L: TEST
I_92				= 7621, L: TEST
I_93				= 7648, L: TEST
I_94				= 7648, L: TEST
I_95				= 76A5, L: TEST
I_96				= 7791, L: TEST
I_97				= 77BE, L: TEST
I_98				= 780C, L: TEST
I_99				= 7816, L: TEST
LOOPWAIT			= 7941, L: TEST
LOOPWAIT2			= 7970, L: TEST
LOOP_ADDDE			= 6ADA, L: TEST
LOOP_ADDDE2			= 6B03, L: TEST
LOOP_BEHAV_CONTINUE		= 74A1, L: TEST
LOOP_CASE3			= 6FD8, L: TEST
LOOP_CHANGECOLOUR		= 7A3A, L: TEST
LOOP_CHANGECOLOUR2		= 7AA7, L: TEST
LOOP_ENEMY_CONTINUE		= 66BD, L: TEST
LOOP_ENEMY_SHOOT		= 66A5, L: TEST
LOOP_HITENEMY			= 69A5, L: TEST
LOOP_INCREMENT			= 7A9C, L: TEST
LOOP_MOVEFOLLOW_CONTINUE	= 725B, L: TEST
LOOP_MOVE_CONTINUE		= 720A, L: TEST
LOOP_MOVE_ENEMYSHOOT		= 71DE, L: TEST
LOOP_MOVE_SHOOT			= 71B7, L: TEST
LOOP_MULTIPLY_12		= 73E3, L: TEST
LOOP_SHOOTS			= 6668, L: TEST
LOOP_WAIT_CREDIT		= 782A, L: TEST
L_AND				= 7F6D, G: L_AND
L_ASL				= 7F74, G: L_ASL
L_ASL1				= 7F75, L: L_ASL
L_CMP				= 7F93, G: L_CMP
L_DCAL				= 603A, G: ZX82_CRT0
L_EQ				= 7F7A, G: L_EQ
L_GCHAR				= 7F82, G: L_GCHAR
L_GINT				= 7F88, G: L_GINT
L_GT				= 7F8D, G: L_GT
L_LNEG				= 7F9F, G: L_LNEG
L_LNEG1				= 7FA7, L: L_LNEG
L_LT				= 7FAA, G: L_LT
L_MULT				= 7FAF, G: L_MULT
L_MULT1				= 7FB6, L: L_MULT
L_MULT2				= 7FBD, L: L_MULT
L_NE				= 7FC0, G: L_NE
L_SXT				= 7FC7, G: L_SXT
L_SXT				= 7F83, L: L_GCHAR
L_UCMP				= 7FD1, G: L_UCMP
L_UGE				= 7FCC, G: L_UGE
L_UGT				= 7FD7, G: L_UGT
L_ULT				= 7FDB, G: L_ULT
MOVEENEMYFOLLOW_LOOP		= 722B, L: TEST
MOVEENEMY_LOOP			= 718E, L: TEST
NEXT_SEARCHENEMYSHOOT		= 68D6, L: TEST
NEXT_SEARCHSHOOT		= 687F, L: TEST
NODUPLICATEWYZPLAY		= 6B70, L: TEST
NOLEVEL7			= 7267, L: TEST
NONEWENEMY			= 68DD, L: TEST
NONEWSHOOT			= 6886, L: TEST
NOSCREENSWITCH			= 625B, L: TEST
NOSHOOTCOLLISION1		= 6AE9, L: TEST
NOUPDATELIFE			= 6BC8, L: TEST
NOUPDATESCORE			= 6BA0, L: TEST
NOUPDATESUPERB			= 6BB4, L: TEST
NO_OVERFLOW			= 6AC0, L: TEST
OUTERCLEANLOOP			= 7C9C, L: TEST
PAINTSHIP			= 7A89, L: TEST
PAINTSHIPFULL			= 7A2A, L: TEST
POSTLOOP			= 6A4B, L: TEST
POWERUP_MORE_FIREPOWER		= 7310, L: TEST
POWERUP_MORE_SUPERBOMBS		= 731D, L: TEST
PRINTLARGE4000_LOOP1		= 631E, L: TEST
PRINTLARGE4000_LOOP2		= 632D, L: TEST
PRINTLARGENUMBER		= 6281, L: TEST
PRINTLARGENUMBER_4000		= 6304, L: TEST
PRINTLARGE_2			= 62E6, L: TEST
PRINTLARGE_2_4000		= 6336, L: TEST
PRINTLARGE_5			= 6354, L: TEST
PRINTLARGE_LOOP1		= 6297, L: TEST
PRINTLARGE_LOOP2		= 62A6, L: TEST
PRINTNUMBER			= 63D4, L: TEST
PRINTNUMBER_4000		= 63F0, L: TEST
PRINTNUM_4000_LOOP		= 6409, L: TEST
PRINTNUM_LOOP			= 63E9, L: TEST
PRINTSMALL_5			= 6394, L: TEST
RENEWEXPLOSION_COUNTER		= 67AC, L: TEST
SAY_ASSEMBLED			= 7B2E, L: TEST
SAY_GENESIS			= 7B24, L: TEST
SAY_PRESSC			= 7804, L: TEST
SAY_PRESSFIRE			= 7811, L: TEST
SEARCHENEMYSHOOT_LOOP		= 68AA, L: TEST
SEARCHSHOOT_LOOP		= 684B, L: TEST
SHIFTLOOP			= 6A47, L: TEST
SHOOT_ACTIVE			= 6828, L: TEST
SHOT_CASE0			= 6F00, L: TEST
SHOT_CASE1			= 6F23, L: TEST
SHOT_CASE2			= 6F73, L: TEST
SHOT_CASE3			= 6FAE, L: TEST
SHOT_CASE4			= 6FF3, L: TEST
SHOT_CASE5			= 6DE3, L: TEST
SHOT_COMPLETED			= 7445, L: TEST
SHOT_ENDCASE			= 704B, L: TEST
SHOT_NOSHOOT			= 7047, L: TEST
SILLYLOOP			= 7B4E, L: TEST
SILLYLOOP2			= 7B5E, L: TEST
START				= 6018, L: ZX82_CRT0
START1				= 6036, L: ZX82_CRT0
STARTPAINT			= 7B33, L: TEST
STORE_FRAMES_FIRE_PRESSED	= 6DAE, L: TEST
SUPERBOMB_ENEMY_DEAD		= 6A0A, L: TEST
SUPERBOMB_LOOP			= 69F6, L: TEST
SUPERBOMB_SHOT_COMPLETED	= 6A1B, L: TEST
WAITFRAMESKIP			= 6B51, L: TEST
WAITLOOP_ENDGAME		= 7C89, L: TEST
WAITVBLANK			= 6B4C, L: TEST
YOU_CHEATER1			= 79D0, L: TEST
YOU_CHEATER2			= 79DA, L: TEST
YOU_CHEATER3			= 79E4, L: TEST
YOU_CHEATER4			= 79EE, L: TEST
_ACTIVATE_FINAL_ENEMY		= 66C8, G: TEST
_ACTIVE_ENEMIES			= 7D9B, G: TEST
_AVAILABLE_SUPERBOMBS		= 7E22, G: TEST
_AVAILSHOOTS			= 6817, G: TEST
_BEHAVIOR_FUNCS			= 7F3B, G: BEHAVIOR
_BEHAVIOR_TYPES			= 6146, G: TEST
_BLINK_COLOR			= 7E28, G: TEST
_BLINK_HEIGHT			= 7A25, G: TEST
_BLINK_STARTX			= 7A16, G: TEST
_BLINK_STARTY			= 7A1B, G: TEST
_BLINK_WIDTH			= 7A20, G: TEST
_BORDER_COLOR			= 7E3B, G: TEST
_CHECKSHIPCOLLISION		= 6A76, G: TEST
_CHECKSHOOTCOLLISION		= 6A85, G: TEST
_CLEAN_SCREEN			= 654B, G: TEST
_CREDIT_COUNTER			= 7F01, G: TEST
_CURLEVEL_NTILES		= 7F04, G: TEST
_CURLEVEL_XLENGTH		= 7E3E, G: TEST
_CURRENT_LEVEL			= 7EFF, G: TEST
_CURRENT_SCREEN			= 7E10, G: TEST
_CURRENT_WEAPON			= 7E23, G: TEST
_CURRENT_WEAPON_ENERGY		= 7E39, G: TEST
_CURRENT_WEAPON_SPRITE		= 7E3C, G: TEST
_DO_SUPERBOMB			= 69E9, G: TEST
_DRAWENEMIES			= 6682, G: TEST
_DRAWGAMEMAP			= 65F4, G: TEST
_DRAWSHIP			= 6621, G: TEST
_DUMMY_B			= 7E15, G: TEST
_DUMMY_I			= 7E17, G: TEST
_END_GAME			= 7E04, G: TEST
_ENEMY_ACTIVE_SHOOTS		= 7E9F, G: TEST
_ENEMY_ADDRESS			= 6068, G: TEST
_ENEMY_LOCATIONS		= 61E8, G: TEST
_ENEMY_SCORE			= 60FC, G: TEST
_ENEMY_SPRITES			= 60D1, G: TEST
_FENEMY_ACTIVATION_COUNTER	= 7F02, G: TEST
_FENEMY_BEHAVIOR_FUNCS		= 7F5F, G: BEHAVIOR
_FENEMY_DEFEAT			= 7D9A, G: TEST
_FINALENEMY_ADDRESS		= 6076, G: TEST
_FINALENEMY_MUSIC		= 6178, G: TEST
_FINALENEMY_SPRITES		= 6127, G: TEST
_FINALSPR			= 6092, G: TEST
_FINALSPR_COUNT			= 60A0, G: TEST
_FINAL_ENEMY_ACTIVE		= 7DFC, G: TEST
_FINAL_ENEMY_COMPONENTS		= 7E0B, G: TEST
_FRAMESKIP_COUNTER		= 7F03, G: TEST
_FRAMES_FIRE_PRESSED		= 7E3D, G: TEST
_FRAMES_TO_SHOOT		= 7DFB, G: TEST
_FXCHANNEL_MUSIC		= 617F, G: TEST
_GAMEISR			= 623D, G: TEST
_GAMELOOP			= 6B3D, G: TEST
_GAMEOVER			= 77D3, G: TEST
_HAPPYEND			= 7890, G: TEST
_HISCORE			= 7E07, G: TEST
_INERTIA_CHEAT			= 7E14, G: TEST
_INIT_LEVEL			= 764C, G: TEST
_INT_POINTER			= 7E09, G: TEST
_JOY				= 7E21, G: TEST
_JOYSTICK_TYPE			= 7E37, G: TEST
_KEYS				= 61DE, G: TEST
_LENGTH_MAP			= 7E0E, G: TEST
_LENGTH_TILES			= 7E02, G: TEST
_LEVELCOLORS			= 60AE, G: TEST
_LEVELSPRITES			= 6084, G: TEST
_LEVEL_ADDRESS			= 605A, G: TEST
_LEVEL_CHECKPOINTS		= 60B5, G: TEST
_LEVEL_COLOR			= 7D99, G: TEST
_LEVEL_MUSIC			= 6171, G: TEST
_LEVEL_POINTER			= 7E05, G: TEST
_LIFE_COUNTER			= 7E1E, G: TEST
_LOADSPRBLOCK			= 6410, G: TEST
_LOAD_BACKGROUND		= 6563, G: TEST
_LOAD_LEVEL			= 646D, G: TEST
_MAIN				= 7B67, G: TEST
_MAP_DISPLACEMENT		= 7E27, G: TEST
_MAP_XPOS			= 7E3A, G: TEST
_MAX_SHOOTS			= 7DFD, G: TEST
_MAYDAY				= 7DFF, G: TEST
_MOVEMENT_FUNCS			= 7F05, G: MOVEMENT
_MY_ACTIVE_SHOOTS		= 7E3F, G: TEST
_NEWENEMY			= 68E1, G: TEST
_NEWENEMYSHOOT			= 6892, G: TEST
_NEWENEMYSHOOT_FX		= 688A, L: TEST
_NEWSHOOT			= 6830, G: TEST
_NEW_ENEMY			= 7E12, G: TEST
_NEXT_EXTRALIFE			= 7E0C, G: TEST
_NUMBERS			= 7E19, G: TEST
_NUMBER_FONT			= 618E, G: TEST
_POWER_UP			= 7E2B, G: TEST
_PREVIOUS_LEVEL			= 7E24, G: TEST
_READ_JOYSTICK			= 61EA, G: TEST
_RESPAWN_XPOS			= 7E11, G: TEST
_SCORE				= 7E29, G: TEST
_SHIP0SPR			= 7DFE, G: TEST
_SHIP_X				= 7E25, G: TEST
_SHIP_Y				= 7E26, G: TEST
_SHOOT_ENERGY			= 6134, G: TEST
_SHOOT_HITS_ENEMY		= 6987, G: TEST
_SHOOT_MAX_NUMBER		= 613A, G: TEST
_SHOOT_SPEED			= 6140, G: TEST
_SHOOT_SPRITES			= 612E, G: TEST
_SHOOT_XCHAR			= 7E13, G: TEST
_SHOOT_YCHAR			= 7E16, G: TEST
_SHOWBOMBBAR			= 6B1A, G: TEST
_SHOW_GENESIS_PIECES		= 7AE8, G: TEST
_SOUND_SELECTION		= 7F00, G: TEST
_SPEED_X			= 7E1F, G: TEST
_SPEED_Y			= 7E20, G: TEST
_UPDATE_LIFE			= 7E00, G: TEST
_UPDATE_SCORE			= 7E38, G: TEST
_UPDATE_SUPERB			= 7E01, G: TEST
_VFPRINTF			= 6041, G: ZX82_CRT0
_WYZ_EFFECT			= 6220, G: TEST
_WYZ_LOAD_MUSIC			= 61F5, G: TEST
_WYZ_PLAY			= 621C, G: TEST
_WYZ_STOP_MUSIC			= 6215, G: TEST
__SGOIOBLK			= 603B, G: ZX82_CRT0


START				= 6018, L: ZX82_CRT0
CLEANUP				= 6030, G: ZX82_CRT0
CLEANUP_EXIT			= 6031, L: ZX82_CRT0
START1				= 6036, L: ZX82_CRT0
L_DCAL				= 603A, G: ZX82_CRT0
__SGOIOBLK			= 603B, G: ZX82_CRT0
_VFPRINTF			= 6041, G: ZX82_CRT0
COORDS				= 6041, G: ZX82_CRT0
BASE_GRAPHICS			= 6043, G: ZX82_CRT0
INT_SEED			= 6045, G: ZX82_CRT0
EXITSP				= 6047, G: ZX82_CRT0
EXITCOUNT			= 6049, G: ZX82_CRT0
HEAPLAST			= 604A, G: ZX82_CRT0
HEAPBLOCKS			= 604C, G: ZX82_CRT0
_LEVEL_ADDRESS			= 605A, G: TEST
_ENEMY_ADDRESS			= 6068, G: TEST
_FINALENEMY_ADDRESS		= 6076, G: TEST
_LEVELSPRITES			= 6084, G: TEST
_FINALSPR			= 6092, G: TEST
_FINALSPR_COUNT			= 60A0, G: TEST
_LEVELCOLORS			= 60AE, G: TEST
_LEVEL_CHECKPOINTS		= 60B5, G: TEST
_ENEMY_SPRITES			= 60D1, G: TEST
_ENEMY_SCORE			= 60FC, G: TEST
_FINALENEMY_SPRITES		= 6127, G: TEST
_SHOOT_SPRITES			= 612E, G: TEST
_SHOOT_ENERGY			= 6134, G: TEST
_SHOOT_MAX_NUMBER		= 613A, G: TEST
_SHOOT_SPEED			= 6140, G: TEST
_BEHAVIOR_TYPES			= 6146, G: TEST
_LEVEL_MUSIC			= 6171, G: TEST
_FINALENEMY_MUSIC		= 6178, G: TEST
_FXCHANNEL_MUSIC		= 617F, G: TEST
_NUMBER_FONT			= 618E, G: TEST
_KEYS				= 61DE, G: TEST
_ENEMY_LOCATIONS		= 61E8, G: TEST
_READ_JOYSTICK			= 61EA, G: TEST
_WYZ_LOAD_MUSIC			= 61F5, G: TEST
_WYZ_STOP_MUSIC			= 6215, G: TEST
_WYZ_PLAY			= 621C, G: TEST
_WYZ_EFFECT			= 6220, G: TEST
_GAMEISR			= 623D, G: TEST
NOSCREENSWITCH			= 625B, L: TEST
PRINTLARGENUMBER		= 6281, L: TEST
PRINTLARGE_LOOP1		= 6297, L: TEST
PRINTLARGE_LOOP2		= 62A6, L: TEST
DIVIDE_LARGE			= 62AF, L: TEST
DIVIDE_LOOP			= 62B3, L: TEST
DIVIDE_COMPLETED		= 62BC, L: TEST
DECOMPOSE_5DIGIT		= 62BE, L: TEST
PRINTLARGE_2			= 62E6, L: TEST
PRINTLARGENUMBER_4000		= 6304, L: TEST
PRINTLARGE4000_LOOP1		= 631E, L: TEST
PRINTLARGE4000_LOOP2		= 632D, L: TEST
PRINTLARGE_2_4000		= 6336, L: TEST
PRINTLARGE_5			= 6354, L: TEST
PRINTSMALL_5			= 6394, L: TEST
PRINTNUMBER			= 63D4, L: TEST
PRINTNUM_LOOP			= 63E9, L: TEST
PRINTNUMBER_4000		= 63F0, L: TEST
PRINTNUM_4000_LOOP		= 6409, L: TEST
_LOADSPRBLOCK			= 6410, G: TEST
_LOAD_LEVEL			= 646D, G: TEST
CLEANSCRC000			= 652E, L: TEST
_CLEAN_SCREEN			= 654B, G: TEST
_LOAD_BACKGROUND		= 6563, G: TEST
_DRAWGAMEMAP			= 65F4, G: TEST
_DRAWSHIP			= 6621, G: TEST
DRAWSHOOTS_LOOP			= 6653, L: TEST
LOOP_SHOOTS			= 6668, L: TEST
DRAW_POWERUPS			= 666F, L: TEST
_DRAWENEMIES			= 6682, G: TEST
DRAWENEMY_LOOP			= 668C, L: TEST
LOOP_ENEMY_SHOOT		= 66A5, L: TEST
LOOP_ENEMY_CONTINUE		= 66BD, L: TEST
_ACTIVATE_FINAL_ENEMY		= 66C8, G: TEST
INITFENEMYLOOP			= 671A, L: TEST
I_25				= 6795, L: TEST
RENEWEXPLOSION_COUNTER		= 67AC, L: TEST
CHECKIFCOUNTERIS60		= 67BC, L: TEST
INITFENEMYLOOP_PART2		= 67DE, L: TEST
I_26				= 6816, L: TEST
_AVAILSHOOTS			= 6817, G: TEST
AVAILSHOOTS_LOOP		= 6823, L: TEST
SHOOT_ACTIVE			= 6828, L: TEST
_NEWSHOOT			= 6830, G: TEST
SEARCHSHOOT_LOOP		= 684B, L: TEST
NEXT_SEARCHSHOOT		= 687F, L: TEST
NONEWSHOOT			= 6886, L: TEST
_NEWENEMYSHOOT_FX		= 688A, L: TEST
_NEWENEMYSHOOT			= 6892, G: TEST
SEARCHENEMYSHOOT_LOOP		= 68AA, L: TEST
NEXT_SEARCHENEMYSHOOT		= 68D6, L: TEST
NONEWENEMY			= 68DD, L: TEST
_NEWENEMY			= 68E1, G: TEST
GOTOFIRST			= 68F7, L: TEST
FINDEMPTYENEMY			= 68FD, L: TEST
ENEMYNOTEMPTY			= 6978, L: TEST
_SHOOT_HITS_ENEMY		= 6987, G: TEST
LOOP_HITENEMY			= 69A5, L: TEST
CONT_LOOP_HITENEMY		= 69DB, L: TEST
_DO_SUPERBOMB			= 69E9, G: TEST
SUPERBOMB_LOOP			= 69F6, L: TEST
SUPERBOMB_ENEMY_DEAD		= 6A0A, L: TEST
CONTINUE_LOOP_SUPERBOMB		= 6A17, L: TEST
SUPERBOMB_SHOT_COMPLETED	= 6A1B, L: TEST
CALCSCREENPOS			= 6A21, L: TEST
SHIFTLOOP			= 6A47, L: TEST
POSTLOOP			= 6A4B, L: TEST
CALCSCREENPOS_CHAR		= 6A4D, L: TEST
DIV8				= 6A65, L: TEST
DIV8_LOOP			= 6A68, L: TEST
DIV8_NOADD			= 6A6F, L: TEST
_CHECKSHIPCOLLISION		= 6A76, G: TEST
COLLISION			= 6A7B, L: TEST
CHEATHERE			= 6A80, L: TEST
_CHECKSHOOTCOLLISION		= 6A85, G: TEST
CHECKSHOOTLOOP			= 6A9D, L: TEST
NO_OVERFLOW			= 6AC0, L: TEST
LOOP_ADDDE			= 6ADA, L: TEST
ENDLOOP_ADDDE			= 6ADE, L: TEST
NOSHOOTCOLLISION1		= 6AE9, L: TEST
LOOP_ADDDE2			= 6B03, L: TEST
ENDLOOP_ADDDE2			= 6B07, L: TEST
CONTINUE_COLLISIONLOOP		= 6B0F, L: TEST
_SHOWBOMBBAR			= 6B1A, G: TEST
BAR_ONLOOP			= 6B22, L: TEST
BAR_OFF				= 6B2B, L: TEST
BAR_OFFLOOP			= 6B34, L: TEST
_GAMELOOP			= 6B3D, G: TEST
I_27				= 6B3D, L: TEST
WAITVBLANK			= 6B4C, L: TEST
WAITFRAMESKIP			= 6B51, L: TEST
NODUPLICATEWYZPLAY		= 6B70, L: TEST
NOUPDATESCORE			= 6BA0, L: TEST
NOUPDATESUPERB			= 6BB4, L: TEST
NOUPDATELIFE			= 6BC8, L: TEST
I_30				= 6BF2, L: TEST
I_31				= 6BF9, L: TEST
I_33				= 6C1D, L: TEST
I_35				= 6C3B, L: TEST
I_36				= 6C46, L: TEST
I_34				= 6C46, L: TEST
I_37				= 6C5D, L: TEST
I_39				= 6C74, L: TEST
I_40				= 6C7F, L: TEST
I_38				= 6C7F, L: TEST
I_32				= 6C82, L: TEST
I_43				= 6CA6, L: TEST
I_42				= 6CB0, L: TEST
I_46				= 6CD5, L: TEST
I_45				= 6CDF, L: TEST
I_48				= 6CFD, L: TEST
I_47				= 6D14, L: TEST
I_49				= 6D14, L: TEST
I_50				= 6D14, L: TEST
I_44				= 6D14, L: TEST
I_52				= 6D39, L: TEST
I_51				= 6D3C, L: TEST
I_55				= 6D61, L: TEST
I_54				= 6D64, L: TEST
I_57				= 6D82, L: TEST
I_59				= 6D99, L: TEST
I_58				= 6D99, L: TEST
I_56				= 6D99, L: TEST
I_53				= 6D99, L: TEST
I_41				= 6D99, L: TEST
STORE_FRAMES_FIRE_PRESSED	= 6DAE, L: TEST
SHOT_CASE5			= 6DE3, L: TEST
CASE5_SHOT2_NOT_CREATED		= 6E2D, L: TEST
CASE5_SKIP_SHOT2		= 6E2E, L: TEST
CASE5_SHOT3_NOT_CREATED		= 6E51, L: TEST
CASE5_SHOT4_NOT_CREATED		= 6E75, L: TEST
CASE5_SKIP_SHOT4		= 6E76, L: TEST
CASE5_SHOT5_NOT_CREATED		= 6E97, L: TEST
CASE5_SHOT6_NOT_CREATED		= 6EB6, L: TEST
CASE5_SKIP_SHOT6		= 6EB8, L: TEST
CASE5_SHOT7_NOT_CREATED		= 6ED7, L: TEST
CASE5_SKIP_SHOT7		= 6ED8, L: TEST
CASE5_SHOT8_NOT_CREATED		= 6EFB, L: TEST
SHOT_CASE0			= 6F00, L: TEST
SHOT_CASE1			= 6F23, L: TEST
CASE1_SKIP_SHOT1		= 6F42, L: TEST
SHOT_CASE2			= 6F73, L: TEST
CASE2_SKIP_SHOT2		= 6FAB, L: TEST
SHOT_CASE3			= 6FAE, L: TEST
LOOP_CASE3			= 6FD8, L: TEST
FOUND_CASE3			= 6FE5, L: TEST
SHOT_CASE4			= 6FF3, L: TEST
SHOT_NOSHOOT			= 7047, L: TEST
SHOT_ENDCASE			= 704B, L: TEST
I_63				= 7062, L: TEST
I_62				= 7062, L: TEST
I_64				= 7077, L: TEST
I_65				= 707E, L: TEST
I_61				= 707E, L: TEST
I_60				= 7081, L: TEST
I_68				= 7092, L: TEST
I_69_I_68			= 7095, L: TEST
I_67				= 70A8, L: TEST
I_66				= 70AF, L: TEST
I_29				= 70AF, L: TEST
I_71				= 70E4, L: TEST
I_72				= 70EB, L: TEST
I_70				= 70EB, L: TEST
I_74				= 7120, L: TEST
I_75				= 7127, L: TEST
I_73				= 7127, L: TEST
I_77				= 714C, L: TEST
I_79				= 7166, L: TEST
I_76				= 7169, L: TEST
I_80				= 7174, L: TEST
I_81				= 7174, L: TEST
MOVEENEMY_LOOP			= 718E, L: TEST
CALL_MOVEENEMY			= 71AF, L: TEST
LOOP_MOVE_SHOOT			= 71B7, L: TEST
CALL_MOVESHOOT			= 71D6, L: TEST
LOOP_MOVE_ENEMYSHOOT		= 71DE, L: TEST
CALL_MOVEENEMYSHOOT		= 7204, L: TEST
LOOP_MOVE_CONTINUE		= 720A, L: TEST
MOVEENEMYFOLLOW_LOOP		= 722B, L: TEST
DO_FOLLOW_MOVEMENT		= 7247, L: TEST
CALL_MOVEENEMYFOLLOW		= 7258, L: TEST
LOOP_MOVEFOLLOW_CONTINUE	= 725B, L: TEST
NOLEVEL7			= 7267, L: TEST
CALL_POWERUP			= 7286, L: TEST
POWERUP_MORE_FIREPOWER		= 7310, L: TEST
POWERUP_MORE_SUPERBOMBS		= 731D, L: TEST
IGNORE_MOVE_POWERUP		= 7329, L: TEST
I_82				= 7337, L: TEST
I_83				= 73AA, L: TEST
I_84				= 73C0, L: TEST
CHECKSHOOTS_LOOP		= 73C8, L: TEST
LOOP_MULTIPLY_12		= 73E3, L: TEST
ENEMY_DEAD			= 7400, L: TEST
EXTRALIFE			= 742F, L: TEST
SHOT_COMPLETED			= 7445, L: TEST
CONTINUE_LOOP_SHOOTS		= 7449, L: TEST
BEHAVENEMY_LOOP			= 746D, L: TEST
BEHAV_SKIP_EXPL			= 7486, L: TEST
CALL_BEHAV			= 749C, L: TEST
LOOP_BEHAV_CONTINUE		= 74A1, L: TEST
FINALENEMY_BEHAVIOR		= 74AE, L: TEST
CALL_FENEMY_BEHAV		= 74C3, L: TEST
ENDLEVEL_EXTRALIFE		= 74F0, L: TEST
END_BEHAV			= 7506, L: TEST
BEHAV_COMPLETE			= 7516, L: TEST
I_85				= 7534, L: TEST
I_87				= 758B, L: TEST
I_89				= 75CB, L: TEST
I_91				= 7609, L: TEST
I_88				= 7621, L: TEST
I_92				= 7621, L: TEST
I_90				= 7621, L: TEST
I_86				= 762C, L: TEST
I_94				= 7648, L: TEST
I_93				= 7648, L: TEST
I_28				= 764B, L: TEST
_INIT_LEVEL			= 764C, G: TEST
I_95				= 76A5, L: TEST
I_96				= 7791, L: TEST
I_97				= 77BE, L: TEST
CLEANATTR			= 77C5, L: TEST
_GAMEOVER			= 77D3, G: TEST
SAY_PRESSC			= 7804, L: TEST
I_98				= 780C, L: TEST
SAY_PRESSFIRE			= 7811, L: TEST
I_99				= 7816, L: TEST
LOOP_WAIT_CREDIT		= 782A, L: TEST
DELAY_CONTINUE			= 7857, L: TEST
END_CHECK_CONTINUE		= 7862, L: TEST
I_100				= 7869, L: TEST
I_102				= 7869, L: TEST
I_104				= 787A, L: TEST
I_103				= 787A, L: TEST
I_105				= 7889, L: TEST
I_101				= 7889, L: TEST
_HAPPYEND			= 7890, G: TEST
I_106				= 78A4, L: TEST
I_107				= 78D7, L: TEST
I_108				= 78DF, L: TEST
FADEMESSAGE_LOOPY		= 78E4, L: TEST
FADEMESSAGE_LOOPCOLOR		= 78E7, L: TEST
FADEMESSAGE_LOOPX		= 78F1, L: TEST
FADEMESSAGE_EQUAL		= 78F8, L: TEST
FADEEGG_OUTERLOOP		= 790C, L: TEST
FADEEGG_LOOPY			= 791D, L: TEST
FADEEGG_LOOPX			= 7921, L: TEST
FADEEGG_EQUAL			= 7928, L: TEST
LOOPWAIT			= 7941, L: TEST
FADEOUT_OUTERLOOP		= 7946, L: TEST
FADEOUT_LOOPY			= 7954, L: TEST
FADEOUT_LOOPX			= 7957, L: TEST
FADEOUT_EQUAL			= 795D, L: TEST
LOOPWAIT2			= 7970, L: TEST
ALIEN_COPY_LOOP			= 799B, L: TEST
ALIEN_COPY_ATTR_LOOP		= 79B2, L: TEST
YOU_CHEATER1			= 79D0, L: TEST
YOU_CHEATER2			= 79DA, L: TEST
YOU_CHEATER3			= 79E4, L: TEST
YOU_CHEATER4			= 79EE, L: TEST
I_110				= 79F3, L: TEST
I_109				= 79F3, L: TEST
I_112				= 7A04, L: TEST
I_111				= 7A04, L: TEST
I_113				= 7A13, L: TEST
_BLINK_STARTX			= 7A16, G: TEST
_BLINK_STARTY			= 7A1B, G: TEST
_BLINK_WIDTH			= 7A20, G: TEST
_BLINK_HEIGHT			= 7A25, G: TEST
PAINTSHIPFULL			= 7A2A, L: TEST
LOOP_CHANGECOLOUR		= 7A3A, L: TEST
INNERLOOPY_CHANGECOLOUR		= 7A66, L: TEST
INNERLOOPX_CHANGECOLOUR		= 7A68, L: TEST
PAINTSHIP			= 7A89, L: TEST
LOOP_INCREMENT			= 7A9C, L: TEST
LOOP_CHANGECOLOUR2		= 7AA7, L: TEST
INNERLOOPY_CHANGECOLOUR2	= 7AD2, L: TEST
INNERLOOPX_CHANGECOLOUR2	= 7AD4, L: TEST
_SHOW_GENESIS_PIECES		= 7AE8, G: TEST
I_118				= 7AFC, L: TEST
SAY_GENESIS			= 7B24, L: TEST
SAY_ASSEMBLED			= 7B2E, L: TEST
STARTPAINT			= 7B33, L: TEST
BLINKLOOP			= 7B40, L: TEST
SILLYLOOP			= 7B4E, L: TEST
SILLYLOOP2			= 7B5E, L: TEST
_MAIN				= 7B67, G: TEST
I_119				= 7B8D, L: TEST
I_122				= 7C11, L: TEST
I_124				= 7C23, L: TEST
I_126				= 7C4C, L: TEST
I_130				= 7C72, L: TEST
I_131_I_130			= 7C75, L: TEST
I_129				= 7C78, L: TEST
I_128				= 7C81, L: TEST
WAITLOOP_ENDGAME		= 7C89, L: TEST
OUTERCLEANLOOP			= 7C9C, L: TEST
INNERCLEANLOOP1			= 7CA5, L: TEST
CONTINUEINNER1			= 7CB1, L: TEST
I_127				= 7CC1, L: TEST
I_125				= 7CC4, L: TEST
I_132				= 7CD8, L: TEST
I_133				= 7CEF, L: TEST
I_123				= 7CF2, L: TEST
I_121				= 7CF2, L: TEST
I_120				= 7CF5, L: TEST
DEPACK				= 7CF6, L: TEST
APBRANCH1			= 7CF9, L: TEST
APLOOP0				= 7CFB, L: TEST
APLOOP				= 7CFE, L: TEST
APGET4BITS			= 7D11, L: TEST
APWRITEBYTE			= 7D1B, L: TEST
APBRANCH4			= 7D1F, L: TEST
APBRANCH3			= 7D28, L: TEST
APBRANCH2			= 7D3C, L: TEST
APSKIP2				= 7D5B, L: TEST
APSKIP3				= 7D64, L: TEST
AP_FINISHUP			= 7D67, L: TEST
AP_FINISHUP2			= 7D6A, L: TEST
AP_R0_GAMMA			= 7D71, L: TEST
AP_GETBIT			= 7D7D, L: TEST
AP_GETGAMMA			= 7D89, L: TEST
AP_GETGAMMALOOP			= 7D8C, L: TEST
_LEVEL_COLOR			= 7D99, G: TEST
_FENEMY_DEFEAT			= 7D9A, G: TEST
_ACTIVE_ENEMIES			= 7D9B, G: TEST
_FRAMES_TO_SHOOT		= 7DFB, G: TEST
_FINAL_ENEMY_ACTIVE		= 7DFC, G: TEST
_MAX_SHOOTS			= 7DFD, G: TEST
_SHIP0SPR			= 7DFE, G: TEST
_MAYDAY				= 7DFF, G: TEST
_UPDATE_LIFE			= 7E00, G: TEST
_UPDATE_SUPERB			= 7E01, G: TEST
_LENGTH_TILES			= 7E02, G: TEST
_END_GAME			= 7E04, G: TEST
_LEVEL_POINTER			= 7E05, G: TEST
_HISCORE			= 7E07, G: TEST
_INT_POINTER			= 7E09, G: TEST
_FINAL_ENEMY_COMPONENTS		= 7E0B, G: TEST
_NEXT_EXTRALIFE			= 7E0C, G: TEST
_LENGTH_MAP			= 7E0E, G: TEST
_CURRENT_SCREEN			= 7E10, G: TEST
_RESPAWN_XPOS			= 7E11, G: TEST
_NEW_ENEMY			= 7E12, G: TEST
_SHOOT_XCHAR			= 7E13, G: TEST
_INERTIA_CHEAT			= 7E14, G: TEST
_DUMMY_B			= 7E15, G: TEST
_SHOOT_YCHAR			= 7E16, G: TEST
_DUMMY_I			= 7E17, G: TEST
_NUMBERS			= 7E19, G: TEST
_LIFE_COUNTER			= 7E1E, G: TEST
_SPEED_X			= 7E1F, G: TEST
_SPEED_Y			= 7E20, G: TEST
_JOY				= 7E21, G: TEST
_AVAILABLE_SUPERBOMBS		= 7E22, G: TEST
_CURRENT_WEAPON			= 7E23, G: TEST
_PREVIOUS_LEVEL			= 7E24, G: TEST
_SHIP_X				= 7E25, G: TEST
_SHIP_Y				= 7E26, G: TEST
_MAP_DISPLACEMENT		= 7E27, G: TEST
_BLINK_COLOR			= 7E28, G: TEST
_SCORE				= 7E29, G: TEST
_POWER_UP			= 7E2B, G: TEST
_JOYSTICK_TYPE			= 7E37, G: TEST
_UPDATE_SCORE			= 7E38, G: TEST
_CURRENT_WEAPON_ENERGY		= 7E39, G: TEST
_MAP_XPOS			= 7E3A, G: TEST
_BORDER_COLOR			= 7E3B, G: TEST
_CURRENT_WEAPON_SPRITE		= 7E3C, G: TEST
_FRAMES_FIRE_PRESSED		= 7E3D, G: TEST
_CURLEVEL_XLENGTH		= 7E3E, G: TEST
_MY_ACTIVE_SHOOTS		= 7E3F, G: TEST
_ENEMY_ACTIVE_SHOOTS		= 7E9F, G: TEST
_CURRENT_LEVEL			= 7EFF, G: TEST
_SOUND_SELECTION		= 7F00, G: TEST
_CREDIT_COUNTER			= 7F01, G: TEST
_FENEMY_ACTIVATION_COUNTER	= 7F02, G: TEST
_FRAMESKIP_COUNTER		= 7F03, G: TEST
_CURLEVEL_NTILES		= 7F04, G: TEST
_MOVEMENT_FUNCS			= 7F05, G: MOVEMENT
_BEHAVIOR_FUNCS			= 7F3B, G: BEHAVIOR
_FENEMY_BEHAVIOR_FUNCS		= 7F5F, G: BEHAVIOR
L_AND				= 7F6D, G: L_AND
L_ASL				= 7F74, G: L_ASL
L_ASL1				= 7F75, L: L_ASL
L_EQ				= 7F7A, G: L_EQ
L_GCHAR				= 7F82, G: L_GCHAR
L_SXT				= 7F83, L: L_GCHAR
L_GINT				= 7F88, G: L_GINT
L_GT				= 7F8D, G: L_GT
L_CMP				= 7F93, G: L_CMP
L_LNEG				= 7F9F, G: L_LNEG
L_LNEG1				= 7FA7, L: L_LNEG
L_LT				= 7FAA, G: L_LT
L_MULT				= 7FAF, G: L_MULT
L_MULT1				= 7FB6, L: L_MULT
L_MULT2				= 7FBD, L: L_MULT
L_NE				= 7FC0, G: L_NE
L_SXT				= 7FC7, G: L_SXT
L_UGE				= 7FCC, G: L_UGE
L_UCMP				= 7FD1, G: L_UCMP
L_UGT				= 7FD7, G: L_UGT
L_ULT				= 7FDB, G: L_ULT
