TAR__clib_malloc_heap_size      = $FFFFFFFF ; L zcc2F513
CLIB_MALLOC_HEAP_SIZE           = $0000 ; L zcc2F513
CLIB_OPT_STDIO                  = $0000 ; L zcc2F513
CLIB_STDIO_HEAP_SIZE            = $0000 ; L zcc2F513
IOCTL_RESET                     = $0000 ; G zcc2F513
STDIO_SEEK_SET                  = $0000 ; G zcc2F513
TAR__clib_balloc_table_size     = $0000 ; L zcc2F513
TAR__clib_exit_stack_size       = $0000 ; L zcc2F513
TAR__clib_fopen_max             = $0000 ; L zcc2F513
TAR__clib_open_max              = $0000 ; L zcc2F513
TAR__clib_quickexit_stack_size  = $0000 ; L zcc2F513
TAR__crt_enable_commandline     = $0000 ; L zcc2F513
TAR__crt_enable_nmi             = $0000 ; L zcc2F513
TAR__crt_enable_restart         = $0000 ; L zcc2F513
TAR__crt_enable_rst             = $0000 ; L zcc2F513
TAR__crt_include_preamble       = $0000 ; L zcc2F513
TAR__crt_initialize_bss         = $0000 ; L zcc2F513
TAR__crt_model                  = $0000 ; L zcc2F513
TAR__crt_org_bss                = $0000 ; L zcc2F513
TAR__crt_org_data               = $0000 ; L zcc2F513
__BSS_END_size                  = $0000 ; G 
__BSS_UNINITIALIZED_size        = $0000 ; G 
__CODE_END_size                 = $0000 ; G 
__CRTDEF                        = $0000 ; L zcc2F513
__DATA_END_size                 = $0000 ; G 
__EOK                           = $0000 ; G zcc2F513
__MMAP                          = $0000 ; L zcc2F513
__bss_alloc_balloc_size         = $0000 ; G 
__bss_alloc_malloc_size         = $0000 ; G 
__bss_arch_size                 = $0000 ; G 
__bss_clib_size                 = $0000 ; G 
__bss_compress_aplib_size       = $0000 ; G 
__bss_driver_size               = $0000 ; G 
__bss_error_size                = $0000 ; G 
__bss_fcntl_size                = $0000 ; G 
__bss_font_size                 = $0000 ; G 
__bss_input_size                = $0000 ; G 
__bss_lib_size                  = $0000 ; G 
__bss_sound_bit_size            = $0000 ; G 
__bss_string_size               = $0000 ; G 
__bss_user_size                 = $0000 ; G 
__clib_balloc_table_size        = $0000 ; L zcc2F513
__clib_exit_stack_size          = $0000 ; L zcc2F513
__clib_fopen_max                = $0000 ; L zcc2F513
__clib_malloc_heap_size         = $0000 ; L zcc2F513
__clib_open_max                 = $0000 ; L zcc2F513
__clib_quickexit_stack_size     = $0000 ; L zcc2F513
__clib_stdio_heap_size          = $0000 ; L zcc2F513
__code_adt_b_array_size         = $0000 ; G 
__code_adt_b_vector_size        = $0000 ; G 
__code_adt_ba_priority_queue_size = $0000 ; G 
__code_adt_ba_stack_size        = $0000 ; G 
__code_adt_bv_priority_queue_size = $0000 ; G 
__code_adt_bv_stack_size        = $0000 ; G 
__code_adt_p_forward_list_alt_size = $0000 ; G 
__code_adt_p_forward_list_size  = $0000 ; G 
__code_adt_p_list_size          = $0000 ; G 
__code_adt_p_queue_size         = $0000 ; G 
__code_adt_p_stack_size         = $0000 ; G 
__code_adt_w_array_size         = $0000 ; G 
__code_adt_w_vector_size        = $0000 ; G 
__code_adt_wa_priority_queue_size = $0000 ; G 
__code_adt_wa_stack_size        = $0000 ; G 
__code_adt_wv_priority_queue_size = $0000 ; G 
__code_adt_wv_stack_size        = $0000 ; G 
__code_alloc_balloc_size        = $0000 ; G 
__code_alloc_malloc_size        = $0000 ; G 
__code_alloc_obstack_size       = $0000 ; G 
__code_arch_size                = $0000 ; G 
__code_bifrost2_size            = $0000 ; G 
__code_bifrost_h_size           = $0000 ; G 
__code_bifrost_l_size           = $0000 ; G 
__code_clib_size                = $0000 ; G 
__code_compress_aplib_size      = $0000 ; G 
__code_compress_zx7_size        = $0000 ; G 
__code_crt_exit_size            = $0000 ; G 
__code_crt_init_size            = $0000 ; G 
__code_ctype_size               = $0000 ; G 
__code_driver_character_input_size = $0000 ; G 
__code_driver_character_output_size = $0000 ; G 
__code_driver_general_size      = $0000 ; G 
__code_driver_memstream_size    = $0000 ; G 
__code_driver_size              = $0000 ; G 
__code_driver_terminal_input_size = $0000 ; G 
__code_driver_terminal_output_size = $0000 ; G 
__code_driver_tty_size          = $0000 ; G 
__code_fcntl_size               = $0000 ; G 
__code_font_fzx_size            = $0000 ; G 
__code_font_size                = $0000 ; G 
__code_fp_genmath_size          = $0000 ; G 
__code_fp_math48_size           = $0000 ; G 
__code_input_size               = $0000 ; G 
__code_inttypes_size            = $0000 ; G 
__code_l_sdcc_size              = $0000 ; G 
__code_lib_size                 = $0000 ; G 
__code_locale_size              = $0000 ; G 
__code_math_size                = $0000 ; G 
__code_network_size             = $0000 ; G 
__code_nirvanam_size            = $0000 ; G 
__code_nirvanap_size            = $0000 ; G 
__code_setjmp_size              = $0000 ; G 
__code_sound_bit_size           = $0000 ; G 
__code_stdio_size               = $0000 ; G 
__code_stdlib_size              = $0000 ; G 
__code_string_size              = $0000 ; G 
__code_temp_sp1_size            = $0000 ; G 
__code_threads_mutex_size       = $0000 ; G 
__code_threads_size             = $0000 ; G 
__code_z80_size                 = $0000 ; G 
__crt_enable_commandline        = $0000 ; L zcc2F513
__crt_enable_restart            = $0000 ; L zcc2F513
__crt_include_preamble          = $0000 ; L zcc2F513
__crt_initialize_bss            = $0000 ; L zcc2F513
__crt_model                     = $0000 ; L zcc2F513
__crt_org_bss                   = $0000 ; L zcc2F513
__crt_org_data                  = $0000 ; L zcc2F513
__data_alloc_balloc_size        = $0000 ; G 
__data_alloc_malloc_size        = $0000 ; G 
__data_clib_size                = $0000 ; G 
__data_driver_size              = $0000 ; G 
__data_fcntl_fdtable_body_size  = $0000 ; G 
__data_fcntl_size               = $0000 ; G 
__data_fcntl_stdio_heap_body_size = $0000 ; G 
__data_fcntl_stdio_heap_head_size = $0000 ; G 
__data_fcntl_stdio_heap_tail_size = $0000 ; G 
__data_font_size                = $0000 ; G 
__data_lib_size                 = $0000 ; G 
__data_sound_bit_size           = $0000 ; G 
__data_stdlib_size              = $0000 ; G 
__data_user_size                = $0000 ; G 
__exit_stack_size               = $0000 ; G zcc2F513
__fcntl_fdtbl                   = $0000 ; G zcc2F513
__fcntl_fdtbl_size              = $0000 ; G zcc2F513
__head                          = $0000 ; G 
__quickexit_stack_size          = $0000 ; G zcc2F513
__rodata_clib_size              = $0000 ; G 
__rodata_compiler_size          = $0000 ; G 
__rodata_driver_size            = $0000 ; G 
__rodata_error_strings_size     = $0000 ; G 
__rodata_fcntl_size             = $0000 ; G 
__rodata_font_4x8_size          = $0000 ; G 
__rodata_font_8x8_size          = $0000 ; G 
__rodata_font_fzx_size          = $0000 ; G 
__rodata_font_size              = $0000 ; G 
__rodata_input_size             = $0000 ; G 
__rodata_lib_size               = $0000 ; G 
__rodata_sound_bit_size         = $0000 ; G 
__rodata_stdio_size             = $0000 ; G 
__rodata_stdlib_size            = $0000 ; G 
__rodata_user_size              = $0000 ; G 
__smc_clib_size                 = $0000 ; G 
__smc_compiler_size             = $0000 ; G 
__smc_driver_size               = $0000 ; G 
__smc_fcntl_size                = $0000 ; G 
__smc_font_size                 = $0000 ; G 
__smc_l_size                    = $0000 ; G 
__smc_lib_size                  = $0000 ; G 
__smc_sound_bit_size            = $0000 ; G 
__smc_user_size                 = $0000 ; G 
thrd_success                    = $0000 ; G zcc2F513
DEFINED_CLIB_MALLOC_HEAP_SIZE   = $0001 ; L zcc2F513
DEFINED_CLIB_OPT_STDIO          = $0001 ; L zcc2F513
DEFINED_CLIB_STDIO_HEAP_SIZE    = $0001 ; L zcc2F513
DEFINED_CRT_ON_EXIT             = $0001 ; L zcc2F513
DEFINED_CRT_ORG_CODE            = $0001 ; L zcc2F513
DEFINED_REGISTER_SP             = $0001 ; L zcc2F513
DEFINED_startup                 = $0001 ; L zcc2F513
STDIO_MSG_PUTC                  = $0001 ; G zcc2F513
STDIO_SEEK_CUR                  = $0001 ; G zcc2F513
TAR__crt_enable_close           = $0001 ; L zcc2F513
TAR__crt_enable_eidi            = $0001 ; L zcc2F513
__BSS_size                      = $0001 ; G 
__DATA_size                     = $0001 ; G 
__EACCES                        = $0001 ; G zcc2F513
__crt_enable_close              = $0001 ; L zcc2F513
__crt_enable_eidi               = $0001 ; L zcc2F513
__data_threads_size             = $0001 ; G 
__rodata_error_string_end_size  = $0001 ; G 
mtx_plain                       = $0001 ; G zcc2F513
thrd_error                      = $0001 ; G zcc2F513
STDIO_MSG_WRIT                  = $0002 ; G zcc2F513
STDIO_SEEK_END                  = $0002 ; G zcc2F513
__EBADF                         = $0002 ; G zcc2F513
__bss_stdio_size                = $0002 ; G 
__bss_stdlib_size               = $0002 ; G 
__code_l_size                   = $0002 ; G 
mtx_recursive                   = $0002 ; G zcc2F513
thrd_nomem                      = $0002 ; G zcc2F513
STDIO_MSG_GETC                  = $0003 ; G zcc2F513
__EBDFD                         = $0003 ; G zcc2F513
STDIO_MSG_EATC                  = $0004 ; G zcc2F513
__CODE_size                     = $0004 ; G 
__EDOM                          = $0004 ; G zcc2F513
__code_crt_main_size            = $0004 ; G 
__code_crt_return_size          = $0004 ; G 
__data_stdio_size               = $0004 ; G 
mtx_timed                       = $0004 ; G zcc2F513
thrd_busy                       = $0004 ; G zcc2F513
STDIO_MSG_READ                  = $0005 ; G zcc2F513
__EFBIG                         = $0005 ; G zcc2F513
STDIO_MSG_SEEK                  = $0006 ; G zcc2F513
__EINVAL                        = $0006 ; G zcc2F513
STDIO_MSG_ICTL                  = $0007 ; G zcc2F513
TAR__crt_enable_streams         = $0007 ; L zcc2F513
__EMFILE                        = $0007 ; G zcc2F513
STDIO_MSG_FLSH                  = $0008 ; G zcc2F513
__ENFILE                        = $0008 ; G zcc2F513
__code_l_sccz80_size            = $0008 ; G 
thrd_timedout                   = $0008 ; G zcc2F513
STDIO_MSG_CLOS                  = $0009 ; G zcc2F513
__ENOLCK                        = $0009 ; G zcc2F513
__code_error_size               = $0009 ; G 
__ENOMEM                        = $000A ; G zcc2F513
__ENOTSUP                       = $000B ; G zcc2F513
__EOVERFLOW                     = $000C ; G zcc2F513
__ERANGE                        = $000D ; G zcc2F513
__ESTAT                         = $000E ; G zcc2F513
ICHAR_MSG_GETC                  = $000F ; G zcc2F513
ITERM_MSG_GETC                  = $000F ; G zcc2F513
__EAGAIN                        = $000F ; G zcc2F513
__EWOULDBLOCK                   = $000F ; G zcc2F513
ITERM_MSG_INTERRUPT             = $0010 ; G zcc2F513
ITERM_MSG_PUTC                  = $0011 ; G zcc2F513
ITERM_MSG_PRINT_CURSOR          = $0012 ; G zcc2F513
ITERM_MSG_ERASE_CURSOR          = $0013 ; G zcc2F513
ITERM_MSG_ERASE_CURSOR_PWD      = $0014 ; G zcc2F513
ITERM_MSG_BS                    = $0015 ; G zcc2F513
ITERM_MSG_BS_PWD                = $0016 ; G zcc2F513
ITERM_MSG_READLINE_BEGIN        = $0017 ; G zcc2F513
ITERM_MSG_READLINE_END          = $0018 ; G zcc2F513
ITERM_MSG_BELL                  = $0019 ; G zcc2F513
OCHAR_MSG_PUTC_BIN              = $001E ; G zcc2F513
OTERM_MSG_PUTC                  = $001E ; G zcc2F513
OTERM_MSG_TTY                   = $001F ; G zcc2F513
startup                         = $001F ; L zcc2F513
OCHAR_MSG_PUTC                  = $0020 ; G zcc2F513
OTERM_MSG_PRINTC                = $0020 ; G zcc2F513
OTERM_MSG_SCROLL                = $0021 ; G zcc2F513
OTERM_MSG_CLS                   = $0022 ; G zcc2F513
OTERM_MSG_PAUSE                 = $0023 ; G zcc2F513
OTERM_MSG_BELL                  = $0024 ; G zcc2F513
OTERM_MSG_PSCROLL               = $0025 ; G zcc2F513
__code_crt_common_size          = $00C0 ; G 
TAR__clib_stdio_heap_size       = $0100 ; L zcc2F513
IOCTL_OTERM_CLS                 = $0102 ; G zcc2F513
__code_compiler_size            = $0143 ; G 
__bss_compiler_size             = $0169 ; G 
__data_compiler_size            = $0190 ; G 
TAR__crt_stack_size             = $0200 ; L zcc2F513
IOCTL_ITERM_TIE                 = $0201 ; G zcc2F513
IOCTL_OTERM_RESET_SCROLL        = $0202 ; G zcc2F513
IOCTL_ITERM_SET_EDITBUF         = $0301 ; G zcc2F513
IOCTL_OTERM_SET_WINDOW_COORD    = $0302 ; G zcc2F513
IOCTL_ITERM_GET_EDITBUF         = $0381 ; G zcc2F513
IOCTL_OTERM_GET_WINDOW_COORD    = $0382 ; G zcc2F513
IOCTL_OTERM_SET_WINDOW_RECT     = $0402 ; G zcc2F513
IOCTL_OTERM_GET_WINDOW_RECT     = $0482 ; G zcc2F513
IOCTL_OTERM_SET_CURSOR_COORD    = $0502 ; G zcc2F513
IOCTL_OTERM_GET_CURSOR_COORD    = $0582 ; G zcc2F513
IOCTL_OTERM_GET_OTERM           = $0602 ; G zcc2F513
IOCTL_OTERM_SCROLL              = $0702 ; G zcc2F513
IOCTL_OTERM_FONT                = $0802 ; G zcc2F513
IOCTL_OTERM_FZX_SET_PAPER_COORD = $0A02 ; G zcc2F513
IOCTL_OTERM_FZX_GET_PAPER_COORD = $0A82 ; G zcc2F513
__code_user_size                = $0A88 ; G 
IOCTL_OTERM_FZX_SET_PAPER_RECT  = $0B02 ; G zcc2F513
IOCTL_OTERM_FZX_GET_PAPER_RECT  = $0B82 ; G zcc2F513
IOCTL_OTERM_FZX_LEFT_MARGIN     = $0C02 ; G zcc2F513
IOCTL_OTERM_FZX_LINE_SPACING    = $0D02 ; G zcc2F513
IOCTL_OTERM_FZX_SPACE_EXPAND    = $0E02 ; G zcc2F513
IOCTL_OTERM_FZX_SET_FZX_STATE   = $0F02 ; G zcc2F513
IOCTL_OTERM_FZX_GET_FZX_STATE   = $0F82 ; G zcc2F513
IOCTL_ITERM_SET_DELAY           = $1001 ; G zcc2F513
IOCTL_OTERM_FCOLOR              = $1002 ; G zcc2F513
IOCTL_ITERM_GET_DELAY           = $1081 ; G zcc2F513
IOCTL_ITERM_LASTK               = $1101 ; G zcc2F513
IOCTL_OTERM_FMASK               = $1102 ; G zcc2F513
IOCTL_OTERM_BCOLOR              = $1202 ; G zcc2F513
CRT_ORG_CODE                    = $5F82 ; L zcc2F513
__CODE_head                     = $5F82 ; G 
__Start                         = $5F82 ; G zcc2F513
__crt_org_code                  = $5F82 ; L zcc2F513
__Restart                       = $5F83 ; L zcc2F513
__CODE_tail                     = $5F86 ; G 
__Restart_2                     = $5F86 ; L zcc2F513
__code_crt_init_head            = $5F86 ; G 
__code_crt_init_tail            = $5F86 ; G 
__code_crt_main_head            = $5F86 ; G 
__Exit                          = $5F89 ; G zcc2F513
__code_crt_exit_head            = $5F8A ; G 
__code_crt_exit_tail            = $5F8A ; G 
__code_crt_main_tail            = $5F8A ; G 
__code_crt_return_head          = $5F8A ; G 
__code_crt_common_head          = $5F8E ; G 
__code_crt_return_tail          = $5F8E ; G 
_setrambank                     = $5F8E ; G objects
_switchscreen                   = $5F9D ; G objects
_depack                         = $5FAB ; G objects
zcc2F493_apbranch1              = $5FAE ; L objects
zcc2F493_aploop0                = $5FB0 ; L objects
zcc2F493_aploop                 = $5FB3 ; L objects
zcc2F493_apget4bits             = $5FC6 ; L objects
zcc2F493_apwritebyte            = $5FD0 ; L objects
zcc2F493_apbranch4              = $5FD4 ; L objects
zcc2F493_apbranch3              = $5FDD ; L objects
zcc2F493_apbranch2              = $5FF1 ; L objects
zcc2F493_apskip2                = $6010 ; L objects
zcc2F493_apskip3                = $6019 ; L objects
zcc2F493_ap_finishup            = $601C ; L objects
zcc2F493_ap_finishup2           = $601F ; L objects
zcc2F493_ap_r0_gamma            = $6026 ; L objects
zcc2F493_ap_getbit              = $6032 ; L objects
zcc2F493_ap_getgamma            = $603E ; L objects
zcc2F493_ap_getgammaloop        = $6041 ; L objects
__code_adt_b_array_head         = $604E ; G 
__code_adt_b_array_tail         = $604E ; G 
__code_adt_b_vector_head        = $604E ; G 
__code_adt_b_vector_tail        = $604E ; G 
__code_adt_ba_priority_queue_head = $604E ; G 
__code_adt_ba_priority_queue_tail = $604E ; G 
__code_adt_ba_stack_head        = $604E ; G 
__code_adt_ba_stack_tail        = $604E ; G 
__code_adt_bv_priority_queue_head = $604E ; G 
__code_adt_bv_priority_queue_tail = $604E ; G 
__code_adt_bv_stack_head        = $604E ; G 
__code_adt_bv_stack_tail        = $604E ; G 
__code_adt_p_forward_list_alt_head = $604E ; G 
__code_adt_p_forward_list_alt_tail = $604E ; G 
__code_adt_p_forward_list_head  = $604E ; G 
__code_adt_p_forward_list_tail  = $604E ; G 
__code_adt_p_list_head          = $604E ; G 
__code_adt_p_list_tail          = $604E ; G 
__code_adt_p_queue_head         = $604E ; G 
__code_adt_p_queue_tail         = $604E ; G 
__code_adt_p_stack_head         = $604E ; G 
__code_adt_p_stack_tail         = $604E ; G 
__code_adt_w_array_head         = $604E ; G 
__code_adt_w_array_tail         = $604E ; G 
__code_adt_w_vector_head        = $604E ; G 
__code_adt_w_vector_tail        = $604E ; G 
__code_adt_wa_priority_queue_head = $604E ; G 
__code_adt_wa_priority_queue_tail = $604E ; G 
__code_adt_wa_stack_head        = $604E ; G 
__code_adt_wa_stack_tail        = $604E ; G 
__code_adt_wv_priority_queue_head = $604E ; G 
__code_adt_wv_priority_queue_tail = $604E ; G 
__code_adt_wv_stack_head        = $604E ; G 
__code_adt_wv_stack_tail        = $604E ; G 
__code_alloc_balloc_head        = $604E ; G 
__code_alloc_balloc_tail        = $604E ; G 
__code_alloc_malloc_head        = $604E ; G 
__code_alloc_malloc_tail        = $604E ; G 
__code_alloc_obstack_head       = $604E ; G 
__code_alloc_obstack_tail       = $604E ; G 
__code_arch_head                = $604E ; G 
__code_arch_tail                = $604E ; G 
__code_bifrost2_head            = $604E ; G 
__code_bifrost2_tail            = $604E ; G 
__code_bifrost_h_head           = $604E ; G 
__code_bifrost_h_tail           = $604E ; G 
__code_bifrost_l_head           = $604E ; G 
__code_bifrost_l_tail           = $604E ; G 
__code_clib_head                = $604E ; G 
__code_clib_tail                = $604E ; G 
__code_compress_aplib_head      = $604E ; G 
__code_compress_aplib_tail      = $604E ; G 
__code_compress_zx7_head        = $604E ; G 
__code_compress_zx7_tail        = $604E ; G 
__code_crt_common_tail          = $604E ; G 
__code_ctype_head               = $604E ; G 
__code_ctype_tail               = $604E ; G 
__code_driver_character_input_head = $604E ; G 
__code_driver_character_input_tail = $604E ; G 
__code_driver_character_output_head = $604E ; G 
__code_driver_character_output_tail = $604E ; G 
__code_driver_general_head      = $604E ; G 
__code_driver_general_tail      = $604E ; G 
__code_driver_head              = $604E ; G 
__code_driver_memstream_head    = $604E ; G 
__code_driver_memstream_tail    = $604E ; G 
__code_driver_tail              = $604E ; G 
__code_driver_terminal_input_head = $604E ; G 
__code_driver_terminal_input_tail = $604E ; G 
__code_driver_terminal_output_head = $604E ; G 
__code_driver_terminal_output_tail = $604E ; G 
__code_driver_tty_head          = $604E ; G 
__code_driver_tty_tail          = $604E ; G 
__code_error_head               = $604E ; G 
__code_font_head                = $604E ; G 
__code_font_tail                = $604E ; G 
__ch_system                     = $6052 ; G zcc2F513
error_zc                        = $6052 ; G error_zc
__code_error_tail               = $6057 ; G 
__code_fcntl_head               = $6057 ; G 
__code_fcntl_tail               = $6057 ; G 
__code_font_fzx_head            = $6057 ; G 
__code_font_fzx_tail            = $6057 ; G 
__code_fp_genmath_head          = $6057 ; G 
__code_fp_genmath_tail          = $6057 ; G 
__code_fp_math48_head           = $6057 ; G 
__code_fp_math48_tail           = $6057 ; G 
__code_input_head               = $6057 ; G 
__code_input_tail               = $6057 ; G 
__code_inttypes_head            = $6057 ; G 
__code_inttypes_tail            = $6057 ; G 
__code_l_head                   = $6057 ; G 
__thread_block_timeout          = $6058 ; G zcc2F513
__thread_context_switch         = $6058 ; G zcc2F513
__thread_unblock                = $6058 ; G zcc2F513
l_ret                           = $6058 ; G l_ret
__code_l_sccz80_head            = $6059 ; G 
__code_l_tail                   = $6059 ; G 
l_gintsp                        = $6059 ; G l_gintsp
l_gint                          = $605C ; G l_gint
l_gintsp_gint                   = $605C ; G l_gintsp
__code_compiler_head            = $6061 ; G 
__code_l_sccz80_tail            = $6061 ; G 
__code_l_sdcc_head              = $6061 ; G 
__code_l_sdcc_tail              = $6061 ; G 
__code_lib_head                 = $6061 ; G 
__code_lib_tail                 = $6061 ; G 
__code_locale_head              = $6061 ; G 
__code_locale_tail              = $6061 ; G 
__code_math_head                = $6061 ; G 
__code_math_tail                = $6061 ; G 
__code_network_head             = $6061 ; G 
__code_network_tail             = $6061 ; G 
__code_nirvanam_head            = $6061 ; G 
__code_nirvanam_tail            = $6061 ; G 
__code_nirvanap_head            = $6061 ; G 
__code_nirvanap_tail            = $6061 ; G 
__code_setjmp_head              = $6061 ; G 
__code_setjmp_tail              = $6061 ; G 
__code_sound_bit_head           = $6061 ; G 
__code_sound_bit_tail           = $6061 ; G 
__code_stdio_head               = $6061 ; G 
__code_stdio_tail               = $6061 ; G 
__code_stdlib_head              = $6061 ; G 
__code_stdlib_tail              = $6061 ; G 
__code_string_head              = $6061 ; G 
__code_string_tail              = $6061 ; G 
__code_temp_sp1_head            = $6061 ; G 
__code_temp_sp1_tail            = $6061 ; G 
__code_threads_head             = $6061 ; G 
__code_threads_mutex_head       = $6061 ; G 
__code_threads_mutex_tail       = $6061 ; G 
__code_threads_tail             = $6061 ; G 
__code_z80_head                 = $6061 ; G 
__code_z80_tail                 = $6061 ; G 
_read_joystick                  = $6061 ; G objects
_wyz_load_music                 = $606C ; G objects
_wyz_stop_music                 = $608C ; G objects
_wyz_play                       = $6093 ; G objects
_wyz_effect                     = $6097 ; G objects
_gameISR                        = $60B4 ; G objects
main_noscreenswitch             = $60D0 ; L objects
_load_level                     = $60F6 ; G objects
_main                           = $61A3 ; G objects
_DrawMap                        = $61A4 ; G objects
__code_compiler_tail            = $61A4 ; G 
__code_user_head                = $61A4 ; G 
zcc2F493_chars_not_zero         = $61B6 ; L objects
zcc2F493_dm_save_sp             = $61B8 ; L objects
zcc2F493_draw_loopy             = $61D5 ; L objects
zcc2F493_draw_loopy_zero        = $61DF ; L objects
zcc2F493_draw_loopy_notzero     = $61E8 ; L objects
zcc2F493_leftmost_loop          = $620C ; L objects
zcc2F493_go_to_center           = $6226 ; L objects
zcc2F493_draw_center_tiles      = $622E ; L objects
zcc2F493_draw_center_notzero    = $623D ; L objects
zcc2F493_draw_or_left           = $6253 ; L objects
zcc2F493_draw_direct_rest       = $6279 ; L objects
zcc2F493_continue_center_loop   = $62BA ; L objects
zcc2F493_draw_loopy_right       = $62C0 ; L objects
zcc2F493_draw_right_zero        = $62D4 ; L objects
zcc2F493_draw_right_notzero     = $62DD ; L objects
zcc2F493_draw_or_rightmost_left = $62F3 ; L objects
zcc2F493_rightmost_loop         = $6326 ; L objects
zcc2F493_draw_next_line         = $6340 ; L objects
zcc2F493_not_second_third       = $6347 ; L objects
zcc2F493_b_not_zero             = $6350 ; L objects
zcc2F493_dm_restoresp           = $6358 ; L objects
zcc2F493_centertiles            = $635C ; L objects
_ClearMapArea                   = $635D ; G objects
zcc2F493_cma_loop               = $636A ; L objects
zcc2F493_cma_restoresp          = $638C ; L objects
_DrawSprite                     = $6391 ; G objects
zcc2F493_char1                  = $63E3 ; L objects
zcc2F493_lineloop_1char         = $63E6 ; L objects
zcc2F493_draw_a1_1char          = $6408 ; L objects
zcc2F493_char2                  = $6413 ; L objects
zcc2F493_lineloop_2char         = $6416 ; L objects
zcc2F493_draw_a1_2char          = $643D ; L objects
zcc2F493_char3                  = $6448 ; L objects
zcc2F493_lineloop               = $644B ; L objects
zcc2F493_data                   = $6466 ; L objects
zcc2F493_draw_a1                = $647B ; L objects
_DrawSprite_Ship                = $6486 ; G objects
zcc2F493_lineloop_ship          = $64D4 ; L objects
zcc2F493_byte1_nocollision      = $64F2 ; L objects
zcc2F493_byte2_nocollision      = $64FF ; L objects
zcc2F493_data2_ship             = $6504 ; L objects
zcc2F493_byte3_nocollision      = $650D ; L objects
zcc2F493_data_ship              = $650E ; L objects
zcc2F493_draw_a1_ship           = $6523 ; L objects
_InsertSpriteInCache            = $652D ; G objects
zcc2F493_insert_unused_entry    = $6543 ; L objects
zcc2F493_insert_lineloop        = $65D3 ; L objects
zcc2F493_insert_rotateloop      = $65E4 ; L objects
zcc2F493_insert_skiprotate      = $65EC ; L objects
_MoveSpriteToTop                = $660C ; G objects
zcc2F493_checklast              = $6615 ; L objects
zcc2F493_moveactually           = $6620 ; L objects
_InitSprCacheList               = $663B ; G objects
zcc2F493_loop_InitSprCache      = $6661 ; L objects
_calcscreenpos                  = $6678 ; G objects
zcc2F493_LRU_first              = $6695 ; L objects
zcc2F493_LRU_last               = $6696 ; L objects
zcc2F493_SCRADD                 = $6697 ; L objects
zcc2F493_LINECOUNT              = $6699 ; L objects
zcc2F493_SAVE_RAMBANK           = $669A ; L objects
_Ship_Collision                 = $669B ; G objects
zcc2F493_Multiply_by_48         = $669C ; L objects
_GET_KEY_STATE                  = $674A ; G objects
_get_joystick                   = $6751 ; G objects
zcc2F493_check_sinclair1        = $675B ; L objects
zcc2F493_check_sinclair2        = $6763 ; L objects
zcc2F493_get_joy_redef          = $676B ; L objects
zcc2F493_get_joy_end            = $676E ; L objects
zcc2F493_read_kempston_joystick = $6771 ; L objects
zcc2F493_kempston_right         = $677B ; L objects
zcc2F493_kempston_left          = $6781 ; L objects
zcc2F493_kempston_down          = $6787 ; L objects
zcc2F493_kempston_up            = $678D ; L objects
zcc2F493_kempston_fire          = $6793 ; L objects
zcc2F493_nokempston             = $6799 ; L objects
zcc2F493_read_sinclair1_joystick = $679B ; L objects
zcc2F493_sinclair1_fire         = $67A1 ; L objects
zcc2F493_sinclair1_up           = $67A7 ; L objects
zcc2F493_sinclair1_down         = $67AD ; L objects
zcc2F493_sinclair1_right        = $67B3 ; L objects
zcc2F493_sinclair1_left         = $67B9 ; L objects
zcc2F493_read_sinclair2_joystick = $67BF ; L objects
zcc2F493_sinclair2_left         = $67C5 ; L objects
zcc2F493_sinclair2_right        = $67CB ; L objects
zcc2F493_sinclair2_down         = $67D1 ; L objects
zcc2F493_sinclair2_up           = $67D7 ; L objects
zcc2F493_sinclair2_fire         = $67DD ; L objects
zcc2F493_read_redefined         = $67E3 ; L objects
zcc2F493_redefined_up           = $67E3 ; L objects
zcc2F493_redefined_down         = $67F1 ; L objects
zcc2F493_redefined_left         = $67FC ; L objects
zcc2F493_redefined_right        = $6809 ; L objects
zcc2F493_redefined_fire         = $6816 ; L objects
zcc2F493_redefined_end          = $6823 ; L objects
_CreaTablaTiles                 = $6825 ; G objects
zcc2F493_copiatiles_outerloop   = $6842 ; L objects
zcc2F493_copiatiles_innerloop   = $6846 ; L objects
zcc2F493_copiatiles_outerloop2  = $685E ; L objects
zcc2F493_copiatiles_innerloop2  = $6862 ; L objects
zcc2F493_copiatiles_outerloop3  = $687A ; L objects
zcc2F493_copiatiles_innerloop3  = $687E ; L objects
zcc2F493_copiatiles_outerloop4  = $6895 ; L objects
zcc2F493_copiatiles_innerloop4  = $6899 ; L objects
zcc2F493_newshift               = $68AE ; L objects
zcc2F493_shiftloopTable         = $68C0 ; L objects
zcc2F493_rotateouter            = $68CA ; L objects
zcc2F493_looprotate             = $68CF ; L objects
zcc2F493_endCreaTablaTiles      = $68FA ; L objects
zcc2F493_SaveTablaTiles         = $68FE ; L objects
_SetIM2                         = $6900 ; G objects
zcc2F493_BASICISR               = $6921 ; L objects
zcc2F493_israddr                = $692C ; L objects
_load_background                = $693C ; G objects
_LoadSprBlock                   = $69CD ; G objects
_loadLevelRamBank               = $6A2A ; G objects
_loadPrepTiles                  = $6A33 ; G objects
_PrintLargeNumber               = $6A47 ; G objects
zcc2F493_PrintLargeNumber       = $6A47 ; L objects
zcc2F493_printlarge_loop1       = $6A5A ; L objects
zcc2F493_printlarge_loop2       = $6A69 ; L objects
_divide_large                   = $6A72 ; G objects
zcc2F493_divide_loop            = $6A76 ; L objects
zcc2F493_divide_completed       = $6A7F ; L objects
_decompose_5digit               = $6A81 ; G objects
_PrintLarge_2                   = $6AA9 ; G objects
_PrintLargeNumber_4000          = $6AC1 ; G objects
zcc2F493_printlarge4000_loop1   = $6AD8 ; L objects
zcc2F493_printlarge4000_loop2   = $6AE7 ; L objects
_PrintLarge_2_4000              = $6AF0 ; G objects
_PrintLarge_5                   = $6B08 ; G objects
_PrintSmall_5                   = $6B44 ; G objects
_PrintNumber                    = $6B80 ; G objects
zcc2F493_printnum_loop          = $6B92 ; L objects
_PrintNumber_4000               = $6B99 ; G objects
zcc2F493_printnum_4000_loop     = $6BAF ; L objects
_CleanSCRC000                   = $6BB6 ; G objects
_CalcScreenPos                  = $6BD0 ; G objects
zcc2F493_shiftloop              = $6BF6 ; L objects
zcc2F493_postloop               = $6BFA ; L objects
_CalcScreenPos_Char             = $6BFC ; G objects
_clean_screen_asm               = $6C14 ; G objects
__code_user_tail                = $6C2C ; G 
__rodata_clib_head              = $6C2C ; G 
__rodata_clib_tail              = $6C2C ; G 
__rodata_driver_head            = $6C2C ; G 
__rodata_driver_tail            = $6C2C ; G 
__rodata_error_string_end_head  = $6C2C ; G 
__rodata_error_strings_head     = $6C2C ; G 
__rodata_error_strings_tail     = $6C2C ; G 
__rodata_font_head              = $6C2C ; G 
__rodata_font_tail              = $6C2C ; G 
__CODE_END_head                 = $6C2D ; G 
__CODE_END_tail                 = $6C2D ; G 
__DATA_head                     = $6C2D ; G 
__rodata_compiler_head          = $6C2D ; G 
__rodata_compiler_tail          = $6C2D ; G 
__rodata_error_string_end_tail  = $6C2D ; G 
__rodata_fcntl_head             = $6C2D ; G 
__rodata_fcntl_tail             = $6C2D ; G 
__rodata_font_4x8_head          = $6C2D ; G 
__rodata_font_4x8_tail          = $6C2D ; G 
__rodata_font_8x8_head          = $6C2D ; G 
__rodata_font_8x8_tail          = $6C2D ; G 
__rodata_font_fzx_head          = $6C2D ; G 
__rodata_font_fzx_tail          = $6C2D ; G 
__rodata_input_head             = $6C2D ; G 
__rodata_input_tail             = $6C2D ; G 
__rodata_lib_head               = $6C2D ; G 
__rodata_lib_tail               = $6C2D ; G 
__rodata_sound_bit_head         = $6C2D ; G 
__rodata_sound_bit_tail         = $6C2D ; G 
__rodata_stdio_head             = $6C2D ; G 
__rodata_stdio_tail             = $6C2D ; G 
__rodata_stdlib_head            = $6C2D ; G 
__rodata_stdlib_tail            = $6C2D ; G 
__rodata_user_head              = $6C2D ; G 
__rodata_user_tail              = $6C2D ; G 
__DATA_tail                     = $6C2E ; G 
__data_alloc_balloc_head        = $6C2E ; G 
__data_alloc_balloc_tail        = $6C2E ; G 
__data_alloc_malloc_head        = $6C2E ; G 
__data_alloc_malloc_tail        = $6C2E ; G 
__data_clib_head                = $6C2E ; G 
__data_clib_tail                = $6C2E ; G 
__data_driver_head              = $6C2E ; G 
__data_driver_tail              = $6C2E ; G 
__data_fcntl_fdtable_body_head  = $6C2E ; G 
__data_fcntl_fdtable_body_tail  = $6C2E ; G 
__data_fcntl_head               = $6C2E ; G 
__data_fcntl_stdio_heap_body_head = $6C2E ; G 
__data_fcntl_stdio_heap_body_tail = $6C2E ; G 
__data_fcntl_stdio_heap_head_head = $6C2E ; G 
__data_fcntl_stdio_heap_head_tail = $6C2E ; G 
__data_fcntl_stdio_heap_tail_head = $6C2E ; G 
__data_fcntl_stdio_heap_tail_tail = $6C2E ; G 
__data_fcntl_tail               = $6C2E ; G 
__data_font_head                = $6C2E ; G 
__data_font_tail                = $6C2E ; G 
__data_sound_bit_head           = $6C2E ; G 
__data_sound_bit_tail           = $6C2E ; G 
__data_stdio_head               = $6C2E ; G 
__smc_clib_head                 = $6C2E ; G 
__smc_clib_tail                 = $6C2E ; G 
__smc_compiler_head             = $6C2E ; G 
__smc_compiler_tail             = $6C2E ; G 
__smc_driver_head               = $6C2E ; G 
__smc_driver_tail               = $6C2E ; G 
__smc_fcntl_head                = $6C2E ; G 
__smc_fcntl_tail                = $6C2E ; G 
__smc_font_head                 = $6C2E ; G 
__smc_font_tail                 = $6C2E ; G 
__smc_l_head                    = $6C2E ; G 
__smc_l_tail                    = $6C2E ; G 
__smc_lib_head                  = $6C2E ; G 
__smc_lib_tail                  = $6C2E ; G 
__smc_sound_bit_head            = $6C2E ; G 
__smc_sound_bit_tail            = $6C2E ; G 
__smc_user_head                 = $6C2E ; G 
__smc_user_tail                 = $6C2E ; G 
__stdio_closed_file_list        = $6C2E ; G zcc2F513
__data_stdio_tail               = $6C32 ; G 
__data_stdlib_head              = $6C32 ; G 
__data_stdlib_tail              = $6C32 ; G 
__data_threads_head             = $6C32 ; G 
__thrd_id                       = $6C32 ; G zcc2F513
__data_compiler_head            = $6C33 ; G 
__data_lib_head                 = $6C33 ; G 
__data_lib_tail                 = $6C33 ; G 
__data_threads_tail             = $6C33 ; G 
_level_address                  = $6C33 ; G objects
_enemy_address                  = $6C41 ; G objects
_finalenemy_address             = $6C4F ; G objects
_levelsprites                   = $6C5D ; G objects
_finalspr                       = $6C6B ; G objects
_finalspr_count                 = $6C79 ; G objects
_levelcolors                    = $6C87 ; G objects
_level_checkpoints              = $6C8E ; G objects
_enemy_sprites                  = $6CAA ; G objects
_enemy_score                    = $6CD5 ; G objects
_finalenemy_sprites             = $6D00 ; G objects
_shoot_sprites                  = $6D07 ; G objects
_shoot_energy                   = $6D0D ; G objects
_shoot_max_number               = $6D13 ; G objects
_shoot_speed                    = $6D19 ; G objects
_behavior_types                 = $6D1F ; G objects
_level_music                    = $6D4A ; G objects
_finalenemy_music               = $6D51 ; G objects
_fxchannel_music                = $6D58 ; G objects
_number_font                    = $6D67 ; G objects
_keys                           = $6DB7 ; G objects
_enemy_locations                = $6DC1 ; G objects
__BSS_head                      = $6DC3 ; G 
__DATA_END_head                 = $6DC3 ; G 
__DATA_END_tail                 = $6DC3 ; G 
__data_compiler_tail            = $6DC3 ; G 
__data_user_head                = $6DC3 ; G 
__data_user_tail                = $6DC3 ; G 
__BSS_UNINITIALIZED_head        = $6DC4 ; G 
__BSS_UNINITIALIZED_tail        = $6DC4 ; G 
__BSS_tail                      = $6DC4 ; G 
__bss_alloc_balloc_head         = $6DC4 ; G 
__bss_alloc_balloc_tail         = $6DC4 ; G 
__bss_alloc_malloc_head         = $6DC4 ; G 
__bss_alloc_malloc_tail         = $6DC4 ; G 
__bss_arch_head                 = $6DC4 ; G 
__bss_arch_tail                 = $6DC4 ; G 
__bss_clib_head                 = $6DC4 ; G 
__bss_clib_tail                 = $6DC4 ; G 
__bss_compress_aplib_head       = $6DC4 ; G 
__bss_compress_aplib_tail       = $6DC4 ; G 
__bss_driver_head               = $6DC4 ; G 
__bss_driver_tail               = $6DC4 ; G 
__bss_error_head                = $6DC4 ; G 
__bss_error_tail                = $6DC4 ; G 
__bss_fcntl_head                = $6DC4 ; G 
__bss_fcntl_tail                = $6DC4 ; G 
__bss_font_head                 = $6DC4 ; G 
__bss_font_tail                 = $6DC4 ; G 
__bss_input_head                = $6DC4 ; G 
__bss_input_tail                = $6DC4 ; G 
__bss_sound_bit_head            = $6DC4 ; G 
__bss_sound_bit_tail            = $6DC4 ; G 
__bss_stdio_head                = $6DC4 ; G 
__stdio_open_file_list          = $6DC4 ; G zcc2F513
__bss_stdio_tail                = $6DC6 ; G 
__bss_stdlib_head               = $6DC6 ; G 
__exit_stack                    = $6DC6 ; G zcc2F513
__quickexit_stack               = $6DC7 ; G zcc2F513
__bss_compiler_head             = $6DC8 ; G 
__bss_lib_head                  = $6DC8 ; G 
__bss_lib_tail                  = $6DC8 ; G 
__bss_stdlib_tail               = $6DC8 ; G 
__bss_string_head               = $6DC8 ; G 
__bss_string_tail               = $6DC8 ; G 
_active_enemies                 = $6DC8 ; G objects
_frames_to_shoot                = $6E28 ; G objects
_length_map                     = $6E29 ; G objects
_inertia_cheat                  = $6E2B ; G objects
_life_counter                   = $6E2C ; G objects
_previous_level                 = $6E2D ; G objects
_map_displacement               = $6E2E ; G objects
_map_xpos                       = $6E2F ; G objects
_CurLevel_XLength               = $6E30 ; G objects
_credit_counter                 = $6E31 ; G objects
_frameskip_counter              = $6E32 ; G objects
_max_shoots                     = $6E33 ; G objects
_mayday                         = $6E34 ; G objects
_int_pointer                    = $6E35 ; G objects
_respawn_xpos                   = $6E37 ; G objects
_joy                            = $6E38 ; G objects
_available_superbombs           = $6E39 ; G objects
_ship_x                         = $6E3A ; G objects
_ship_y                         = $6E3B ; G objects
_current_weapon_energy          = $6E3C ; G objects
_border_color                   = $6E3D ; G objects
_frames_fire_pressed            = $6E3E ; G objects
_fenemy_activation_counter      = $6E3F ; G objects
_fenemy_defeat                  = $6E40 ; G objects
_final_enemy_active             = $6E41 ; G objects
_ship0spr                       = $6E42 ; G objects
_update_superb                  = $6E43 ; G objects
_length_tiles                   = $6E44 ; G objects
_hiscore                        = $6E46 ; G objects
_level_pointer                  = $6E48 ; G objects
_current_screen                 = $6E4A ; G objects
_dummy_b                        = $6E4B ; G objects
_dummy_i                        = $6E4C ; G objects
_current_weapon                 = $6E4E ; G objects
_score                          = $6E4F ; G objects
_joystick_type                  = $6E51 ; G objects
_update_score                   = $6E52 ; G objects
_current_weapon_sprite          = $6E53 ; G objects
_my_active_shoots               = $6E54 ; G objects
_enemy_active_shoots            = $6EB4 ; G objects
_current_level                  = $6F14 ; G objects
_level_color                    = $6F15 ; G objects
_update_life                    = $6F16 ; G objects
_end_game                       = $6F17 ; G objects
_final_enemy_components         = $6F18 ; G objects
_next_extralife                 = $6F19 ; G objects
_new_enemy                      = $6F1B ; G objects
_numbers                        = $6F1C ; G objects
_speed_x                        = $6F21 ; G objects
_speed_y                        = $6F22 ; G objects
_power_up                       = $6F23 ; G objects
_sound_selection                = $6F2F ; G objects
_CurLevel_NTiles                = $6F30 ; G objects
__BSS_END_head                  = $6F31 ; G 
__BSS_END_tail                  = $6F31 ; G 
__bss_compiler_tail             = $6F31 ; G 
__bss_user_head                 = $6F31 ; G 
__bss_user_tail                 = $6F31 ; G 
__size                          = $6F31 ; G 
__tail                          = $6F31 ; G 
TAR__crt_org_code               = $8000 ; L zcc2F513
REGISTER_SP                     = $C000 ; L zcc2F513
__register_sp                   = $C000 ; L zcc2F513
IOCTL_ITERM_CAPS                = $C009 ; G zcc2F513
IOCTL_ITERM_COOK                = $C011 ; G zcc2F513
IOCTL_OTERM_CRLF                = $C012 ; G zcc2F513
IOCTL_OCHAR_CRLF                = $C014 ; G zcc2F513
IOCTL_ITERM_LINE                = $C021 ; G zcc2F513
IOCTL_OTERM_COOK                = $C022 ; G zcc2F513
IOCTL_ITERM_PASS                = $C041 ; G zcc2F513
IOCTL_OTERM_PAUSE               = $C042 ; G zcc2F513
IOCTL_ITERM_ECHO                = $C081 ; G zcc2F513
IOCTL_OTERM_PAGE                = $C082 ; G zcc2F513
IOCTL_ITERM_CRLF                = $C101 ; G zcc2F513
IOCTL_OTERM_BELL                = $C102 ; G zcc2F513
IOCTL_ICHAR_CRLF                = $C103 ; G zcc2F513
IOCTL_ITERM_CURS                = $C201 ; G zcc2F513
IOCTL_OTERM_SIGNAL              = $C202 ; G zcc2F513
IOCTL_OTERM_CLEAR               = $E002 ; G zcc2F513
TAR__register_sp                = $FF58 ; L zcc2F513
CRT_ON_EXIT                     = $10001 ; L zcc2F513
__crt_on_exit                   = $10001 ; L zcc2F513
TAR__crt_on_exit                = $30002 ; L zcc2F513
