TAR__clib_malloc_heap_size      = $FFFFFFFF ; L zcc75663
CLIB_MALLOC_HEAP_SIZE           = $0000 ; L zcc75663
CLIB_OPT_STDIO                  = $0000 ; L zcc75663
CLIB_STDIO_HEAP_SIZE            = $0000 ; L zcc75663
IOCTL_RESET                     = $0000 ; G zcc75663
STDIO_SEEK_SET                  = $0000 ; G zcc75663
TAR__clib_balloc_table_size     = $0000 ; L zcc75663
TAR__clib_exit_stack_size       = $0000 ; L zcc75663
TAR__clib_fopen_max             = $0000 ; L zcc75663
TAR__clib_open_max              = $0000 ; L zcc75663
TAR__clib_quickexit_stack_size  = $0000 ; L zcc75663
TAR__crt_enable_commandline     = $0000 ; L zcc75663
TAR__crt_enable_nmi             = $0000 ; L zcc75663
TAR__crt_enable_restart         = $0000 ; L zcc75663
TAR__crt_enable_rst             = $0000 ; L zcc75663
TAR__crt_include_preamble       = $0000 ; L zcc75663
TAR__crt_initialize_bss         = $0000 ; L zcc75663
TAR__crt_model                  = $0000 ; L zcc75663
TAR__crt_org_bss                = $0000 ; L zcc75663
TAR__crt_org_data               = $0000 ; L zcc75663
__BSS_END_size                  = $0000 ; G 
__BSS_UNINITIALIZED_size        = $0000 ; G 
__CODE_END_size                 = $0000 ; G 
__CRTDEF                        = $0000 ; L zcc75663
__DATA_END_size                 = $0000 ; G 
__EOK                           = $0000 ; G zcc75663
__MMAP                          = $0000 ; L zcc75663
__bss_alloc_balloc_size         = $0000 ; G 
__bss_alloc_malloc_size         = $0000 ; G 
__bss_arch_size                 = $0000 ; G 
__bss_clib_size                 = $0000 ; G 
__bss_compress_aplib_size       = $0000 ; G 
__bss_driver_size               = $0000 ; G 
__bss_error_size                = $0000 ; G 
__bss_fcntl_size                = $0000 ; G 
__bss_font_size                 = $0000 ; G 
__bss_input_size                = $0000 ; G 
__bss_lib_size                  = $0000 ; G 
__bss_sound_bit_size            = $0000 ; G 
__bss_string_size               = $0000 ; G 
__bss_user_size                 = $0000 ; G 
__clib_balloc_table_size        = $0000 ; L zcc75663
__clib_exit_stack_size          = $0000 ; L zcc75663
__clib_fopen_max                = $0000 ; L zcc75663
__clib_malloc_heap_size         = $0000 ; L zcc75663
__clib_open_max                 = $0000 ; L zcc75663
__clib_quickexit_stack_size     = $0000 ; L zcc75663
__clib_stdio_heap_size          = $0000 ; L zcc75663
__code_adt_b_array_size         = $0000 ; G 
__code_adt_b_vector_size        = $0000 ; G 
__code_adt_ba_priority_queue_size = $0000 ; G 
__code_adt_ba_stack_size        = $0000 ; G 
__code_adt_bv_priority_queue_size = $0000 ; G 
__code_adt_bv_stack_size        = $0000 ; G 
__code_adt_p_forward_list_alt_size = $0000 ; G 
__code_adt_p_forward_list_size  = $0000 ; G 
__code_adt_p_list_size          = $0000 ; G 
__code_adt_p_queue_size         = $0000 ; G 
__code_adt_p_stack_size         = $0000 ; G 
__code_adt_w_array_size         = $0000 ; G 
__code_adt_w_vector_size        = $0000 ; G 
__code_adt_wa_priority_queue_size = $0000 ; G 
__code_adt_wa_stack_size        = $0000 ; G 
__code_adt_wv_priority_queue_size = $0000 ; G 
__code_adt_wv_stack_size        = $0000 ; G 
__code_alloc_balloc_size        = $0000 ; G 
__code_alloc_malloc_size        = $0000 ; G 
__code_alloc_obstack_size       = $0000 ; G 
__code_arch_size                = $0000 ; G 
__code_bifrost2_size            = $0000 ; G 
__code_bifrost_h_size           = $0000 ; G 
__code_bifrost_l_size           = $0000 ; G 
__code_clib_size                = $0000 ; G 
__code_compress_aplib_size      = $0000 ; G 
__code_compress_zx7_size        = $0000 ; G 
__code_crt_exit_size            = $0000 ; G 
__code_crt_init_size            = $0000 ; G 
__code_ctype_size               = $0000 ; G 
__code_driver_character_input_size = $0000 ; G 
__code_driver_character_output_size = $0000 ; G 
__code_driver_general_size      = $0000 ; G 
__code_driver_memstream_size    = $0000 ; G 
__code_driver_size              = $0000 ; G 
__code_driver_terminal_input_size = $0000 ; G 
__code_driver_terminal_output_size = $0000 ; G 
__code_driver_tty_size          = $0000 ; G 
__code_fcntl_size               = $0000 ; G 
__code_font_fzx_size            = $0000 ; G 
__code_font_size                = $0000 ; G 
__code_fp_genmath_size          = $0000 ; G 
__code_fp_math48_size           = $0000 ; G 
__code_input_size               = $0000 ; G 
__code_inttypes_size            = $0000 ; G 
__code_l_sdcc_size              = $0000 ; G 
__code_lib_size                 = $0000 ; G 
__code_locale_size              = $0000 ; G 
__code_math_size                = $0000 ; G 
__code_network_size             = $0000 ; G 
__code_nirvanam_size            = $0000 ; G 
__code_nirvanap_size            = $0000 ; G 
__code_setjmp_size              = $0000 ; G 
__code_sound_bit_size           = $0000 ; G 
__code_stdio_size               = $0000 ; G 
__code_stdlib_size              = $0000 ; G 
__code_string_size              = $0000 ; G 
__code_temp_sp1_size            = $0000 ; G 
__code_threads_mutex_size       = $0000 ; G 
__code_threads_size             = $0000 ; G 
__code_z80_size                 = $0000 ; G 
__crt_enable_commandline        = $0000 ; L zcc75663
__crt_enable_restart            = $0000 ; L zcc75663
__crt_include_preamble          = $0000 ; L zcc75663
__crt_initialize_bss            = $0000 ; L zcc75663
__crt_model                     = $0000 ; L zcc75663
__crt_org_bss                   = $0000 ; L zcc75663
__crt_org_data                  = $0000 ; L zcc75663
__data_alloc_balloc_size        = $0000 ; G 
__data_alloc_malloc_size        = $0000 ; G 
__data_clib_size                = $0000 ; G 
__data_driver_size              = $0000 ; G 
__data_fcntl_fdtable_body_size  = $0000 ; G 
__data_fcntl_size               = $0000 ; G 
__data_fcntl_stdio_heap_body_size = $0000 ; G 
__data_fcntl_stdio_heap_head_size = $0000 ; G 
__data_fcntl_stdio_heap_tail_size = $0000 ; G 
__data_font_size                = $0000 ; G 
__data_lib_size                 = $0000 ; G 
__data_sound_bit_size           = $0000 ; G 
__data_stdlib_size              = $0000 ; G 
__data_user_size                = $0000 ; G 
__exit_stack_size               = $0000 ; G zcc75663
__fcntl_fdtbl                   = $0000 ; G zcc75663
__fcntl_fdtbl_size              = $0000 ; G zcc75663
__head                          = $0000 ; G 
__quickexit_stack_size          = $0000 ; G zcc75663
__rodata_clib_size              = $0000 ; G 
__rodata_compiler_size          = $0000 ; G 
__rodata_driver_size            = $0000 ; G 
__rodata_error_strings_size     = $0000 ; G 
__rodata_fcntl_size             = $0000 ; G 
__rodata_font_4x8_size          = $0000 ; G 
__rodata_font_8x8_size          = $0000 ; G 
__rodata_font_fzx_size          = $0000 ; G 
__rodata_font_size              = $0000 ; G 
__rodata_input_size             = $0000 ; G 
__rodata_lib_size               = $0000 ; G 
__rodata_sound_bit_size         = $0000 ; G 
__rodata_stdio_size             = $0000 ; G 
__rodata_stdlib_size            = $0000 ; G 
__rodata_user_size              = $0000 ; G 
__smc_clib_size                 = $0000 ; G 
__smc_compiler_size             = $0000 ; G 
__smc_driver_size               = $0000 ; G 
__smc_fcntl_size                = $0000 ; G 
__smc_font_size                 = $0000 ; G 
__smc_l_size                    = $0000 ; G 
__smc_lib_size                  = $0000 ; G 
__smc_sound_bit_size            = $0000 ; G 
__smc_user_size                 = $0000 ; G 
thrd_success                    = $0000 ; G zcc75663
DEFINED_CLIB_MALLOC_HEAP_SIZE   = $0001 ; L zcc75663
DEFINED_CLIB_OPT_STDIO          = $0001 ; L zcc75663
DEFINED_CLIB_STDIO_HEAP_SIZE    = $0001 ; L zcc75663
DEFINED_CRT_ON_EXIT             = $0001 ; L zcc75663
DEFINED_CRT_ORG_CODE            = $0001 ; L zcc75663
DEFINED_REGISTER_SP             = $0001 ; L zcc75663
DEFINED_startup                 = $0001 ; L zcc75663
STDIO_MSG_PUTC                  = $0001 ; G zcc75663
STDIO_SEEK_CUR                  = $0001 ; G zcc75663
TAR__crt_enable_close           = $0001 ; L zcc75663
TAR__crt_enable_eidi            = $0001 ; L zcc75663
__BSS_size                      = $0001 ; G 
__DATA_size                     = $0001 ; G 
__EACCES                        = $0001 ; G zcc75663
__crt_enable_close              = $0001 ; L zcc75663
__crt_enable_eidi               = $0001 ; L zcc75663
__data_threads_size             = $0001 ; G 
__rodata_error_string_end_size  = $0001 ; G 
mtx_plain                       = $0001 ; G zcc75663
thrd_error                      = $0001 ; G zcc75663
STDIO_MSG_WRIT                  = $0002 ; G zcc75663
STDIO_SEEK_END                  = $0002 ; G zcc75663
__EBADF                         = $0002 ; G zcc75663
__bss_stdio_size                = $0002 ; G 
__bss_stdlib_size               = $0002 ; G 
__code_l_size                   = $0002 ; G 
mtx_recursive                   = $0002 ; G zcc75663
thrd_nomem                      = $0002 ; G zcc75663
STDIO_MSG_GETC                  = $0003 ; G zcc75663
__EBDFD                         = $0003 ; G zcc75663
STDIO_MSG_EATC                  = $0004 ; G zcc75663
__CODE_size                     = $0004 ; G 
__EDOM                          = $0004 ; G zcc75663
__code_crt_main_size            = $0004 ; G 
__code_crt_return_size          = $0004 ; G 
__data_stdio_size               = $0004 ; G 
mtx_timed                       = $0004 ; G zcc75663
thrd_busy                       = $0004 ; G zcc75663
STDIO_MSG_READ                  = $0005 ; G zcc75663
__EFBIG                         = $0005 ; G zcc75663
STDIO_MSG_SEEK                  = $0006 ; G zcc75663
__EINVAL                        = $0006 ; G zcc75663
STDIO_MSG_ICTL                  = $0007 ; G zcc75663
TAR__crt_enable_streams         = $0007 ; L zcc75663
__EMFILE                        = $0007 ; G zcc75663
STDIO_MSG_FLSH                  = $0008 ; G zcc75663
__ENFILE                        = $0008 ; G zcc75663
__code_l_sccz80_size            = $0008 ; G 
thrd_timedout                   = $0008 ; G zcc75663
STDIO_MSG_CLOS                  = $0009 ; G zcc75663
__ENOLCK                        = $0009 ; G zcc75663
__code_error_size               = $0009 ; G 
__ENOMEM                        = $000A ; G zcc75663
__ENOTSUP                       = $000B ; G zcc75663
__EOVERFLOW                     = $000C ; G zcc75663
__ERANGE                        = $000D ; G zcc75663
__ESTAT                         = $000E ; G zcc75663
ICHAR_MSG_GETC                  = $000F ; G zcc75663
ITERM_MSG_GETC                  = $000F ; G zcc75663
__EAGAIN                        = $000F ; G zcc75663
__EWOULDBLOCK                   = $000F ; G zcc75663
ITERM_MSG_INTERRUPT             = $0010 ; G zcc75663
ITERM_MSG_PUTC                  = $0011 ; G zcc75663
ITERM_MSG_PRINT_CURSOR          = $0012 ; G zcc75663
ITERM_MSG_ERASE_CURSOR          = $0013 ; G zcc75663
ITERM_MSG_ERASE_CURSOR_PWD      = $0014 ; G zcc75663
ITERM_MSG_BS                    = $0015 ; G zcc75663
ITERM_MSG_BS_PWD                = $0016 ; G zcc75663
ITERM_MSG_READLINE_BEGIN        = $0017 ; G zcc75663
ITERM_MSG_READLINE_END          = $0018 ; G zcc75663
ITERM_MSG_BELL                  = $0019 ; G zcc75663
OCHAR_MSG_PUTC_BIN              = $001E ; G zcc75663
OTERM_MSG_PUTC                  = $001E ; G zcc75663
OTERM_MSG_TTY                   = $001F ; G zcc75663
startup                         = $001F ; L zcc75663
OCHAR_MSG_PUTC                  = $0020 ; G zcc75663
OTERM_MSG_PRINTC                = $0020 ; G zcc75663
OTERM_MSG_SCROLL                = $0021 ; G zcc75663
OTERM_MSG_CLS                   = $0022 ; G zcc75663
OTERM_MSG_PAUSE                 = $0023 ; G zcc75663
OTERM_MSG_BELL                  = $0024 ; G zcc75663
OTERM_MSG_PSCROLL               = $0025 ; G zcc75663
__code_crt_common_size          = $00C0 ; G 
TAR__clib_stdio_heap_size       = $0100 ; L zcc75663
IOCTL_OTERM_CLS                 = $0102 ; G zcc75663
__code_compiler_size            = $013A ; G 
__bss_compiler_size             = $0169 ; G 
__data_compiler_size            = $0190 ; G 
TAR__crt_stack_size             = $0200 ; L zcc75663
IOCTL_ITERM_TIE                 = $0201 ; G zcc75663
IOCTL_OTERM_RESET_SCROLL        = $0202 ; G zcc75663
IOCTL_ITERM_SET_EDITBUF         = $0301 ; G zcc75663
IOCTL_OTERM_SET_WINDOW_COORD    = $0302 ; G zcc75663
IOCTL_ITERM_GET_EDITBUF         = $0381 ; G zcc75663
IOCTL_OTERM_GET_WINDOW_COORD    = $0382 ; G zcc75663
IOCTL_OTERM_SET_WINDOW_RECT     = $0402 ; G zcc75663
IOCTL_OTERM_GET_WINDOW_RECT     = $0482 ; G zcc75663
IOCTL_OTERM_SET_CURSOR_COORD    = $0502 ; G zcc75663
IOCTL_OTERM_GET_CURSOR_COORD    = $0582 ; G zcc75663
IOCTL_OTERM_GET_OTERM           = $0602 ; G zcc75663
IOCTL_OTERM_SCROLL              = $0702 ; G zcc75663
IOCTL_OTERM_FONT                = $0802 ; G zcc75663
IOCTL_OTERM_FZX_SET_PAPER_COORD = $0A02 ; G zcc75663
IOCTL_OTERM_FZX_GET_PAPER_COORD = $0A82 ; G zcc75663
IOCTL_OTERM_FZX_SET_PAPER_RECT  = $0B02 ; G zcc75663
IOCTL_OTERM_FZX_GET_PAPER_RECT  = $0B82 ; G zcc75663
__code_user_size                = $0BB5 ; G 
IOCTL_OTERM_FZX_LEFT_MARGIN     = $0C02 ; G zcc75663
IOCTL_OTERM_FZX_LINE_SPACING    = $0D02 ; G zcc75663
IOCTL_OTERM_FZX_SPACE_EXPAND    = $0E02 ; G zcc75663
IOCTL_OTERM_FZX_SET_FZX_STATE   = $0F02 ; G zcc75663
IOCTL_OTERM_FZX_GET_FZX_STATE   = $0F82 ; G zcc75663
IOCTL_ITERM_SET_DELAY           = $1001 ; G zcc75663
IOCTL_OTERM_FCOLOR              = $1002 ; G zcc75663
IOCTL_ITERM_GET_DELAY           = $1081 ; G zcc75663
IOCTL_ITERM_LASTK               = $1101 ; G zcc75663
IOCTL_OTERM_FMASK               = $1102 ; G zcc75663
IOCTL_OTERM_BCOLOR              = $1202 ; G zcc75663
CRT_ORG_CODE                    = $5F82 ; L zcc75663
__CODE_head                     = $5F82 ; G 
__Start                         = $5F82 ; G zcc75663
__crt_org_code                  = $5F82 ; L zcc75663
__Restart                       = $5F83 ; L zcc75663
__CODE_tail                     = $5F86 ; G 
__Restart_2                     = $5F86 ; L zcc75663
__code_crt_init_head            = $5F86 ; G 
__code_crt_init_tail            = $5F86 ; G 
__code_crt_main_head            = $5F86 ; G 
__Exit                          = $5F89 ; G zcc75663
__code_crt_exit_head            = $5F8A ; G 
__code_crt_exit_tail            = $5F8A ; G 
__code_crt_main_tail            = $5F8A ; G 
__code_crt_return_head          = $5F8A ; G 
__code_crt_common_head          = $5F8E ; G 
__code_crt_return_tail          = $5F8E ; G 
_setrambank                     = $5F8E ; G objects
_switchscreen                   = $5F9D ; G objects
_depack                         = $5FAB ; G objects
zcc755E3_apbranch1              = $5FAE ; L objects
zcc755E3_aploop0                = $5FB0 ; L objects
zcc755E3_aploop                 = $5FB3 ; L objects
zcc755E3_apget4bits             = $5FC6 ; L objects
zcc755E3_apwritebyte            = $5FD0 ; L objects
zcc755E3_apbranch4              = $5FD4 ; L objects
zcc755E3_apbranch3              = $5FDD ; L objects
zcc755E3_apbranch2              = $5FF1 ; L objects
zcc755E3_apskip2                = $6010 ; L objects
zcc755E3_apskip3                = $6019 ; L objects
zcc755E3_ap_finishup            = $601C ; L objects
zcc755E3_ap_finishup2           = $601F ; L objects
zcc755E3_ap_r0_gamma            = $6026 ; L objects
zcc755E3_ap_getbit              = $6032 ; L objects
zcc755E3_ap_getgamma            = $603E ; L objects
zcc755E3_ap_getgammaloop        = $6041 ; L objects
__code_adt_b_array_head         = $604E ; G 
__code_adt_b_array_tail         = $604E ; G 
__code_adt_b_vector_head        = $604E ; G 
__code_adt_b_vector_tail        = $604E ; G 
__code_adt_ba_priority_queue_head = $604E ; G 
__code_adt_ba_priority_queue_tail = $604E ; G 
__code_adt_ba_stack_head        = $604E ; G 
__code_adt_ba_stack_tail        = $604E ; G 
__code_adt_bv_priority_queue_head = $604E ; G 
__code_adt_bv_priority_queue_tail = $604E ; G 
__code_adt_bv_stack_head        = $604E ; G 
__code_adt_bv_stack_tail        = $604E ; G 
__code_adt_p_forward_list_alt_head = $604E ; G 
__code_adt_p_forward_list_alt_tail = $604E ; G 
__code_adt_p_forward_list_head  = $604E ; G 
__code_adt_p_forward_list_tail  = $604E ; G 
__code_adt_p_list_head          = $604E ; G 
__code_adt_p_list_tail          = $604E ; G 
__code_adt_p_queue_head         = $604E ; G 
__code_adt_p_queue_tail         = $604E ; G 
__code_adt_p_stack_head         = $604E ; G 
__code_adt_p_stack_tail         = $604E ; G 
__code_adt_w_array_head         = $604E ; G 
__code_adt_w_array_tail         = $604E ; G 
__code_adt_w_vector_head        = $604E ; G 
__code_adt_w_vector_tail        = $604E ; G 
__code_adt_wa_priority_queue_head = $604E ; G 
__code_adt_wa_priority_queue_tail = $604E ; G 
__code_adt_wa_stack_head        = $604E ; G 
__code_adt_wa_stack_tail        = $604E ; G 
__code_adt_wv_priority_queue_head = $604E ; G 
__code_adt_wv_priority_queue_tail = $604E ; G 
__code_adt_wv_stack_head        = $604E ; G 
__code_adt_wv_stack_tail        = $604E ; G 
__code_alloc_balloc_head        = $604E ; G 
__code_alloc_balloc_tail        = $604E ; G 
__code_alloc_malloc_head        = $604E ; G 
__code_alloc_malloc_tail        = $604E ; G 
__code_alloc_obstack_head       = $604E ; G 
__code_alloc_obstack_tail       = $604E ; G 
__code_arch_head                = $604E ; G 
__code_arch_tail                = $604E ; G 
__code_bifrost2_head            = $604E ; G 
__code_bifrost2_tail            = $604E ; G 
__code_bifrost_h_head           = $604E ; G 
__code_bifrost_h_tail           = $604E ; G 
__code_bifrost_l_head           = $604E ; G 
__code_bifrost_l_tail           = $604E ; G 
__code_clib_head                = $604E ; G 
__code_clib_tail                = $604E ; G 
__code_compress_aplib_head      = $604E ; G 
__code_compress_aplib_tail      = $604E ; G 
__code_compress_zx7_head        = $604E ; G 
__code_compress_zx7_tail        = $604E ; G 
__code_crt_common_tail          = $604E ; G 
__code_ctype_head               = $604E ; G 
__code_ctype_tail               = $604E ; G 
__code_driver_character_input_head = $604E ; G 
__code_driver_character_input_tail = $604E ; G 
__code_driver_character_output_head = $604E ; G 
__code_driver_character_output_tail = $604E ; G 
__code_driver_general_head      = $604E ; G 
__code_driver_general_tail      = $604E ; G 
__code_driver_head              = $604E ; G 
__code_driver_memstream_head    = $604E ; G 
__code_driver_memstream_tail    = $604E ; G 
__code_driver_tail              = $604E ; G 
__code_driver_terminal_input_head = $604E ; G 
__code_driver_terminal_input_tail = $604E ; G 
__code_driver_terminal_output_head = $604E ; G 
__code_driver_terminal_output_tail = $604E ; G 
__code_driver_tty_head          = $604E ; G 
__code_driver_tty_tail          = $604E ; G 
__code_error_head               = $604E ; G 
__code_font_head                = $604E ; G 
__code_font_tail                = $604E ; G 
__ch_system                     = $6052 ; G zcc75663
error_zc                        = $6052 ; G error_zc
__code_error_tail               = $6057 ; G 
__code_fcntl_head               = $6057 ; G 
__code_fcntl_tail               = $6057 ; G 
__code_font_fzx_head            = $6057 ; G 
__code_font_fzx_tail            = $6057 ; G 
__code_fp_genmath_head          = $6057 ; G 
__code_fp_genmath_tail          = $6057 ; G 
__code_fp_math48_head           = $6057 ; G 
__code_fp_math48_tail           = $6057 ; G 
__code_input_head               = $6057 ; G 
__code_input_tail               = $6057 ; G 
__code_inttypes_head            = $6057 ; G 
__code_inttypes_tail            = $6057 ; G 
__code_l_head                   = $6057 ; G 
__thread_block_timeout          = $6058 ; G zcc75663
__thread_context_switch         = $6058 ; G zcc75663
__thread_unblock                = $6058 ; G zcc75663
l_ret                           = $6058 ; G l_ret
__code_l_sccz80_head            = $6059 ; G 
__code_l_tail                   = $6059 ; G 
l_gintsp                        = $6059 ; G l_gintsp
l_gint                          = $605C ; G l_gint
l_gintsp_gint                   = $605C ; G l_gintsp
__code_compiler_head            = $6061 ; G 
__code_l_sccz80_tail            = $6061 ; G 
__code_l_sdcc_head              = $6061 ; G 
__code_l_sdcc_tail              = $6061 ; G 
__code_lib_head                 = $6061 ; G 
__code_lib_tail                 = $6061 ; G 
__code_locale_head              = $6061 ; G 
__code_locale_tail              = $6061 ; G 
__code_math_head                = $6061 ; G 
__code_math_tail                = $6061 ; G 
__code_network_head             = $6061 ; G 
__code_network_tail             = $6061 ; G 
__code_nirvanam_head            = $6061 ; G 
__code_nirvanam_tail            = $6061 ; G 
__code_nirvanap_head            = $6061 ; G 
__code_nirvanap_tail            = $6061 ; G 
__code_setjmp_head              = $6061 ; G 
__code_setjmp_tail              = $6061 ; G 
__code_sound_bit_head           = $6061 ; G 
__code_sound_bit_tail           = $6061 ; G 
__code_stdio_head               = $6061 ; G 
__code_stdio_tail               = $6061 ; G 
__code_stdlib_head              = $6061 ; G 
__code_stdlib_tail              = $6061 ; G 
__code_string_head              = $6061 ; G 
__code_string_tail              = $6061 ; G 
__code_temp_sp1_head            = $6061 ; G 
__code_temp_sp1_tail            = $6061 ; G 
__code_threads_head             = $6061 ; G 
__code_threads_mutex_head       = $6061 ; G 
__code_threads_mutex_tail       = $6061 ; G 
__code_threads_tail             = $6061 ; G 
__code_z80_head                 = $6061 ; G 
__code_z80_tail                 = $6061 ; G 
_wyz_load_music                 = $6061 ; G objects
_wyz_stop_music                 = $6081 ; G objects
_wyz_play                       = $6088 ; G objects
_wyz_effect                     = $608C ; G objects
_gameISR                        = $60A9 ; G objects
main_noscreenswitch             = $60C7 ; L objects
_load_level                     = $60ED ; G objects
_main                           = $619A ; G objects
_DrawMap                        = $619B ; G objects
__code_compiler_tail            = $619B ; G 
__code_user_head                = $619B ; G 
zcc755E3_chars_not_zero         = $61AD ; L objects
zcc755E3_dm_save_sp             = $61AF ; L objects
zcc755E3_draw_loopy             = $61CC ; L objects
zcc755E3_draw_loopy_zero        = $61D6 ; L objects
zcc755E3_draw_loopy_notzero     = $61DF ; L objects
zcc755E3_leftmost_loop          = $6203 ; L objects
zcc755E3_go_to_center           = $621D ; L objects
zcc755E3_draw_center_tiles      = $6225 ; L objects
zcc755E3_draw_center_notzero    = $6234 ; L objects
zcc755E3_draw_or_left           = $624A ; L objects
zcc755E3_draw_direct_rest       = $6270 ; L objects
zcc755E3_continue_center_loop   = $62B1 ; L objects
zcc755E3_draw_loopy_right       = $62B7 ; L objects
zcc755E3_draw_right_zero        = $62CB ; L objects
zcc755E3_draw_right_notzero     = $62D4 ; L objects
zcc755E3_draw_or_rightmost_left = $62EA ; L objects
zcc755E3_rightmost_loop         = $631D ; L objects
zcc755E3_draw_next_line         = $6337 ; L objects
zcc755E3_not_second_third       = $633E ; L objects
zcc755E3_b_not_zero             = $6347 ; L objects
zcc755E3_dm_restoresp           = $634F ; L objects
zcc755E3_centertiles            = $6353 ; L objects
_ClearMapArea                   = $6354 ; G objects
zcc755E3_cma_loop               = $6361 ; L objects
zcc755E3_cma_restoresp          = $6383 ; L objects
_DrawSprite                     = $6388 ; G objects
zcc755E3_char1                  = $63DA ; L objects
zcc755E3_lineloop_1char         = $63DD ; L objects
zcc755E3_draw_a1_1char          = $63FF ; L objects
zcc755E3_char2                  = $640A ; L objects
zcc755E3_lineloop_2char         = $640D ; L objects
zcc755E3_draw_a1_2char          = $6434 ; L objects
zcc755E3_char3                  = $643F ; L objects
zcc755E3_lineloop               = $6442 ; L objects
zcc755E3_data                   = $645D ; L objects
zcc755E3_draw_a1                = $6472 ; L objects
_DrawSprite_Ship                = $647D ; G objects
zcc755E3_lineloop_ship          = $64CB ; L objects
zcc755E3_byte1_nocollision      = $64E9 ; L objects
zcc755E3_byte2_nocollision      = $64F6 ; L objects
zcc755E3_data2_ship             = $64FB ; L objects
zcc755E3_byte3_nocollision      = $6504 ; L objects
zcc755E3_data_ship              = $6505 ; L objects
zcc755E3_draw_a1_ship           = $651A ; L objects
_InsertSpriteInCache            = $6524 ; G objects
zcc755E3_insert_unused_entry    = $653A ; L objects
zcc755E3_insert_lineloop        = $65CA ; L objects
zcc755E3_insert_rotateloop      = $65DB ; L objects
zcc755E3_insert_skiprotate      = $65E3 ; L objects
_MoveSpriteToTop                = $6603 ; G objects
zcc755E3_checklast              = $660C ; L objects
zcc755E3_moveactually           = $6617 ; L objects
_InitSprCacheList               = $6632 ; G objects
zcc755E3_loop_InitSprCache      = $6658 ; L objects
_calcscreenpos                  = $666F ; G objects
zcc755E3_LRU_first              = $668C ; L objects
zcc755E3_LRU_last               = $668D ; L objects
zcc755E3_SCRADD                 = $668E ; L objects
zcc755E3_LINECOUNT              = $6690 ; L objects
zcc755E3_SAVE_RAMBANK           = $6691 ; L objects
_Ship_Collision                 = $6692 ; G objects
zcc755E3_Multiply_by_48         = $6693 ; L objects
_GET_KEY_STATE                  = $6741 ; G objects
_read_joystick                  = $6748 ; G objects
_get_joystick                   = $6753 ; G objects
zcc755E3_check_sinclair1        = $675D ; L objects
zcc755E3_check_sinclair2        = $6765 ; L objects
zcc755E3_get_joy_redef          = $676D ; L objects
zcc755E3_get_joy_end            = $6770 ; L objects
zcc755E3_read_kempston_joystick = $6773 ; L objects
zcc755E3_kempston_right         = $677D ; L objects
zcc755E3_kempston_left          = $6783 ; L objects
zcc755E3_kempston_down          = $6789 ; L objects
zcc755E3_kempston_up            = $678F ; L objects
zcc755E3_kempston_fire          = $6795 ; L objects
zcc755E3_nokempston             = $679B ; L objects
zcc755E3_read_sinclair1_joystick = $679D ; L objects
zcc755E3_sinclair1_fire         = $67A3 ; L objects
zcc755E3_sinclair1_up           = $67A9 ; L objects
zcc755E3_sinclair1_down         = $67AF ; L objects
zcc755E3_sinclair1_right        = $67B5 ; L objects
zcc755E3_sinclair1_left         = $67BB ; L objects
zcc755E3_read_sinclair2_joystick = $67C1 ; L objects
zcc755E3_sinclair2_left         = $67C7 ; L objects
zcc755E3_sinclair2_right        = $67CD ; L objects
zcc755E3_sinclair2_down         = $67D3 ; L objects
zcc755E3_sinclair2_up           = $67D9 ; L objects
zcc755E3_sinclair2_fire         = $67DF ; L objects
zcc755E3_read_redefined         = $67E5 ; L objects
zcc755E3_redefined_up           = $67E5 ; L objects
zcc755E3_redefined_down         = $67F3 ; L objects
zcc755E3_redefined_left         = $67FE ; L objects
zcc755E3_redefined_right        = $680B ; L objects
zcc755E3_redefined_fire         = $6818 ; L objects
zcc755E3_redefined_end          = $6825 ; L objects
_CreaTablaTiles                 = $6827 ; G objects
zcc755E3_copiatiles_outerloop   = $6844 ; L objects
zcc755E3_copiatiles_innerloop   = $6848 ; L objects
zcc755E3_copiatiles_outerloop2  = $6860 ; L objects
zcc755E3_copiatiles_innerloop2  = $6864 ; L objects
zcc755E3_copiatiles_outerloop3  = $687C ; L objects
zcc755E3_copiatiles_innerloop3  = $6880 ; L objects
zcc755E3_copiatiles_outerloop4  = $6897 ; L objects
zcc755E3_copiatiles_innerloop4  = $689B ; L objects
zcc755E3_newshift               = $68B0 ; L objects
zcc755E3_shiftloopTable         = $68C2 ; L objects
zcc755E3_rotateouter            = $68CC ; L objects
zcc755E3_looprotate             = $68D1 ; L objects
zcc755E3_endCreaTablaTiles      = $68FC ; L objects
zcc755E3_SaveTablaTiles         = $6900 ; L objects
_SetIM2                         = $6902 ; G objects
zcc755E3_BASICISR               = $6923 ; L objects
zcc755E3_israddr                = $692E ; L objects
zcc755E3_starshl_slow           = $693E ; L objects
zcc755E3_starshl_medium         = $696E ; L objects
zcc755E3_stars_var              = $699E ; L objects
zcc755E3_star_iteration         = $699F ; L objects
_genstars                       = $69A0 ; G objects
_genpixels                      = $69C5 ; G objects
zcc755E3_genpix_shiftloop       = $69CB ; L objects
_update_loop                    = $69D1 ; G objects
zcc755E3_nojump_char            = $69E5 ; L objects
zcc755E3_jump_char              = $69E6 ; L objects
_MoveStarfield                  = $69EC ; G objects
_GenStarfield                   = $6A0D ; G objects
_Display_starfield              = $6A26 ; G objects
zcc755E3_DisplayLoop            = $6A2E ; L objects
zcc755E3_disp_dontdraw          = $6A3A ; L objects
_rand                           = $6A41 ; G objects
zcc755E3_rand_seed              = $6A41 ; L objects
_load_background                = $6A60 ; G objects
_LoadSprBlock                   = $6AF1 ; G objects
_loadLevelRamBank               = $6B4E ; G objects
_loadPrepTiles                  = $6B57 ; G objects
_PrintLargeNumber               = $6B6B ; G objects
zcc755E3_PrintLargeNumber       = $6B6B ; L objects
zcc755E3_printlarge_loop1       = $6B7E ; L objects
zcc755E3_printlarge_loop2       = $6B8D ; L objects
_divide_large                   = $6B96 ; G objects
zcc755E3_divide_loop            = $6B9A ; L objects
zcc755E3_divide_completed       = $6BA3 ; L objects
_decompose_5digit               = $6BA5 ; G objects
_PrintLarge_2                   = $6BCD ; G objects
_PrintLargeNumber_4000          = $6BE5 ; G objects
zcc755E3_printlarge4000_loop1   = $6BFC ; L objects
zcc755E3_printlarge4000_loop2   = $6C0B ; L objects
_PrintLarge_2_4000              = $6C14 ; G objects
_PrintLarge_5                   = $6C2C ; G objects
_PrintSmall_5                   = $6C68 ; G objects
_PrintNumber                    = $6CA4 ; G objects
zcc755E3_printnum_loop          = $6CB6 ; L objects
_PrintNumber_4000               = $6CBD ; G objects
zcc755E3_printnum_4000_loop     = $6CD3 ; L objects
_CleanSCRC000                   = $6CDA ; G objects
_CalcScreenPos                  = $6CF4 ; G objects
zcc755E3_shiftloop              = $6D1A ; L objects
zcc755E3_postloop               = $6D1E ; L objects
_CalcScreenPos_Char             = $6D20 ; G objects
_clean_screen_asm               = $6D38 ; G objects
__code_user_tail                = $6D50 ; G 
__rodata_clib_head              = $6D50 ; G 
__rodata_clib_tail              = $6D50 ; G 
__rodata_driver_head            = $6D50 ; G 
__rodata_driver_tail            = $6D50 ; G 
__rodata_error_string_end_head  = $6D50 ; G 
__rodata_error_strings_head     = $6D50 ; G 
__rodata_error_strings_tail     = $6D50 ; G 
__rodata_font_head              = $6D50 ; G 
__rodata_font_tail              = $6D50 ; G 
__CODE_END_head                 = $6D51 ; G 
__CODE_END_tail                 = $6D51 ; G 
__DATA_head                     = $6D51 ; G 
__rodata_compiler_head          = $6D51 ; G 
__rodata_compiler_tail          = $6D51 ; G 
__rodata_error_string_end_tail  = $6D51 ; G 
__rodata_fcntl_head             = $6D51 ; G 
__rodata_fcntl_tail             = $6D51 ; G 
__rodata_font_4x8_head          = $6D51 ; G 
__rodata_font_4x8_tail          = $6D51 ; G 
__rodata_font_8x8_head          = $6D51 ; G 
__rodata_font_8x8_tail          = $6D51 ; G 
__rodata_font_fzx_head          = $6D51 ; G 
__rodata_font_fzx_tail          = $6D51 ; G 
__rodata_input_head             = $6D51 ; G 
__rodata_input_tail             = $6D51 ; G 
__rodata_lib_head               = $6D51 ; G 
__rodata_lib_tail               = $6D51 ; G 
__rodata_sound_bit_head         = $6D51 ; G 
__rodata_sound_bit_tail         = $6D51 ; G 
__rodata_stdio_head             = $6D51 ; G 
__rodata_stdio_tail             = $6D51 ; G 
__rodata_stdlib_head            = $6D51 ; G 
__rodata_stdlib_tail            = $6D51 ; G 
__rodata_user_head              = $6D51 ; G 
__rodata_user_tail              = $6D51 ; G 
__DATA_tail                     = $6D52 ; G 
__data_alloc_balloc_head        = $6D52 ; G 
__data_alloc_balloc_tail        = $6D52 ; G 
__data_alloc_malloc_head        = $6D52 ; G 
__data_alloc_malloc_tail        = $6D52 ; G 
__data_clib_head                = $6D52 ; G 
__data_clib_tail                = $6D52 ; G 
__data_driver_head              = $6D52 ; G 
__data_driver_tail              = $6D52 ; G 
__data_fcntl_fdtable_body_head  = $6D52 ; G 
__data_fcntl_fdtable_body_tail  = $6D52 ; G 
__data_fcntl_head               = $6D52 ; G 
__data_fcntl_stdio_heap_body_head = $6D52 ; G 
__data_fcntl_stdio_heap_body_tail = $6D52 ; G 
__data_fcntl_stdio_heap_head_head = $6D52 ; G 
__data_fcntl_stdio_heap_head_tail = $6D52 ; G 
__data_fcntl_stdio_heap_tail_head = $6D52 ; G 
__data_fcntl_stdio_heap_tail_tail = $6D52 ; G 
__data_fcntl_tail               = $6D52 ; G 
__data_font_head                = $6D52 ; G 
__data_font_tail                = $6D52 ; G 
__data_sound_bit_head           = $6D52 ; G 
__data_sound_bit_tail           = $6D52 ; G 
__data_stdio_head               = $6D52 ; G 
__smc_clib_head                 = $6D52 ; G 
__smc_clib_tail                 = $6D52 ; G 
__smc_compiler_head             = $6D52 ; G 
__smc_compiler_tail             = $6D52 ; G 
__smc_driver_head               = $6D52 ; G 
__smc_driver_tail               = $6D52 ; G 
__smc_fcntl_head                = $6D52 ; G 
__smc_fcntl_tail                = $6D52 ; G 
__smc_font_head                 = $6D52 ; G 
__smc_font_tail                 = $6D52 ; G 
__smc_l_head                    = $6D52 ; G 
__smc_l_tail                    = $6D52 ; G 
__smc_lib_head                  = $6D52 ; G 
__smc_lib_tail                  = $6D52 ; G 
__smc_sound_bit_head            = $6D52 ; G 
__smc_sound_bit_tail            = $6D52 ; G 
__smc_user_head                 = $6D52 ; G 
__smc_user_tail                 = $6D52 ; G 
__stdio_closed_file_list        = $6D52 ; G zcc75663
__data_stdio_tail               = $6D56 ; G 
__data_stdlib_head              = $6D56 ; G 
__data_stdlib_tail              = $6D56 ; G 
__data_threads_head             = $6D56 ; G 
__thrd_id                       = $6D56 ; G zcc75663
__data_compiler_head            = $6D57 ; G 
__data_lib_head                 = $6D57 ; G 
__data_lib_tail                 = $6D57 ; G 
__data_threads_tail             = $6D57 ; G 
_level_address                  = $6D57 ; G objects
_enemy_address                  = $6D65 ; G objects
_finalenemy_address             = $6D73 ; G objects
_levelsprites                   = $6D81 ; G objects
_finalspr                       = $6D8F ; G objects
_finalspr_count                 = $6D9D ; G objects
_levelcolors                    = $6DAB ; G objects
_level_checkpoints              = $6DB2 ; G objects
_enemy_sprites                  = $6DCE ; G objects
_enemy_score                    = $6DF9 ; G objects
_finalenemy_sprites             = $6E24 ; G objects
_shoot_sprites                  = $6E2B ; G objects
_shoot_energy                   = $6E31 ; G objects
_shoot_max_number               = $6E37 ; G objects
_shoot_speed                    = $6E3D ; G objects
_behavior_types                 = $6E43 ; G objects
_level_music                    = $6E6E ; G objects
_finalenemy_music               = $6E75 ; G objects
_fxchannel_music                = $6E7C ; G objects
_number_font                    = $6E8B ; G objects
_keys                           = $6EDB ; G objects
_enemy_locations                = $6EE5 ; G objects
__BSS_head                      = $6EE7 ; G 
__DATA_END_head                 = $6EE7 ; G 
__DATA_END_tail                 = $6EE7 ; G 
__data_compiler_tail            = $6EE7 ; G 
__data_user_head                = $6EE7 ; G 
__data_user_tail                = $6EE7 ; G 
__BSS_UNINITIALIZED_head        = $6EE8 ; G 
__BSS_UNINITIALIZED_tail        = $6EE8 ; G 
__BSS_tail                      = $6EE8 ; G 
__bss_alloc_balloc_head         = $6EE8 ; G 
__bss_alloc_balloc_tail         = $6EE8 ; G 
__bss_alloc_malloc_head         = $6EE8 ; G 
__bss_alloc_malloc_tail         = $6EE8 ; G 
__bss_arch_head                 = $6EE8 ; G 
__bss_arch_tail                 = $6EE8 ; G 
__bss_clib_head                 = $6EE8 ; G 
__bss_clib_tail                 = $6EE8 ; G 
__bss_compress_aplib_head       = $6EE8 ; G 
__bss_compress_aplib_tail       = $6EE8 ; G 
__bss_driver_head               = $6EE8 ; G 
__bss_driver_tail               = $6EE8 ; G 
__bss_error_head                = $6EE8 ; G 
__bss_error_tail                = $6EE8 ; G 
__bss_fcntl_head                = $6EE8 ; G 
__bss_fcntl_tail                = $6EE8 ; G 
__bss_font_head                 = $6EE8 ; G 
__bss_font_tail                 = $6EE8 ; G 
__bss_input_head                = $6EE8 ; G 
__bss_input_tail                = $6EE8 ; G 
__bss_sound_bit_head            = $6EE8 ; G 
__bss_sound_bit_tail            = $6EE8 ; G 
__bss_stdio_head                = $6EE8 ; G 
__stdio_open_file_list          = $6EE8 ; G zcc75663
__bss_stdio_tail                = $6EEA ; G 
__bss_stdlib_head               = $6EEA ; G 
__exit_stack                    = $6EEA ; G zcc75663
__quickexit_stack               = $6EEB ; G zcc75663
__bss_compiler_head             = $6EEC ; G 
__bss_lib_head                  = $6EEC ; G 
__bss_lib_tail                  = $6EEC ; G 
__bss_stdlib_tail               = $6EEC ; G 
__bss_string_head               = $6EEC ; G 
__bss_string_tail               = $6EEC ; G 
_active_enemies                 = $6EEC ; G objects
_frames_to_shoot                = $6F4C ; G objects
_length_map                     = $6F4D ; G objects
_inertia_cheat                  = $6F4F ; G objects
_life_counter                   = $6F50 ; G objects
_previous_level                 = $6F51 ; G objects
_map_displacement               = $6F52 ; G objects
_map_xpos                       = $6F53 ; G objects
_CurLevel_XLength               = $6F54 ; G objects
_credit_counter                 = $6F55 ; G objects
_frameskip_counter              = $6F56 ; G objects
_max_shoots                     = $6F57 ; G objects
_mayday                         = $6F58 ; G objects
_int_pointer                    = $6F59 ; G objects
_respawn_xpos                   = $6F5B ; G objects
_joy                            = $6F5C ; G objects
_available_superbombs           = $6F5D ; G objects
_ship_x                         = $6F5E ; G objects
_ship_y                         = $6F5F ; G objects
_current_weapon_energy          = $6F60 ; G objects
_border_color                   = $6F61 ; G objects
_frames_fire_pressed            = $6F62 ; G objects
_fenemy_activation_counter      = $6F63 ; G objects
_fenemy_defeat                  = $6F64 ; G objects
_final_enemy_active             = $6F65 ; G objects
_ship0spr                       = $6F66 ; G objects
_update_superb                  = $6F67 ; G objects
_length_tiles                   = $6F68 ; G objects
_hiscore                        = $6F6A ; G objects
_level_pointer                  = $6F6C ; G objects
_current_screen                 = $6F6E ; G objects
_dummy_b                        = $6F6F ; G objects
_dummy_i                        = $6F70 ; G objects
_current_weapon                 = $6F72 ; G objects
_score                          = $6F73 ; G objects
_joystick_type                  = $6F75 ; G objects
_update_score                   = $6F76 ; G objects
_current_weapon_sprite          = $6F77 ; G objects
_my_active_shoots               = $6F78 ; G objects
_enemy_active_shoots            = $6FD8 ; G objects
_current_level                  = $7038 ; G objects
_level_color                    = $7039 ; G objects
_update_life                    = $703A ; G objects
_end_game                       = $703B ; G objects
_final_enemy_components         = $703C ; G objects
_next_extralife                 = $703D ; G objects
_new_enemy                      = $703F ; G objects
_numbers                        = $7040 ; G objects
_speed_x                        = $7045 ; G objects
_speed_y                        = $7046 ; G objects
_power_up                       = $7047 ; G objects
_sound_selection                = $7053 ; G objects
_CurLevel_NTiles                = $7054 ; G objects
__BSS_END_head                  = $7055 ; G 
__BSS_END_tail                  = $7055 ; G 
__bss_compiler_tail             = $7055 ; G 
__bss_user_head                 = $7055 ; G 
__bss_user_tail                 = $7055 ; G 
__size                          = $7055 ; G 
__tail                          = $7055 ; G 
TAR__crt_org_code               = $8000 ; L zcc75663
REGISTER_SP                     = $C000 ; L zcc75663
__register_sp                   = $C000 ; L zcc75663
IOCTL_ITERM_CAPS                = $C009 ; G zcc75663
IOCTL_ITERM_COOK                = $C011 ; G zcc75663
IOCTL_OTERM_CRLF                = $C012 ; G zcc75663
IOCTL_OCHAR_CRLF                = $C014 ; G zcc75663
IOCTL_ITERM_LINE                = $C021 ; G zcc75663
IOCTL_OTERM_COOK                = $C022 ; G zcc75663
IOCTL_ITERM_PASS                = $C041 ; G zcc75663
IOCTL_OTERM_PAUSE               = $C042 ; G zcc75663
IOCTL_ITERM_ECHO                = $C081 ; G zcc75663
IOCTL_OTERM_PAGE                = $C082 ; G zcc75663
IOCTL_ITERM_CRLF                = $C101 ; G zcc75663
IOCTL_OTERM_BELL                = $C102 ; G zcc75663
IOCTL_ICHAR_CRLF                = $C103 ; G zcc75663
IOCTL_ITERM_CURS                = $C201 ; G zcc75663
IOCTL_OTERM_SIGNAL              = $C202 ; G zcc75663
IOCTL_OTERM_CLEAR               = $E002 ; G zcc75663
TAR__register_sp                = $FF58 ; L zcc75663
CRT_ON_EXIT                     = $10001 ; L zcc75663
__crt_on_exit                   = $10001 ; L zcc75663
TAR__crt_on_exit                = $30002 ; L zcc75663
