TAR__clib_malloc_heap_size      = $FFFFFFFF ; L zccE4893
CLIB_MALLOC_HEAP_SIZE           = $0000 ; L zccE4893
CLIB_OPT_STDIO                  = $0000 ; L zccE4893
CLIB_STDIO_HEAP_SIZE            = $0000 ; L zccE4893
IOCTL_RESET                     = $0000 ; G zccE4893
STDIO_SEEK_SET                  = $0000 ; G zccE4893
TAR__clib_balloc_table_size     = $0000 ; L zccE4893
TAR__clib_exit_stack_size       = $0000 ; L zccE4893
TAR__clib_fopen_max             = $0000 ; L zccE4893
TAR__clib_open_max              = $0000 ; L zccE4893
TAR__clib_quickexit_stack_size  = $0000 ; L zccE4893
TAR__crt_enable_commandline     = $0000 ; L zccE4893
TAR__crt_enable_nmi             = $0000 ; L zccE4893
TAR__crt_enable_restart         = $0000 ; L zccE4893
TAR__crt_enable_rst             = $0000 ; L zccE4893
TAR__crt_include_preamble       = $0000 ; L zccE4893
TAR__crt_initialize_bss         = $0000 ; L zccE4893
TAR__crt_model                  = $0000 ; L zccE4893
TAR__crt_org_bss                = $0000 ; L zccE4893
TAR__crt_org_data               = $0000 ; L zccE4893
__BSS_END_size                  = $0000 ; G 
__BSS_UNINITIALIZED_size        = $0000 ; G 
__CODE_END_size                 = $0000 ; G 
__CRTDEF                        = $0000 ; L zccE4893
__DATA_END_size                 = $0000 ; G 
__EOK                           = $0000 ; G zccE4893
__MMAP                          = $0000 ; L zccE4893
__bss_alloc_balloc_size         = $0000 ; G 
__bss_alloc_malloc_size         = $0000 ; G 
__bss_arch_size                 = $0000 ; G 
__bss_clib_size                 = $0000 ; G 
__bss_compress_aplib_size       = $0000 ; G 
__bss_driver_size               = $0000 ; G 
__bss_error_size                = $0000 ; G 
__bss_fcntl_size                = $0000 ; G 
__bss_font_size                 = $0000 ; G 
__bss_input_size                = $0000 ; G 
__bss_lib_size                  = $0000 ; G 
__bss_sound_bit_size            = $0000 ; G 
__bss_string_size               = $0000 ; G 
__bss_user_size                 = $0000 ; G 
__clib_balloc_table_size        = $0000 ; L zccE4893
__clib_exit_stack_size          = $0000 ; L zccE4893
__clib_fopen_max                = $0000 ; L zccE4893
__clib_malloc_heap_size         = $0000 ; L zccE4893
__clib_open_max                 = $0000 ; L zccE4893
__clib_quickexit_stack_size     = $0000 ; L zccE4893
__clib_stdio_heap_size          = $0000 ; L zccE4893
__code_adt_b_array_size         = $0000 ; G 
__code_adt_b_vector_size        = $0000 ; G 
__code_adt_ba_priority_queue_size = $0000 ; G 
__code_adt_ba_stack_size        = $0000 ; G 
__code_adt_bv_priority_queue_size = $0000 ; G 
__code_adt_bv_stack_size        = $0000 ; G 
__code_adt_p_forward_list_alt_size = $0000 ; G 
__code_adt_p_forward_list_size  = $0000 ; G 
__code_adt_p_list_size          = $0000 ; G 
__code_adt_p_queue_size         = $0000 ; G 
__code_adt_p_stack_size         = $0000 ; G 
__code_adt_w_array_size         = $0000 ; G 
__code_adt_w_vector_size        = $0000 ; G 
__code_adt_wa_priority_queue_size = $0000 ; G 
__code_adt_wa_stack_size        = $0000 ; G 
__code_adt_wv_priority_queue_size = $0000 ; G 
__code_adt_wv_stack_size        = $0000 ; G 
__code_alloc_balloc_size        = $0000 ; G 
__code_alloc_malloc_size        = $0000 ; G 
__code_alloc_obstack_size       = $0000 ; G 
__code_arch_size                = $0000 ; G 
__code_bifrost2_size            = $0000 ; G 
__code_bifrost_h_size           = $0000 ; G 
__code_bifrost_l_size           = $0000 ; G 
__code_clib_size                = $0000 ; G 
__code_compress_aplib_size      = $0000 ; G 
__code_compress_zx7_size        = $0000 ; G 
__code_crt_common_size          = $0000 ; G 
__code_crt_exit_size            = $0000 ; G 
__code_crt_init_size            = $0000 ; G 
__code_ctype_size               = $0000 ; G 
__code_driver_character_input_size = $0000 ; G 
__code_driver_character_output_size = $0000 ; G 
__code_driver_general_size      = $0000 ; G 
__code_driver_memstream_size    = $0000 ; G 
__code_driver_size              = $0000 ; G 
__code_driver_terminal_input_size = $0000 ; G 
__code_driver_terminal_output_size = $0000 ; G 
__code_driver_tty_size          = $0000 ; G 
__code_fcntl_size               = $0000 ; G 
__code_font_fzx_size            = $0000 ; G 
__code_font_size                = $0000 ; G 
__code_fp_genmath_size          = $0000 ; G 
__code_fp_math48_size           = $0000 ; G 
__code_input_size               = $0000 ; G 
__code_inttypes_size            = $0000 ; G 
__code_l_sccz80_size            = $0000 ; G 
__code_l_sdcc_size              = $0000 ; G 
__code_lib_size                 = $0000 ; G 
__code_locale_size              = $0000 ; G 
__code_math_size                = $0000 ; G 
__code_network_size             = $0000 ; G 
__code_nirvanam_size            = $0000 ; G 
__code_nirvanap_size            = $0000 ; G 
__code_setjmp_size              = $0000 ; G 
__code_sound_bit_size           = $0000 ; G 
__code_stdio_size               = $0000 ; G 
__code_stdlib_size              = $0000 ; G 
__code_string_size              = $0000 ; G 
__code_temp_sp1_size            = $0000 ; G 
__code_threads_mutex_size       = $0000 ; G 
__code_threads_size             = $0000 ; G 
__code_user_size                = $0000 ; G 
__code_z80_size                 = $0000 ; G 
__crt_enable_commandline        = $0000 ; L zccE4893
__crt_enable_restart            = $0000 ; L zccE4893
__crt_include_preamble          = $0000 ; L zccE4893
__crt_initialize_bss            = $0000 ; L zccE4893
__crt_model                     = $0000 ; L zccE4893
__crt_org_bss                   = $0000 ; L zccE4893
__crt_org_data                  = $0000 ; L zccE4893
__data_alloc_balloc_size        = $0000 ; G 
__data_alloc_malloc_size        = $0000 ; G 
__data_clib_size                = $0000 ; G 
__data_driver_size              = $0000 ; G 
__data_fcntl_fdtable_body_size  = $0000 ; G 
__data_fcntl_size               = $0000 ; G 
__data_fcntl_stdio_heap_body_size = $0000 ; G 
__data_fcntl_stdio_heap_head_size = $0000 ; G 
__data_fcntl_stdio_heap_tail_size = $0000 ; G 
__data_font_size                = $0000 ; G 
__data_lib_size                 = $0000 ; G 
__data_sound_bit_size           = $0000 ; G 
__data_stdlib_size              = $0000 ; G 
__data_user_size                = $0000 ; G 
__exit_stack_size               = $0000 ; G zccE4893
__fcntl_fdtbl                   = $0000 ; G zccE4893
__fcntl_fdtbl_size              = $0000 ; G zccE4893
__head                          = $0000 ; G 
__quickexit_stack_size          = $0000 ; G zccE4893
__rodata_clib_size              = $0000 ; G 
__rodata_compiler_size          = $0000 ; G 
__rodata_driver_size            = $0000 ; G 
__rodata_error_strings_size     = $0000 ; G 
__rodata_fcntl_size             = $0000 ; G 
__rodata_font_4x8_size          = $0000 ; G 
__rodata_font_8x8_size          = $0000 ; G 
__rodata_font_fzx_size          = $0000 ; G 
__rodata_font_size              = $0000 ; G 
__rodata_input_size             = $0000 ; G 
__rodata_lib_size               = $0000 ; G 
__rodata_sound_bit_size         = $0000 ; G 
__rodata_stdio_size             = $0000 ; G 
__rodata_stdlib_size            = $0000 ; G 
__rodata_user_size              = $0000 ; G 
__smc_clib_size                 = $0000 ; G 
__smc_compiler_size             = $0000 ; G 
__smc_driver_size               = $0000 ; G 
__smc_fcntl_size                = $0000 ; G 
__smc_font_size                 = $0000 ; G 
__smc_l_size                    = $0000 ; G 
__smc_lib_size                  = $0000 ; G 
__smc_sound_bit_size            = $0000 ; G 
__smc_user_size                 = $0000 ; G 
thrd_success                    = $0000 ; G zccE4893
DEFINED_CLIB_MALLOC_HEAP_SIZE   = $0001 ; L zccE4893
DEFINED_CLIB_OPT_STDIO          = $0001 ; L zccE4893
DEFINED_CLIB_STDIO_HEAP_SIZE    = $0001 ; L zccE4893
DEFINED_CRT_ON_EXIT             = $0001 ; L zccE4893
DEFINED_CRT_ORG_CODE            = $0001 ; L zccE4893
DEFINED_REGISTER_SP             = $0001 ; L zccE4893
DEFINED_startup                 = $0001 ; L zccE4893
STDIO_MSG_PUTC                  = $0001 ; G zccE4893
STDIO_SEEK_CUR                  = $0001 ; G zccE4893
TAR__crt_enable_close           = $0001 ; L zccE4893
TAR__crt_enable_eidi            = $0001 ; L zccE4893
__BSS_size                      = $0001 ; G 
__DATA_size                     = $0001 ; G 
__EACCES                        = $0001 ; G zccE4893
__code_compiler_size            = $0001 ; G 
__crt_enable_close              = $0001 ; L zccE4893
__crt_enable_eidi               = $0001 ; L zccE4893
__data_threads_size             = $0001 ; G 
__rodata_error_string_end_size  = $0001 ; G 
mtx_plain                       = $0001 ; G zccE4893
thrd_error                      = $0001 ; G zccE4893
STDIO_MSG_WRIT                  = $0002 ; G zccE4893
STDIO_SEEK_END                  = $0002 ; G zccE4893
__EBADF                         = $0002 ; G zccE4893
__bss_stdio_size                = $0002 ; G 
__bss_stdlib_size               = $0002 ; G 
__code_l_size                   = $0002 ; G 
mtx_recursive                   = $0002 ; G zccE4893
thrd_nomem                      = $0002 ; G zccE4893
STDIO_MSG_GETC                  = $0003 ; G zccE4893
__EBDFD                         = $0003 ; G zccE4893
__bss_compiler_size             = $0003 ; G 
STDIO_MSG_EATC                  = $0004 ; G zccE4893
__CODE_size                     = $0004 ; G 
__EDOM                          = $0004 ; G zccE4893
__code_crt_main_size            = $0004 ; G 
__code_crt_return_size          = $0004 ; G 
__data_stdio_size               = $0004 ; G 
mtx_timed                       = $0004 ; G zccE4893
thrd_busy                       = $0004 ; G zccE4893
STDIO_MSG_READ                  = $0005 ; G zccE4893
__EFBIG                         = $0005 ; G zccE4893
STDIO_MSG_SEEK                  = $0006 ; G zccE4893
__EINVAL                        = $0006 ; G zccE4893
STDIO_MSG_ICTL                  = $0007 ; G zccE4893
TAR__crt_enable_streams         = $0007 ; L zccE4893
__EMFILE                        = $0007 ; G zccE4893
STDIO_MSG_FLSH                  = $0008 ; G zccE4893
__ENFILE                        = $0008 ; G zccE4893
thrd_timedout                   = $0008 ; G zccE4893
STDIO_MSG_CLOS                  = $0009 ; G zccE4893
__ENOLCK                        = $0009 ; G zccE4893
__code_error_size               = $0009 ; G 
__ENOMEM                        = $000A ; G zccE4893
__ENOTSUP                       = $000B ; G zccE4893
__EOVERFLOW                     = $000C ; G zccE4893
__ERANGE                        = $000D ; G zccE4893
__ESTAT                         = $000E ; G zccE4893
ICHAR_MSG_GETC                  = $000F ; G zccE4893
ITERM_MSG_GETC                  = $000F ; G zccE4893
__EAGAIN                        = $000F ; G zccE4893
__EWOULDBLOCK                   = $000F ; G zccE4893
ITERM_MSG_INTERRUPT             = $0010 ; G zccE4893
ITERM_MSG_PUTC                  = $0011 ; G zccE4893
ITERM_MSG_PRINT_CURSOR          = $0012 ; G zccE4893
ITERM_MSG_ERASE_CURSOR          = $0013 ; G zccE4893
ITERM_MSG_ERASE_CURSOR_PWD      = $0014 ; G zccE4893
ITERM_MSG_BS                    = $0015 ; G zccE4893
ITERM_MSG_BS_PWD                = $0016 ; G zccE4893
ITERM_MSG_READLINE_BEGIN        = $0017 ; G zccE4893
ITERM_MSG_READLINE_END          = $0018 ; G zccE4893
ITERM_MSG_BELL                  = $0019 ; G zccE4893
OCHAR_MSG_PUTC_BIN              = $001E ; G zccE4893
OTERM_MSG_PUTC                  = $001E ; G zccE4893
OTERM_MSG_TTY                   = $001F ; G zccE4893
startup                         = $001F ; L zccE4893
OCHAR_MSG_PUTC                  = $0020 ; G zccE4893
OTERM_MSG_PRINTC                = $0020 ; G zccE4893
OTERM_MSG_SCROLL                = $0021 ; G zccE4893
OTERM_MSG_CLS                   = $0022 ; G zccE4893
OTERM_MSG_PAUSE                 = $0023 ; G zccE4893
OTERM_MSG_BELL                  = $0024 ; G zccE4893
OTERM_MSG_PSCROLL               = $0025 ; G zccE4893
__data_compiler_size            = $0056 ; G 
TAR__clib_stdio_heap_size       = $0100 ; L zccE4893
IOCTL_OTERM_CLS                 = $0102 ; G zccE4893
TAR__crt_stack_size             = $0200 ; L zccE4893
IOCTL_ITERM_TIE                 = $0201 ; G zccE4893
IOCTL_OTERM_RESET_SCROLL        = $0202 ; G zccE4893
IOCTL_ITERM_SET_EDITBUF         = $0301 ; G zccE4893
IOCTL_OTERM_SET_WINDOW_COORD    = $0302 ; G zccE4893
IOCTL_ITERM_GET_EDITBUF         = $0381 ; G zccE4893
IOCTL_OTERM_GET_WINDOW_COORD    = $0382 ; G zccE4893
IOCTL_OTERM_SET_WINDOW_RECT     = $0402 ; G zccE4893
IOCTL_OTERM_GET_WINDOW_RECT     = $0482 ; G zccE4893
IOCTL_OTERM_SET_CURSOR_COORD    = $0502 ; G zccE4893
IOCTL_OTERM_GET_CURSOR_COORD    = $0582 ; G zccE4893
IOCTL_OTERM_GET_OTERM           = $0602 ; G zccE4893
IOCTL_OTERM_SCROLL              = $0702 ; G zccE4893
IOCTL_OTERM_FONT                = $0802 ; G zccE4893
IOCTL_OTERM_FZX_SET_PAPER_COORD = $0A02 ; G zccE4893
IOCTL_OTERM_FZX_GET_PAPER_COORD = $0A82 ; G zccE4893
IOCTL_OTERM_FZX_SET_PAPER_RECT  = $0B02 ; G zccE4893
IOCTL_OTERM_FZX_GET_PAPER_RECT  = $0B82 ; G zccE4893
IOCTL_OTERM_FZX_LEFT_MARGIN     = $0C02 ; G zccE4893
IOCTL_OTERM_FZX_LINE_SPACING    = $0D02 ; G zccE4893
IOCTL_OTERM_FZX_SPACE_EXPAND    = $0E02 ; G zccE4893
IOCTL_OTERM_FZX_SET_FZX_STATE   = $0F02 ; G zccE4893
IOCTL_OTERM_FZX_GET_FZX_STATE   = $0F82 ; G zccE4893
IOCTL_ITERM_SET_DELAY           = $1001 ; G zccE4893
IOCTL_OTERM_FCOLOR              = $1002 ; G zccE4893
IOCTL_ITERM_GET_DELAY           = $1081 ; G zccE4893
IOCTL_ITERM_LASTK               = $1101 ; G zccE4893
IOCTL_OTERM_FMASK               = $1102 ; G zccE4893
IOCTL_OTERM_BCOLOR              = $1202 ; G zccE4893
__BANK_06_size                  = $31CD ; G 
CRT_ORG_CODE                    = $5F82 ; L zccE4893
__CODE_head                     = $5F82 ; G 
__Start                         = $5F82 ; G zccE4893
__crt_org_code                  = $5F82 ; L zccE4893
__Restart                       = $5F83 ; L zccE4893
__CODE_tail                     = $5F86 ; G 
__Restart_2                     = $5F86 ; L zccE4893
__code_crt_init_head            = $5F86 ; G 
__code_crt_init_tail            = $5F86 ; G 
__code_crt_main_head            = $5F86 ; G 
__Exit                          = $5F89 ; G zccE4893
__code_crt_exit_head            = $5F8A ; G 
__code_crt_exit_tail            = $5F8A ; G 
__code_crt_main_tail            = $5F8A ; G 
__code_crt_return_head          = $5F8A ; G 
__code_adt_b_array_head         = $5F8E ; G 
__code_adt_b_array_tail         = $5F8E ; G 
__code_adt_b_vector_head        = $5F8E ; G 
__code_adt_b_vector_tail        = $5F8E ; G 
__code_adt_ba_priority_queue_head = $5F8E ; G 
__code_adt_ba_priority_queue_tail = $5F8E ; G 
__code_adt_ba_stack_head        = $5F8E ; G 
__code_adt_ba_stack_tail        = $5F8E ; G 
__code_adt_bv_priority_queue_head = $5F8E ; G 
__code_adt_bv_priority_queue_tail = $5F8E ; G 
__code_adt_bv_stack_head        = $5F8E ; G 
__code_adt_bv_stack_tail        = $5F8E ; G 
__code_adt_p_forward_list_alt_head = $5F8E ; G 
__code_adt_p_forward_list_alt_tail = $5F8E ; G 
__code_adt_p_forward_list_head  = $5F8E ; G 
__code_adt_p_forward_list_tail  = $5F8E ; G 
__code_adt_p_list_head          = $5F8E ; G 
__code_adt_p_list_tail          = $5F8E ; G 
__code_adt_p_queue_head         = $5F8E ; G 
__code_adt_p_queue_tail         = $5F8E ; G 
__code_adt_p_stack_head         = $5F8E ; G 
__code_adt_p_stack_tail         = $5F8E ; G 
__code_adt_w_array_head         = $5F8E ; G 
__code_adt_w_array_tail         = $5F8E ; G 
__code_adt_w_vector_head        = $5F8E ; G 
__code_adt_w_vector_tail        = $5F8E ; G 
__code_adt_wa_priority_queue_head = $5F8E ; G 
__code_adt_wa_priority_queue_tail = $5F8E ; G 
__code_adt_wa_stack_head        = $5F8E ; G 
__code_adt_wa_stack_tail        = $5F8E ; G 
__code_adt_wv_priority_queue_head = $5F8E ; G 
__code_adt_wv_priority_queue_tail = $5F8E ; G 
__code_adt_wv_stack_head        = $5F8E ; G 
__code_adt_wv_stack_tail        = $5F8E ; G 
__code_alloc_balloc_head        = $5F8E ; G 
__code_alloc_balloc_tail        = $5F8E ; G 
__code_alloc_malloc_head        = $5F8E ; G 
__code_alloc_malloc_tail        = $5F8E ; G 
__code_alloc_obstack_head       = $5F8E ; G 
__code_alloc_obstack_tail       = $5F8E ; G 
__code_arch_head                = $5F8E ; G 
__code_arch_tail                = $5F8E ; G 
__code_bifrost2_head            = $5F8E ; G 
__code_bifrost2_tail            = $5F8E ; G 
__code_bifrost_h_head           = $5F8E ; G 
__code_bifrost_h_tail           = $5F8E ; G 
__code_bifrost_l_head           = $5F8E ; G 
__code_bifrost_l_tail           = $5F8E ; G 
__code_clib_head                = $5F8E ; G 
__code_clib_tail                = $5F8E ; G 
__code_compress_aplib_head      = $5F8E ; G 
__code_compress_aplib_tail      = $5F8E ; G 
__code_compress_zx7_head        = $5F8E ; G 
__code_compress_zx7_tail        = $5F8E ; G 
__code_crt_common_head          = $5F8E ; G 
__code_crt_common_tail          = $5F8E ; G 
__code_crt_return_tail          = $5F8E ; G 
__code_ctype_head               = $5F8E ; G 
__code_ctype_tail               = $5F8E ; G 
__code_driver_character_input_head = $5F8E ; G 
__code_driver_character_input_tail = $5F8E ; G 
__code_driver_character_output_head = $5F8E ; G 
__code_driver_character_output_tail = $5F8E ; G 
__code_driver_general_head      = $5F8E ; G 
__code_driver_general_tail      = $5F8E ; G 
__code_driver_head              = $5F8E ; G 
__code_driver_memstream_head    = $5F8E ; G 
__code_driver_memstream_tail    = $5F8E ; G 
__code_driver_tail              = $5F8E ; G 
__code_driver_terminal_input_head = $5F8E ; G 
__code_driver_terminal_input_tail = $5F8E ; G 
__code_driver_terminal_output_head = $5F8E ; G 
__code_driver_terminal_output_tail = $5F8E ; G 
__code_driver_tty_head          = $5F8E ; G 
__code_driver_tty_tail          = $5F8E ; G 
__code_error_head               = $5F8E ; G 
__code_font_head                = $5F8E ; G 
__code_font_tail                = $5F8E ; G 
__ch_system                     = $5F92 ; G zccE4893
error_zc                        = $5F92 ; G error_zc
__code_error_tail               = $5F97 ; G 
__code_fcntl_head               = $5F97 ; G 
__code_fcntl_tail               = $5F97 ; G 
__code_font_fzx_head            = $5F97 ; G 
__code_font_fzx_tail            = $5F97 ; G 
__code_fp_genmath_head          = $5F97 ; G 
__code_fp_genmath_tail          = $5F97 ; G 
__code_fp_math48_head           = $5F97 ; G 
__code_fp_math48_tail           = $5F97 ; G 
__code_input_head               = $5F97 ; G 
__code_input_tail               = $5F97 ; G 
__code_inttypes_head            = $5F97 ; G 
__code_inttypes_tail            = $5F97 ; G 
__code_l_head                   = $5F97 ; G 
__thread_block_timeout          = $5F98 ; G zccE4893
__thread_context_switch         = $5F98 ; G zccE4893
__thread_unblock                = $5F98 ; G zccE4893
l_ret                           = $5F98 ; G l_ret
__code_compiler_head            = $5F99 ; G 
__code_l_sccz80_head            = $5F99 ; G 
__code_l_sccz80_tail            = $5F99 ; G 
__code_l_sdcc_head              = $5F99 ; G 
__code_l_sdcc_tail              = $5F99 ; G 
__code_l_tail                   = $5F99 ; G 
__code_lib_head                 = $5F99 ; G 
__code_lib_tail                 = $5F99 ; G 
__code_locale_head              = $5F99 ; G 
__code_locale_tail              = $5F99 ; G 
__code_math_head                = $5F99 ; G 
__code_math_tail                = $5F99 ; G 
__code_network_head             = $5F99 ; G 
__code_network_tail             = $5F99 ; G 
__code_nirvanam_head            = $5F99 ; G 
__code_nirvanam_tail            = $5F99 ; G 
__code_nirvanap_head            = $5F99 ; G 
__code_nirvanap_tail            = $5F99 ; G 
__code_setjmp_head              = $5F99 ; G 
__code_setjmp_tail              = $5F99 ; G 
__code_sound_bit_head           = $5F99 ; G 
__code_sound_bit_tail           = $5F99 ; G 
__code_stdio_head               = $5F99 ; G 
__code_stdio_tail               = $5F99 ; G 
__code_stdlib_head              = $5F99 ; G 
__code_stdlib_tail              = $5F99 ; G 
__code_string_head              = $5F99 ; G 
__code_string_tail              = $5F99 ; G 
__code_temp_sp1_head            = $5F99 ; G 
__code_temp_sp1_tail            = $5F99 ; G 
__code_threads_head             = $5F99 ; G 
__code_threads_mutex_head       = $5F99 ; G 
__code_threads_mutex_tail       = $5F99 ; G 
__code_threads_tail             = $5F99 ; G 
__code_z80_head                 = $5F99 ; G 
__code_z80_tail                 = $5F99 ; G 
_main                           = $5F99 ; G objects
__code_compiler_tail            = $5F9A ; G 
__code_user_head                = $5F9A ; G 
__code_user_tail                = $5F9A ; G 
__rodata_clib_head              = $5F9A ; G 
__rodata_clib_tail              = $5F9A ; G 
__rodata_driver_head            = $5F9A ; G 
__rodata_driver_tail            = $5F9A ; G 
__rodata_error_string_end_head  = $5F9A ; G 
__rodata_error_strings_head     = $5F9A ; G 
__rodata_error_strings_tail     = $5F9A ; G 
__rodata_font_head              = $5F9A ; G 
__rodata_font_tail              = $5F9A ; G 
__CODE_END_head                 = $5F9B ; G 
__CODE_END_tail                 = $5F9B ; G 
__DATA_head                     = $5F9B ; G 
__rodata_compiler_head          = $5F9B ; G 
__rodata_compiler_tail          = $5F9B ; G 
__rodata_error_string_end_tail  = $5F9B ; G 
__rodata_fcntl_head             = $5F9B ; G 
__rodata_fcntl_tail             = $5F9B ; G 
__rodata_font_4x8_head          = $5F9B ; G 
__rodata_font_4x8_tail          = $5F9B ; G 
__rodata_font_8x8_head          = $5F9B ; G 
__rodata_font_8x8_tail          = $5F9B ; G 
__rodata_font_fzx_head          = $5F9B ; G 
__rodata_font_fzx_tail          = $5F9B ; G 
__rodata_input_head             = $5F9B ; G 
__rodata_input_tail             = $5F9B ; G 
__rodata_lib_head               = $5F9B ; G 
__rodata_lib_tail               = $5F9B ; G 
__rodata_sound_bit_head         = $5F9B ; G 
__rodata_sound_bit_tail         = $5F9B ; G 
__rodata_stdio_head             = $5F9B ; G 
__rodata_stdio_tail             = $5F9B ; G 
__rodata_stdlib_head            = $5F9B ; G 
__rodata_stdlib_tail            = $5F9B ; G 
__rodata_user_head              = $5F9B ; G 
__rodata_user_tail              = $5F9B ; G 
__DATA_tail                     = $5F9C ; G 
__data_alloc_balloc_head        = $5F9C ; G 
__data_alloc_balloc_tail        = $5F9C ; G 
__data_alloc_malloc_head        = $5F9C ; G 
__data_alloc_malloc_tail        = $5F9C ; G 
__data_clib_head                = $5F9C ; G 
__data_clib_tail                = $5F9C ; G 
__data_driver_head              = $5F9C ; G 
__data_driver_tail              = $5F9C ; G 
__data_fcntl_fdtable_body_head  = $5F9C ; G 
__data_fcntl_fdtable_body_tail  = $5F9C ; G 
__data_fcntl_head               = $5F9C ; G 
__data_fcntl_stdio_heap_body_head = $5F9C ; G 
__data_fcntl_stdio_heap_body_tail = $5F9C ; G 
__data_fcntl_stdio_heap_head_head = $5F9C ; G 
__data_fcntl_stdio_heap_head_tail = $5F9C ; G 
__data_fcntl_stdio_heap_tail_head = $5F9C ; G 
__data_fcntl_stdio_heap_tail_tail = $5F9C ; G 
__data_fcntl_tail               = $5F9C ; G 
__data_font_head                = $5F9C ; G 
__data_font_tail                = $5F9C ; G 
__data_sound_bit_head           = $5F9C ; G 
__data_sound_bit_tail           = $5F9C ; G 
__data_stdio_head               = $5F9C ; G 
__smc_clib_head                 = $5F9C ; G 
__smc_clib_tail                 = $5F9C ; G 
__smc_compiler_head             = $5F9C ; G 
__smc_compiler_tail             = $5F9C ; G 
__smc_driver_head               = $5F9C ; G 
__smc_driver_tail               = $5F9C ; G 
__smc_fcntl_head                = $5F9C ; G 
__smc_fcntl_tail                = $5F9C ; G 
__smc_font_head                 = $5F9C ; G 
__smc_font_tail                 = $5F9C ; G 
__smc_l_head                    = $5F9C ; G 
__smc_l_tail                    = $5F9C ; G 
__smc_lib_head                  = $5F9C ; G 
__smc_lib_tail                  = $5F9C ; G 
__smc_sound_bit_head            = $5F9C ; G 
__smc_sound_bit_tail            = $5F9C ; G 
__smc_user_head                 = $5F9C ; G 
__smc_user_tail                 = $5F9C ; G 
__stdio_closed_file_list        = $5F9C ; G zccE4893
__data_stdio_tail               = $5FA0 ; G 
__data_stdlib_head              = $5FA0 ; G 
__data_stdlib_tail              = $5FA0 ; G 
__data_threads_head             = $5FA0 ; G 
__thrd_id                       = $5FA0 ; G zccE4893
__data_compiler_head            = $5FA1 ; G 
__data_lib_head                 = $5FA1 ; G 
__data_lib_tail                 = $5FA1 ; G 
__data_threads_tail             = $5FA1 ; G 
_enemy_sprites                  = $5FA1 ; G objects
_behavior_types                 = $5FCC ; G objects
__BSS_head                      = $5FF7 ; G 
__DATA_END_head                 = $5FF7 ; G 
__DATA_END_tail                 = $5FF7 ; G 
__data_compiler_tail            = $5FF7 ; G 
__data_user_head                = $5FF7 ; G 
__data_user_tail                = $5FF7 ; G 
__BSS_UNINITIALIZED_head        = $5FF8 ; G 
__BSS_UNINITIALIZED_tail        = $5FF8 ; G 
__BSS_tail                      = $5FF8 ; G 
__bss_alloc_balloc_head         = $5FF8 ; G 
__bss_alloc_balloc_tail         = $5FF8 ; G 
__bss_alloc_malloc_head         = $5FF8 ; G 
__bss_alloc_malloc_tail         = $5FF8 ; G 
__bss_arch_head                 = $5FF8 ; G 
__bss_arch_tail                 = $5FF8 ; G 
__bss_clib_head                 = $5FF8 ; G 
__bss_clib_tail                 = $5FF8 ; G 
__bss_compress_aplib_head       = $5FF8 ; G 
__bss_compress_aplib_tail       = $5FF8 ; G 
__bss_driver_head               = $5FF8 ; G 
__bss_driver_tail               = $5FF8 ; G 
__bss_error_head                = $5FF8 ; G 
__bss_error_tail                = $5FF8 ; G 
__bss_fcntl_head                = $5FF8 ; G 
__bss_fcntl_tail                = $5FF8 ; G 
__bss_font_head                 = $5FF8 ; G 
__bss_font_tail                 = $5FF8 ; G 
__bss_input_head                = $5FF8 ; G 
__bss_input_tail                = $5FF8 ; G 
__bss_sound_bit_head            = $5FF8 ; G 
__bss_sound_bit_tail            = $5FF8 ; G 
__bss_stdio_head                = $5FF8 ; G 
__stdio_open_file_list          = $5FF8 ; G zccE4893
__bss_stdio_tail                = $5FFA ; G 
__bss_stdlib_head               = $5FFA ; G 
__exit_stack                    = $5FFA ; G zccE4893
__quickexit_stack               = $5FFB ; G zccE4893
__bss_compiler_head             = $5FFC ; G 
__bss_lib_head                  = $5FFC ; G 
__bss_lib_tail                  = $5FFC ; G 
__bss_stdlib_tail               = $5FFC ; G 
__bss_string_head               = $5FFC ; G 
__bss_string_tail               = $5FFC ; G 
_active_enemies                 = $5FFC ; G objects
_map_displacement               = $5FFC ; G objects
_map_xpos                       = $5FFD ; G objects
_fenemy_defeat                  = $5FFE ; G objects
__BSS_END_head                  = $5FFF ; G 
__BSS_END_tail                  = $5FFF ; G 
__bss_compiler_tail             = $5FFF ; G 
__bss_user_head                 = $5FFF ; G 
__bss_user_tail                 = $5FFF ; G 
TAR__crt_org_code               = $8000 ; L zccE4893
REGISTER_SP                     = $C000 ; L zccE4893
__BANK_06_head                  = $C000 ; G 
__register_sp                   = $C000 ; L zccE4893
_genesis_title                  = $C000 ; G objects
IOCTL_ITERM_CAPS                = $C009 ; G zccE4893
IOCTL_ITERM_COOK                = $C011 ; G zccE4893
IOCTL_OTERM_CRLF                = $C012 ; G zccE4893
IOCTL_OCHAR_CRLF                = $C014 ; G zccE4893
IOCTL_ITERM_LINE                = $C021 ; G zccE4893
IOCTL_OTERM_COOK                = $C022 ; G zccE4893
IOCTL_ITERM_PASS                = $C041 ; G zccE4893
IOCTL_OTERM_PAUSE               = $C042 ; G zccE4893
IOCTL_ITERM_ECHO                = $C081 ; G zccE4893
IOCTL_OTERM_PAGE                = $C082 ; G zccE4893
IOCTL_ITERM_CRLF                = $C101 ; G zccE4893
IOCTL_OTERM_BELL                = $C102 ; G zccE4893
IOCTL_ICHAR_CRLF                = $C103 ; G zccE4893
IOCTL_ITERM_CURS                = $C201 ; G zccE4893
IOCTL_OTERM_SIGNAL              = $C202 ; G zccE4893
_title_hiscores                 = $C3D4 ; G objects
_credits_bkg                    = $C493 ; G objects
_mainmenu                       = $D0BD ; G objects
zccE4853_menu_loop              = $D0D2 ; L objects
zccE4853_menu_move_stars        = $D0DD ; L objects
zccE4853_menu_nowrap            = $D0EF ; L objects
zccE4853_menu_putcredits        = $D0F8 ; L objects
zccE4853_menu_puthiscores       = $D110 ; L objects
zccE4853_menu_puttitle          = $D11B ; L objects
zccE4853_menu_nochange          = $D137 ; L objects
zccE4853_menu_nofirepressed     = $D14D ; L objects
zccE4853_menu_inertia_off       = $D171 ; L objects
zccE4853_menu_check_sound       = $D17C ; L objects
zccE4853_menu_continue          = $D189 ; L objects
zccE4853_menu_display_inertia_status = $D1A9 ; L objects
zccE4853_menu_display_sound_status = $D1BB ; L objects
zccE4853_menu_print_music_and_sound = $D1C7 ; L objects
zccE4853_menu_print_sfxonly     = $D1D3 ; L objects
zccE4853_menu_print_musiconly   = $D1DF ; L objects
zccE4853_menu_print_silence     = $D1EB ; L objects
zccE4853_start_inertia_off      = $D1F7 ; L objects
zccE4853_screen_to_show         = $D203 ; L objects
zccE4853_timer                  = $D204 ; L objects
zccE4853_hiscore_names          = $D205 ; L objects
zccE4853_hiscore_values         = $D23B ; L objects
zccE4853_hiscore_string         = $D247 ; L objects
_check_hiscore                  = $D24C ; G objects
zccE4853_loop_hiscores          = $D251 ; L objects
zccE4853_nohiscore_found        = $D261 ; L objects
zccE4853_hiscore_found          = $D262 ; L objects
zccE4853_pushscore_loop         = $D26F ; L objects
zccE4853_hiscore_last           = $D28E ; L objects
zccE4853_hiscore_pushed         = $D294 ; L objects
zccE4853_findname_loop          = $D29E ; L objects
zccE4853_foundname              = $D2C3 ; L objects
zccE4853_readloop               = $D2EE ; L objects
zccE4853_read_exit              = $D300 ; L objects
zccE4853_read_noenter           = $D306 ; L objects
zccE4853_read_checkzero         = $D323 ; L objects
zccE4853_read_checkdelete       = $D327 ; L objects
zccE4853_read_deletepressed     = $D32B ; L objects
zccE4853_read_continue          = $D335 ; L objects
zccE4853_showhiscores           = $D33F ; L objects
zccE4853_showhiscores_loop      = $D348 ; L objects
_printhi                        = $D3D3 ; G objects
zccE4853_divide_large           = $D409 ; L objects
zccE4853_divide_loop            = $D40D ; L objects
zccE4853_divide_completed       = $D416 ; L objects
zccE4853_decompose_5digit       = $D418 ; L objects
zccE4853_anim_frame             = $D440 ; L objects
_selected_joystick              = $D441 ; G objects
_inertia_cheat                  = $D442 ; G objects
zccE4853_check_firepress        = $D443 ; L objects
zccE4853_read_sinclair1_joystick = $D443 ; L objects
zccE4853_sinclair1_fire         = $D449 ; L objects
zccE4853_read_sinclair2_joystick = $D454 ; L objects
zccE4853_read_kempston          = $D465 ; L objects
zccE4853_read_keyb              = $D47A ; L objects
zccE4853_no_fire                = $D48A ; L objects
zccE4853_key_i_pressed          = $D48C ; L objects
zccE4853_check_cheats           = $D48D ; L objects
zccE4853_cheat_pressed          = $D49E ; L objects
zccE4853_no_cheat_pressed       = $D4AD ; L objects
zccE4853_key_s_pressed          = $D4B7 ; L objects
zccE4853_check_sound            = $D4B8 ; L objects
zccE4853_sound_pressed          = $D4C9 ; L objects
zccE4853_no_sound_pressed       = $D4D9 ; L objects
zccE4853_genstars               = $D4E3 ; L objects
zccE4853_genpixels              = $D4F6 ; L objects
zccE4853_genpix_shiftloop       = $D4FC ; L objects
zccE4853_generate_starfield     = $D506 ; L objects
zccE4853_erase_starfield        = $D549 ; L objects
zccE4853_EraseLoop              = $D571 ; L objects
zccE4853_erase_donterase        = $D59D ; L objects
zccE4853_move_starfield         = $D5A6 ; L objects
zccE4853_updateslow_loop        = $D5AF ; L objects
zccE4853_updatemedium_loop      = $D5C3 ; L objects
zccE4853_updatefast_loop        = $D5DB ; L objects
zccE4853_starfield_variable     = $D5F3 ; L objects
zccE4853_display_starfield      = $D5F4 ; L objects
zccE4853_DisplayLoop            = $D62E ; L objects
zccE4853_disp_dontdraw          = $D65A ; L objects
zccE4853_starsx_slow            = $D66A ; L objects
zccE4853_starsx_medium          = $D68A ; L objects
zccE4853_starsx_fast            = $D6AA ; L objects
zccE4853_starsy_slow            = $D6CA ; L objects
zccE4853_starsy_medium          = $D6EA ; L objects
zccE4853_starsy_fast            = $D70A ; L objects
zccE4853_stars_pixels_slow      = $D72A ; L objects
zccE4853_stars_pixels_medium    = $D74A ; L objects
zccE4853_stars_pixels_fast      = $D76A ; L objects
zccE4853_star_anim              = $D78A ; L objects
zccE4853_anim_order             = $D80A ; L objects
zccE4853_DrawStarAnim           = $D852 ; L objects
zccE4853_dr_chooseanimpos       = $D863 ; L objects
zccE4853_noadd                  = $D867 ; L objects
zccE4853_PrintTile              = $D8A0 ; L objects
zccE4853_TileScAddress          = $D8D0 ; L objects
zccE4853_CalcScreenPos          = $D900 ; L objects
zccE4853_shiftloop              = $D926 ; L objects
zccE4853_postloop               = $D92A ; L objects
zccE4853_depack                 = $D92C ; L objects
zccE4853_apbranch1              = $D92F ; L objects
zccE4853_aploop0                = $D931 ; L objects
zccE4853_aploop                 = $D934 ; L objects
zccE4853_apget4bits             = $D947 ; L objects
zccE4853_apwritebyte            = $D951 ; L objects
zccE4853_apbranch4              = $D955 ; L objects
zccE4853_apbranch3              = $D95E ; L objects
zccE4853_apbranch2              = $D972 ; L objects
zccE4853_apskip2                = $D991 ; L objects
zccE4853_apskip3                = $D99A ; L objects
zccE4853_ap_finishup            = $D99D ; L objects
zccE4853_ap_finishup2           = $D9A0 ; L objects
zccE4853_ap_r0_gamma            = $D9A7 ; L objects
zccE4853_ap_getbit              = $D9B3 ; L objects
zccE4853_ap_getgamma            = $D9BF ; L objects
zccE4853_ap_getgammaloop        = $D9C2 ; L objects
zccE4853_rand_seed              = $D9CF ; L objects
zccE4853_rand                   = $D9D1 ; L objects
zccE4853_CalcScreenPos_Char     = $D9EE ; L objects
zccE4853_PrintNumber            = $DA06 ; L objects
zccE4853_printnum_loop          = $DA1B ; L objects
zccE4853_PrintString            = $DA22 ; L objects
zccE4853_string_outerloop       = $DA26 ; L objects
zccE4853_string_innerloop       = $DA3D ; L objects
zccE4853_string_on              = $DA4B ; L objects
zccE4853_string_off             = $DA4E ; L objects
zccE4853_string_silence         = $DA51 ; L objects
zccE4853_string_music_and_fx    = $DA5E ; L objects
zccE4853_string_music           = $DA6B ; L objects
zccE4853_string_fx              = $DA78 ; L objects
zccE4853_charfont               = $DA85 ; L objects
zccE4853_numfont                = $DB85 ; L objects
zccE4853_KeyCodes               = $DBD5 ; L objects
zccE4853_SCAN_KEYBOARD          = $DBFD ; L objects
zccE4853_scan_loop              = $DC05 ; L objects
zccE4853_find_keypress          = $DC09 ; L objects
zccE4853_keyfound               = $DC18 ; L objects
zccE4853_waitforrelease         = $DC1A ; L objects
zccE4853_fire_pressed_wait      = $DC24 ; L objects
_sound_selection                = $DC25 ; G objects
zccE4853_move_left              = $DC26 ; L objects
zccE4853_goneleft               = $DC32 ; L objects
zccE4853_move_left_expire       = $DC3A ; L objects
zccE4853_goneleft4              = $DC4A ; L objects
zccE4853_move_right             = $DC52 ; L objects
zccE4853_goneright              = $DC61 ; L objects
zccE4853_move_pingpong          = $DC69 ; L objects
zccE4853_pingpong_left          = $DC75 ; L objects
zccE4853_pingpong_goneleft      = $DC7F ; L objects
zccE4853_pingpong_right         = $DC88 ; L objects
zccE4853_pingpong_goneright     = $DC95 ; L objects
zccE4853_move_pingpong_final4   = $DC9D ; L objects
zccE4853_pingpong4_left         = $DCA9 ; L objects
zccE4853_pingpong4_goneleft     = $DCB3 ; L objects
zccE4853_pingpong4_right        = $DCBC ; L objects
zccE4853_pingpong4_goneright    = $DCC9 ; L objects
zccE4853_move_explosion         = $DCD1 ; L objects
zccE4853_end_explosion          = $DCE0 ; L objects
zccE4853_move_furby             = $DCE7 ; L objects
zccE4853_furby_goneleft         = $DCF5 ; L objects
zccE4853_furby_animate          = $DCFE ; L objects
zccE4853_furby_anim4            = $DD13 ; L objects
zccE4853_furby_anim3            = $DD28 ; L objects
zccE4853_furby_anim2            = $DD3D ; L objects
zccE4853_furby_anim1            = $DD5F ; L objects
zccE4853_move_kamikaze          = $DD78 ; L objects
zccE4853_kamikaze_goneleft      = $DD86 ; L objects
zccE4853_kamikaze_moveiny       = $DD8F ; L objects
zccE4853_kamikaze_movedown      = $DD99 ; L objects
zccE4853_kamikaze_moveup        = $DD9B ; L objects
zccE4853_kamikaze_animate       = $DDA6 ; L objects
zccE4853_kamikaze_noinc         = $DDB3 ; L objects
zccE4853_move_homing            = $DDCC ; L objects
zccE4853_homing_goneright       = $DDDD ; L objects
zccE4853_homing_moveiny         = $DDE6 ; L objects
zccE4853_homing_multiplyby12    = $DDF4 ; L objects
zccE4853_homing_nomultiply      = $DDF8 ; L objects
zccE4853_homing_movedown        = $DDFD ; L objects
zccE4853_homing_moveup          = $DDFF ; L objects
zccE4853_move_wave              = $DE0A ; L objects
zccE4853_wave_initialized       = $DE16 ; L objects
zccE4853_wave_goneleft          = $DE38 ; L objects
zccE4853_move_leftanim          = $DE3E ; L objects
zccE4853_anim_initialized       = $DE49 ; L objects
zccE4853_leftanim_goneleft      = $DE5B ; L objects
zccE4853_leftanim_update        = $DE64 ; L objects
zccE4853_leftanim_nottoupdate   = $DE80 ; L objects
zccE4853_leftanim_noswitchside  = $DE93 ; L objects
zccE4853_move_upleft            = $DE9E ; L objects
zccE4853_goneleft2              = $DEB1 ; L objects
zccE4853_goneup                 = $DEB2 ; L objects
zccE4853_move_upright           = $DEB6 ; L objects
zccE4853_goneright2             = $DECB ; L objects
zccE4853_goneup2                = $DED3 ; L objects
zccE4853_move_downleft          = $DED7 ; L objects
zccE4853_goneleft3              = $DEED ; L objects
zccE4853_gonedown               = $DEEE ; L objects
zccE4853_move_downright         = $DEF2 ; L objects
zccE4853_goneright3             = $DF0B ; L objects
zccE4853_gonedown2              = $DF0C ; L objects
zccE4853_move_up                = $DF10 ; L objects
zccE4853_goneup3                = $DF1D ; L objects
zccE4853_move_target            = $DF21 ; L objects
zccE4853_target_incx            = $DF2B ; L objects
zccE4853_target_decx            = $DF46 ; L objects
zccE4853_target_movey           = $DF60 ; L objects
zccE4853_target_incy            = $DF67 ; L objects
zccE4853_target_decy            = $DF81 ; L objects
zccE4853_target_gonedown        = $DF9C ; L objects
zccE4853_target_goneleft        = $DF9C ; L objects
zccE4853_target_goneright       = $DF9C ; L objects
zccE4853_target_goneup          = $DF9C ; L objects
zccE4853_move_kamikaze_noanim   = $DFA1 ; L objects
zccE4853_kamikaze2_goneleft     = $DFAF ; L objects
zccE4853_kamikaze2_moveiny      = $DFB8 ; L objects
zccE4853_kamikaze2_movedown     = $DFC1 ; L objects
zccE4853_kamikaze2_moveup       = $DFC3 ; L objects
zccE4853_move_wave_nogoneleft   = $DFCE ; L objects
zccE4853_wave2_initialized      = $DFDA ; L objects
zccE4853_move_missile           = $DFFA ; L objects
IOCTL_OTERM_CLEAR               = $E002 ; G zccE4893
zccE4853_missile_goup           = $E009 ; L objects
zccE4853_missile_goneup         = $E019 ; L objects
zccE4853_missile_goleft         = $E01E ; L objects
zccE4853_missile_goleftalready  = $E027 ; L objects
zccE4853_missile_goneleft2      = $E034 ; L objects
zccE4853_missile_goupleft       = $E039 ; L objects
zccE4853_missile_goupleftalready = $E042 ; L objects
zccE4853_missile_goneleft       = $E056 ; L objects
zccE4853_missile_goneup2        = $E057 ; L objects
zccE4853_missile_incparam2      = $E05B ; L objects
zccE4853_move_kamikaze_2        = $E063 ; L objects
zccE4853_kamikaze3_goneleft     = $E071 ; L objects
zccE4853_kamikaze3_moveiny      = $E07A ; L objects
zccE4853_kamikaze3_movedown     = $E084 ; L objects
zccE4853_kamikaze3_moveup       = $E086 ; L objects
zccE4853_kamikaze3_animate      = $E091 ; L objects
zccE4853_kamikaze3_noinc        = $E09D ; L objects
zccE4853_move_find_enemy_to_follow = $E0A6 ; L objects
zccE4853_find_loop              = $E0BE ; L objects
zccE4853_find_found             = $E0CC ; L objects
zccE4853_find_already_initialized = $E0D8 ; L objects
zccE4853_find_not_found         = $E0DB ; L objects
zccE4853_move_follow_right      = $E0E2 ; L objects
zccE4853_fright_loop2           = $E0F4 ; L objects
zccE4853_move_follow_down       = $E107 ; L objects
zccE4853_fdown_loop             = $E119 ; L objects
zccE4853_move_follow_downright  = $E12C ; L objects
zccE4853_fdownright_loop        = $E13E ; L objects
zccE4853_move_left_accel        = $E153 ; L objects
zccE4853_goneleft_accel         = $E163 ; L objects
zccE4853_move_right_accel       = $E16B ; L objects
zccE4853_goneright_accel        = $E17E ; L objects
zccE4853_move_none              = $E186 ; L objects
zccE4853__new_e                 = $E187 ; L objects
zccE4853_calcdirectshoot        = $E18F ; L objects
zccE4853_x_negative             = $E197 ; L objects
zccE4853_x_positive             = $E19C ; L objects
zccE4853_y_negative             = $E1A1 ; L objects
zccE4853_y_positive             = $E1A6 ; L objects
zccE4853_dx_greater_dy          = $E1AC ; L objects
zccE4853_dy_greater_dx          = $E1C5 ; L objects
zccE4853_dy_is_zero             = $E1E2 ; L objects
zccE4853_Div8                   = $E1ED ; L objects
zccE4853_Div8_Loop              = $E1F0 ; L objects
zccE4853_Div8_NoAdd             = $E1F7 ; L objects
_behav_asteroid                 = $E1FE ; G objects
_behav_casco                    = $E213 ; G objects
zccE4853_casco_moveagain        = $E223 ; L objects
zccE4853_casco_shoot            = $E230 ; L objects
zccE4853_casco_storeandcont     = $E260 ; L objects
_behav_casco_bis                = $E262 ; G objects
zccE4853_cascobis_moveagain     = $E272 ; L objects
zccE4853_cascobis_shoot         = $E27F ; L objects
zccE4853_cascobis_storeandcont  = $E2AF ; L objects
_behav_egg                      = $E2B1 ; G objects
_behav_fenemy1                  = $E2C9 ; G objects
zccE4853_inc_f1_defeated        = $E303 ; L objects
zccE4853_final1_start           = $E308 ; L objects
zccE4853_notgenerated_1         = $E362 ; L objects
zccE4853_dec_behav_param_1      = $E369 ; L objects
zccE4853_move_rest_final1       = $E36A ; L objects
_behav_fenemy2                  = $E37A ; G objects
zccE4853_inc_f2_defeated        = $E3B4 ; L objects
zccE4853_final2_start           = $E3B9 ; L objects
zccE4853_nochangedirection_final2 = $E3E7 ; L objects
zccE4853_doshoot_final2         = $E3ED ; L objects
zccE4853_shoot1_final2          = $E413 ; L objects
zccE4853_shoot2_final2          = $E454 ; L objects
zccE4853_shoot2_skip1           = $E48D ; L objects
zccE4853_shoot2_skip2           = $E4B3 ; L objects
zccE4853_shoot2_done            = $E4EE ; L objects
zccE4853_shooting_final2        = $E4EF ; L objects
zccE4853_restore_sprites_final2 = $E4F6 ; L objects
zccE4853_move_rest_final2       = $E514 ; L objects
_behav_fenemy3                  = $E552 ; G objects
zccE4853_inc_f3_defeated        = $E58C ; L objects
zccE4853_final3_start           = $E591 ; L objects
zccE4853_shoot1_final3          = $E5C2 ; L objects
zccE4853_dec_behav_param_3      = $E60C ; L objects
zccE4853_make_kamikaze_final3   = $E622 ; L objects
zccE4853_make_goleft_final3     = $E62A ; L objects
zccE4853_make_goright_final3    = $E632 ; L objects
zccE4853_move_rest_final3       = $E638 ; L objects
zccE4853_noadjust_final3        = $E645 ; L objects
_behav_fenemy4                  = $E663 ; G objects
zccE4853_inc_f4_defeated        = $E6AD ; L objects
zccE4853_final4_start           = $E6B2 ; L objects
zccE4853_final4_generatesecond  = $E6FC ; L objects
zccE4853_notgenerated           = $E73A ; L objects
zccE4853_dec_behav_param        = $E741 ; L objects
zccE4853_move_rest_final4       = $E742 ; L objects
_behav_fenemy5                  = $E75D ; G objects
zccE4853_inc_f5_defeated        = $E797 ; L objects
zccE4853_final5_start           = $E79C ; L objects
zccE4853_shoot_final5           = $E7CD ; L objects
zccE4853_dec_behav_param_5      = $E7ED ; L objects
zccE4853_make_stop_final5       = $E811 ; L objects
zccE4853_make_godownleft_final5 = $E815 ; L objects
zccE4853_make_goupright_final5  = $E820 ; L objects
zccE4853_make_goleft_final5     = $E828 ; L objects
zccE4853_make_goright_final5    = $E830 ; L objects
zccE4853_make_goup_final5       = $E838 ; L objects
zccE4853_make_godown_final5     = $E840 ; L objects
zccE4853_move_rest_final5       = $E84B ; L objects
_behav_fenemy6                  = $E86F ; G objects
zccE4853_inc_f6_defeated        = $E8A9 ; L objects
zccE4853_final6_start           = $E8AE ; L objects
zccE4853_final6_animate_still   = $E8D0 ; L objects
zccE4853_final6_animate1        = $E8D5 ; L objects
zccE4853_final6_animate2        = $E8DA ; L objects
zccE4853_final6_animate3        = $E8DF ; L objects
zccE4853_final6_storeanimation  = $E8E1 ; L objects
zccE4853_shoot_final6           = $E90E ; L objects
zccE4853_shoot_final6_lowenergy = $E953 ; L objects
zccE4853_shoot_final6_low_skip1 = $E99D ; L objects
zccE4853_shoot_final6_low_skip2 = $E9E9 ; L objects
zccE4853_inc_behav_param_6      = $E9EB ; L objects
zccE4853_make_stop_final6       = $EA0D ; L objects
zccE4853_make_godownleft_final6 = $EA11 ; L objects
zccE4853_make_goupleft_final6   = $EA1C ; L objects
zccE4853_make_goleft_final6     = $EA27 ; L objects
zccE4853_make_goright_final6    = $EA2F ; L objects
zccE4853_make_goleft2_final6    = $EA37 ; L objects
zccE4853_move_rest_final6       = $EA3F ; L objects
_behav_fenemy7                  = $EA63 ; G objects
zccE4853_inc_f7_defeated        = $EA9D ; L objects
zccE4853_final7_start           = $EAA2 ; L objects
zccE4853_final7_shoot4          = $EAE2 ; L objects
zccE4853_final7_shoot4_skip1    = $EB2C ; L objects
zccE4853_final7_shoot4_skip2    = $EB78 ; L objects
zccE4853_final7_shoot4_skip3    = $EBC4 ; L objects
zccE4853_final7_shoot3          = $EBC9 ; L objects
zccE4853_final7_shoot3_skip1    = $EBF3 ; L objects
zccE4853_final7_shoot3_skip2    = $EC10 ; L objects
zccE4853_final7_shoot3_skip3    = $EC30 ; L objects
zccE4853_final7_shoot3_skip4    = $EC4D ; L objects
zccE4853_final7_shoot2          = $EC58 ; L objects
zccE4853_final7_shoot2_skip1    = $EC88 ; L objects
zccE4853_final7_shoot2_skip2    = $ECA2 ; L objects
zccE4853_final7_shoot1          = $ECB5 ; L objects
zccE4853_final7_shoot1_skip1    = $ECF1 ; L objects
zccE4853_final7_shoot1_skip2    = $ED11 ; L objects
zccE4853_inc_behav_param_7      = $ED19 ; L objects
zccE4853_make_stop_final7       = $ED48 ; L objects
zccE4853_make_wave_final7       = $ED4C ; L objects
zccE4853_make_goleft_final7     = $ED57 ; L objects
zccE4853_make_goright_final7    = $ED5F ; L objects
zccE4853_make_downleft_final7   = $ED67 ; L objects
zccE4853_make_upleft_final7     = $ED72 ; L objects
zccE4853_make_upright_final7    = $ED7D ; L objects
zccE4853_make_downright_final7  = $ED85 ; L objects
zccE4853_move_rest_final7       = $ED90 ; L objects
_behav_final1_l7                = $EDB4 ; G objects
zccE4853_notgenerated_f1_l7     = $EDF5 ; L objects
zccE4853_inc_behav_param_final1_l7 = $EDF7 ; L objects
_behav_follow                   = $EDF9 ; G objects
zccE4853_follow_loop            = $EE0A ; L objects
_behav_none                     = $EE29 ; G objects
_behav_powerup                  = $EE2A ; G objects
_behav_saltarin                 = $EE5C ; G objects
zccE4853_saltarin_notjumping    = $EE66 ; L objects
zccE4853_saltarin_carry         = $EE6C ; L objects
zccE4853_saltarin_nocarry       = $EE6E ; L objects
zccE4853_saltarin_jump          = $EE71 ; L objects
zccE4853_saltarin_alreadyjumping = $EE7D ; L objects
zccE4853_saltarin_anim2         = $EEA0 ; L objects
zccE4853_saltarin_anim3         = $EEA3 ; L objects
zccE4853_saltarin_anim1         = $EEA6 ; L objects
zccE4853_saltarin_goingdown     = $EEA9 ; L objects
zccE4853_saltarin_gonedown      = $EEB3 ; L objects
_behav_saltarin_bis             = $EEB7 ; G objects
zccE4853_saltarinbis_notjumping = $EEC1 ; L objects
zccE4853_saltarinbis_carry      = $EEC7 ; L objects
zccE4853_saltarinbis_nocarry    = $EEC9 ; L objects
zccE4853_saltarinbis_jump       = $EECC ; L objects
zccE4853_saltarinbis_alreadyjumping = $EED8 ; L objects
zccE4853_saltarinbis_anim2      = $EEFB ; L objects
zccE4853_saltarinbis_anim3      = $EEFE ; L objects
zccE4853_saltarinbis_anim1      = $EF01 ; L objects
zccE4853_saltarinbis_goingdown  = $EF04 ; L objects
zccE4853_saltarinbis_gonedown   = $EF0E ; L objects
_behav_shoot_left               = $EF12 ; G objects
_behav_shoot_left_Y             = $EF39 ; G objects
zccE4853_y_nocarry              = $EF4C ; L objects
_behav_shoot_left_wait          = $EF74 ; G objects
_behav_shoot_target             = $EF9C ; G objects
_behav_shoot_target_left        = $EFF0 ; G objects
zccE4853_check_third_shoot_left = $EFFF ; L objects
zccE4853_check_second_shoot_left = $F006 ; L objects
zccE4853_check_first_shoot_left = $F00D ; L objects
zccE4853_left_new_shoot         = $F012 ; L objects
_behav_shoot_target_right       = $F03A ; G objects
zccE4853_check_third_shoot_right = $F04C ; L objects
zccE4853_check_second_shoot_right = $F053 ; L objects
zccE4853_check_first_shoot_right = $F05A ; L objects
zccE4853_right_new_shoot        = $F05F ; L objects
_behav_turret                   = $F084 ; G objects
zccE4853_turret_carry           = $F08B ; L objects
zccE4853_turret_nocarry         = $F095 ; L objects
zccE4853_turret_center          = $F09D ; L objects
zccE4853_turret_done            = $F09F ; L objects
zccE4853_check_third_shoot_turret = $F0B6 ; L objects
zccE4853_check_second_shoot_turret = $F0BD ; L objects
zccE4853_check_first_shoot_turret = $F0C4 ; L objects
zccE4853_turret_new_shoot       = $F0C9 ; L objects
_behav_uglyguy                  = $F113 ; G objects
zccE4853_ugluguy_nochange       = $F121 ; L objects
_NewEnemy                       = $F128 ; G objects
zccE4853_gotofirst              = $F13E ; L objects
zccE4853_findemptyenemy         = $F144 ; L objects
zccE4853_enemynotempty          = $F1BF ; L objects
__BANK_06_tail                  = $F1CD ; G 
__size                          = $F1CD ; G 
__tail                          = $F1CD ; G 
TAR__register_sp                = $FF58 ; L zccE4893
CRT_ON_EXIT                     = $10001 ; L zccE4893
__crt_on_exit                   = $10001 ; L zccE4893
TAR__crt_on_exit                = $30002 ; L zccE4893
