TAR__clib_malloc_heap_size      = $FFFFFFFF ; L zcc73423
CLIB_MALLOC_HEAP_SIZE           = $0000 ; L zcc73423
CLIB_OPT_STDIO                  = $0000 ; L zcc73423
CLIB_STDIO_HEAP_SIZE            = $0000 ; L zcc73423
IOCTL_RESET                     = $0000 ; G zcc73423
STDIO_SEEK_SET                  = $0000 ; G zcc73423
TAR__clib_balloc_table_size     = $0000 ; L zcc73423
TAR__clib_exit_stack_size       = $0000 ; L zcc73423
TAR__clib_fopen_max             = $0000 ; L zcc73423
TAR__clib_open_max              = $0000 ; L zcc73423
TAR__clib_quickexit_stack_size  = $0000 ; L zcc73423
TAR__crt_enable_commandline     = $0000 ; L zcc73423
TAR__crt_enable_nmi             = $0000 ; L zcc73423
TAR__crt_enable_restart         = $0000 ; L zcc73423
TAR__crt_enable_rst             = $0000 ; L zcc73423
TAR__crt_include_preamble       = $0000 ; L zcc73423
TAR__crt_initialize_bss         = $0000 ; L zcc73423
TAR__crt_model                  = $0000 ; L zcc73423
TAR__crt_org_bss                = $0000 ; L zcc73423
TAR__crt_org_data               = $0000 ; L zcc73423
__BSS_END_size                  = $0000 ; G 
__BSS_UNINITIALIZED_size        = $0000 ; G 
__CODE_END_size                 = $0000 ; G 
__CRTDEF                        = $0000 ; L zcc73423
__DATA_END_size                 = $0000 ; G 
__EOK                           = $0000 ; G zcc73423
__MMAP                          = $0000 ; L zcc73423
__bss_alloc_balloc_size         = $0000 ; G 
__bss_alloc_malloc_size         = $0000 ; G 
__bss_arch_size                 = $0000 ; G 
__bss_clib_size                 = $0000 ; G 
__bss_compiler_size             = $0000 ; G 
__bss_compress_aplib_size       = $0000 ; G 
__bss_driver_size               = $0000 ; G 
__bss_error_size                = $0000 ; G 
__bss_fcntl_size                = $0000 ; G 
__bss_font_size                 = $0000 ; G 
__bss_input_size                = $0000 ; G 
__bss_lib_size                  = $0000 ; G 
__bss_sound_bit_size            = $0000 ; G 
__bss_string_size               = $0000 ; G 
__bss_user_size                 = $0000 ; G 
__clib_balloc_table_size        = $0000 ; L zcc73423
__clib_exit_stack_size          = $0000 ; L zcc73423
__clib_fopen_max                = $0000 ; L zcc73423
__clib_malloc_heap_size         = $0000 ; L zcc73423
__clib_open_max                 = $0000 ; L zcc73423
__clib_quickexit_stack_size     = $0000 ; L zcc73423
__clib_stdio_heap_size          = $0000 ; L zcc73423
__code_adt_b_array_size         = $0000 ; G 
__code_adt_b_vector_size        = $0000 ; G 
__code_adt_ba_priority_queue_size = $0000 ; G 
__code_adt_ba_stack_size        = $0000 ; G 
__code_adt_bv_priority_queue_size = $0000 ; G 
__code_adt_bv_stack_size        = $0000 ; G 
__code_adt_p_forward_list_alt_size = $0000 ; G 
__code_adt_p_forward_list_size  = $0000 ; G 
__code_adt_p_list_size          = $0000 ; G 
__code_adt_p_queue_size         = $0000 ; G 
__code_adt_p_stack_size         = $0000 ; G 
__code_adt_w_array_size         = $0000 ; G 
__code_adt_w_vector_size        = $0000 ; G 
__code_adt_wa_priority_queue_size = $0000 ; G 
__code_adt_wa_stack_size        = $0000 ; G 
__code_adt_wv_priority_queue_size = $0000 ; G 
__code_adt_wv_stack_size        = $0000 ; G 
__code_alloc_balloc_size        = $0000 ; G 
__code_alloc_malloc_size        = $0000 ; G 
__code_alloc_obstack_size       = $0000 ; G 
__code_arch_size                = $0000 ; G 
__code_bifrost2_size            = $0000 ; G 
__code_bifrost_h_size           = $0000 ; G 
__code_bifrost_l_size           = $0000 ; G 
__code_clib_size                = $0000 ; G 
__code_compress_aplib_size      = $0000 ; G 
__code_compress_zx7_size        = $0000 ; G 
__code_crt_common_size          = $0000 ; G 
__code_crt_exit_size            = $0000 ; G 
__code_crt_init_size            = $0000 ; G 
__code_ctype_size               = $0000 ; G 
__code_driver_character_input_size = $0000 ; G 
__code_driver_character_output_size = $0000 ; G 
__code_driver_general_size      = $0000 ; G 
__code_driver_memstream_size    = $0000 ; G 
__code_driver_size              = $0000 ; G 
__code_driver_terminal_input_size = $0000 ; G 
__code_driver_terminal_output_size = $0000 ; G 
__code_driver_tty_size          = $0000 ; G 
__code_fcntl_size               = $0000 ; G 
__code_font_fzx_size            = $0000 ; G 
__code_font_size                = $0000 ; G 
__code_fp_genmath_size          = $0000 ; G 
__code_fp_math48_size           = $0000 ; G 
__code_input_size               = $0000 ; G 
__code_inttypes_size            = $0000 ; G 
__code_l_sccz80_size            = $0000 ; G 
__code_l_sdcc_size              = $0000 ; G 
__code_lib_size                 = $0000 ; G 
__code_locale_size              = $0000 ; G 
__code_math_size                = $0000 ; G 
__code_network_size             = $0000 ; G 
__code_nirvanam_size            = $0000 ; G 
__code_nirvanap_size            = $0000 ; G 
__code_setjmp_size              = $0000 ; G 
__code_sound_bit_size           = $0000 ; G 
__code_stdio_size               = $0000 ; G 
__code_stdlib_size              = $0000 ; G 
__code_string_size              = $0000 ; G 
__code_temp_sp1_size            = $0000 ; G 
__code_threads_mutex_size       = $0000 ; G 
__code_threads_size             = $0000 ; G 
__code_user_size                = $0000 ; G 
__code_z80_size                 = $0000 ; G 
__crt_enable_commandline        = $0000 ; L zcc73423
__crt_enable_restart            = $0000 ; L zcc73423
__crt_include_preamble          = $0000 ; L zcc73423
__crt_initialize_bss            = $0000 ; L zcc73423
__crt_model                     = $0000 ; L zcc73423
__crt_org_bss                   = $0000 ; L zcc73423
__crt_org_data                  = $0000 ; L zcc73423
__data_alloc_balloc_size        = $0000 ; G 
__data_alloc_malloc_size        = $0000 ; G 
__data_clib_size                = $0000 ; G 
__data_compiler_size            = $0000 ; G 
__data_driver_size              = $0000 ; G 
__data_fcntl_fdtable_body_size  = $0000 ; G 
__data_fcntl_size               = $0000 ; G 
__data_fcntl_stdio_heap_body_size = $0000 ; G 
__data_fcntl_stdio_heap_head_size = $0000 ; G 
__data_fcntl_stdio_heap_tail_size = $0000 ; G 
__data_font_size                = $0000 ; G 
__data_lib_size                 = $0000 ; G 
__data_sound_bit_size           = $0000 ; G 
__data_stdlib_size              = $0000 ; G 
__data_user_size                = $0000 ; G 
__exit_stack_size               = $0000 ; G zcc73423
__fcntl_fdtbl                   = $0000 ; G zcc73423
__fcntl_fdtbl_size              = $0000 ; G zcc73423
__head                          = $0000 ; G 
__quickexit_stack_size          = $0000 ; G zcc73423
__rodata_clib_size              = $0000 ; G 
__rodata_compiler_size          = $0000 ; G 
__rodata_driver_size            = $0000 ; G 
__rodata_error_strings_size     = $0000 ; G 
__rodata_fcntl_size             = $0000 ; G 
__rodata_font_4x8_size          = $0000 ; G 
__rodata_font_8x8_size          = $0000 ; G 
__rodata_font_fzx_size          = $0000 ; G 
__rodata_font_size              = $0000 ; G 
__rodata_input_size             = $0000 ; G 
__rodata_lib_size               = $0000 ; G 
__rodata_sound_bit_size         = $0000 ; G 
__rodata_stdio_size             = $0000 ; G 
__rodata_stdlib_size            = $0000 ; G 
__rodata_user_size              = $0000 ; G 
__smc_clib_size                 = $0000 ; G 
__smc_compiler_size             = $0000 ; G 
__smc_driver_size               = $0000 ; G 
__smc_fcntl_size                = $0000 ; G 
__smc_font_size                 = $0000 ; G 
__smc_l_size                    = $0000 ; G 
__smc_lib_size                  = $0000 ; G 
__smc_sound_bit_size            = $0000 ; G 
__smc_user_size                 = $0000 ; G 
thrd_success                    = $0000 ; G zcc73423
DEFINED_CLIB_MALLOC_HEAP_SIZE   = $0001 ; L zcc73423
DEFINED_CLIB_OPT_STDIO          = $0001 ; L zcc73423
DEFINED_CLIB_STDIO_HEAP_SIZE    = $0001 ; L zcc73423
DEFINED_CRT_ON_EXIT             = $0001 ; L zcc73423
DEFINED_CRT_ORG_CODE            = $0001 ; L zcc73423
DEFINED_REGISTER_SP             = $0001 ; L zcc73423
DEFINED_startup                 = $0001 ; L zcc73423
STDIO_MSG_PUTC                  = $0001 ; G zcc73423
STDIO_SEEK_CUR                  = $0001 ; G zcc73423
TAR__crt_enable_close           = $0001 ; L zcc73423
TAR__crt_enable_eidi            = $0001 ; L zcc73423
__BSS_size                      = $0001 ; G 
__DATA_size                     = $0001 ; G 
__EACCES                        = $0001 ; G zcc73423
__code_compiler_size            = $0001 ; G 
__crt_enable_close              = $0001 ; L zcc73423
__crt_enable_eidi               = $0001 ; L zcc73423
__data_threads_size             = $0001 ; G 
__rodata_error_string_end_size  = $0001 ; G 
mtx_plain                       = $0001 ; G zcc73423
thrd_error                      = $0001 ; G zcc73423
STDIO_MSG_WRIT                  = $0002 ; G zcc73423
STDIO_SEEK_END                  = $0002 ; G zcc73423
__EBADF                         = $0002 ; G zcc73423
__bss_stdio_size                = $0002 ; G 
__bss_stdlib_size               = $0002 ; G 
__code_l_size                   = $0002 ; G 
mtx_recursive                   = $0002 ; G zcc73423
thrd_nomem                      = $0002 ; G zcc73423
STDIO_MSG_GETC                  = $0003 ; G zcc73423
__EBDFD                         = $0003 ; G zcc73423
STDIO_MSG_EATC                  = $0004 ; G zcc73423
__CODE_size                     = $0004 ; G 
__EDOM                          = $0004 ; G zcc73423
__code_crt_main_size            = $0004 ; G 
__code_crt_return_size          = $0004 ; G 
__data_stdio_size               = $0004 ; G 
mtx_timed                       = $0004 ; G zcc73423
thrd_busy                       = $0004 ; G zcc73423
STDIO_MSG_READ                  = $0005 ; G zcc73423
__EFBIG                         = $0005 ; G zcc73423
STDIO_MSG_SEEK                  = $0006 ; G zcc73423
__EINVAL                        = $0006 ; G zcc73423
STDIO_MSG_ICTL                  = $0007 ; G zcc73423
TAR__crt_enable_streams         = $0007 ; L zcc73423
__EMFILE                        = $0007 ; G zcc73423
STDIO_MSG_FLSH                  = $0008 ; G zcc73423
__ENFILE                        = $0008 ; G zcc73423
thrd_timedout                   = $0008 ; G zcc73423
STDIO_MSG_CLOS                  = $0009 ; G zcc73423
__ENOLCK                        = $0009 ; G zcc73423
__code_error_size               = $0009 ; G 
__ENOMEM                        = $000A ; G zcc73423
__ENOTSUP                       = $000B ; G zcc73423
__EOVERFLOW                     = $000C ; G zcc73423
__ERANGE                        = $000D ; G zcc73423
__ESTAT                         = $000E ; G zcc73423
ICHAR_MSG_GETC                  = $000F ; G zcc73423
ITERM_MSG_GETC                  = $000F ; G zcc73423
__EAGAIN                        = $000F ; G zcc73423
__EWOULDBLOCK                   = $000F ; G zcc73423
ITERM_MSG_INTERRUPT             = $0010 ; G zcc73423
ITERM_MSG_PUTC                  = $0011 ; G zcc73423
ITERM_MSG_PRINT_CURSOR          = $0012 ; G zcc73423
ITERM_MSG_ERASE_CURSOR          = $0013 ; G zcc73423
ITERM_MSG_ERASE_CURSOR_PWD      = $0014 ; G zcc73423
ITERM_MSG_BS                    = $0015 ; G zcc73423
ITERM_MSG_BS_PWD                = $0016 ; G zcc73423
ITERM_MSG_READLINE_BEGIN        = $0017 ; G zcc73423
ITERM_MSG_READLINE_END          = $0018 ; G zcc73423
ITERM_MSG_BELL                  = $0019 ; G zcc73423
OCHAR_MSG_PUTC_BIN              = $001E ; G zcc73423
OTERM_MSG_PUTC                  = $001E ; G zcc73423
OTERM_MSG_TTY                   = $001F ; G zcc73423
startup                         = $001F ; L zcc73423
OCHAR_MSG_PUTC                  = $0020 ; G zcc73423
OTERM_MSG_PRINTC                = $0020 ; G zcc73423
OTERM_MSG_SCROLL                = $0021 ; G zcc73423
OTERM_MSG_CLS                   = $0022 ; G zcc73423
OTERM_MSG_PAUSE                 = $0023 ; G zcc73423
OTERM_MSG_BELL                  = $0024 ; G zcc73423
OTERM_MSG_PSCROLL               = $0025 ; G zcc73423
TAR__clib_stdio_heap_size       = $0100 ; L zcc73423
IOCTL_OTERM_CLS                 = $0102 ; G zcc73423
TAR__crt_stack_size             = $0200 ; L zcc73423
IOCTL_ITERM_TIE                 = $0201 ; G zcc73423
IOCTL_OTERM_RESET_SCROLL        = $0202 ; G zcc73423
IOCTL_ITERM_SET_EDITBUF         = $0301 ; G zcc73423
IOCTL_OTERM_SET_WINDOW_COORD    = $0302 ; G zcc73423
IOCTL_ITERM_GET_EDITBUF         = $0381 ; G zcc73423
IOCTL_OTERM_GET_WINDOW_COORD    = $0382 ; G zcc73423
IOCTL_OTERM_SET_WINDOW_RECT     = $0402 ; G zcc73423
IOCTL_OTERM_GET_WINDOW_RECT     = $0482 ; G zcc73423
IOCTL_OTERM_SET_CURSOR_COORD    = $0502 ; G zcc73423
IOCTL_OTERM_GET_CURSOR_COORD    = $0582 ; G zcc73423
IOCTL_OTERM_GET_OTERM           = $0602 ; G zcc73423
IOCTL_OTERM_SCROLL              = $0702 ; G zcc73423
IOCTL_OTERM_FONT                = $0802 ; G zcc73423
IOCTL_OTERM_FZX_SET_PAPER_COORD = $0A02 ; G zcc73423
IOCTL_OTERM_FZX_GET_PAPER_COORD = $0A82 ; G zcc73423
IOCTL_OTERM_FZX_SET_PAPER_RECT  = $0B02 ; G zcc73423
IOCTL_OTERM_FZX_GET_PAPER_RECT  = $0B82 ; G zcc73423
IOCTL_OTERM_FZX_LEFT_MARGIN     = $0C02 ; G zcc73423
IOCTL_OTERM_FZX_LINE_SPACING    = $0D02 ; G zcc73423
IOCTL_OTERM_FZX_SPACE_EXPAND    = $0E02 ; G zcc73423
IOCTL_OTERM_FZX_SET_FZX_STATE   = $0F02 ; G zcc73423
IOCTL_OTERM_FZX_GET_FZX_STATE   = $0F82 ; G zcc73423
IOCTL_ITERM_SET_DELAY           = $1001 ; G zcc73423
IOCTL_OTERM_FCOLOR              = $1002 ; G zcc73423
IOCTL_ITERM_GET_DELAY           = $1081 ; G zcc73423
IOCTL_ITERM_LASTK               = $1101 ; G zcc73423
IOCTL_OTERM_FMASK               = $1102 ; G zcc73423
IOCTL_OTERM_BCOLOR              = $1202 ; G zcc73423
__BANK_06_size                  = $3128 ; G 
CRT_ORG_CODE                    = $5F82 ; L zcc73423
__CODE_head                     = $5F82 ; G 
__Start                         = $5F82 ; G zcc73423
__crt_org_code                  = $5F82 ; L zcc73423
__Restart                       = $5F83 ; L zcc73423
__CODE_tail                     = $5F86 ; G 
__Restart_2                     = $5F86 ; L zcc73423
__code_crt_init_head            = $5F86 ; G 
__code_crt_init_tail            = $5F86 ; G 
__code_crt_main_head            = $5F86 ; G 
__Exit                          = $5F89 ; G zcc73423
__code_crt_exit_head            = $5F8A ; G 
__code_crt_exit_tail            = $5F8A ; G 
__code_crt_main_tail            = $5F8A ; G 
__code_crt_return_head          = $5F8A ; G 
__code_adt_b_array_head         = $5F8E ; G 
__code_adt_b_array_tail         = $5F8E ; G 
__code_adt_b_vector_head        = $5F8E ; G 
__code_adt_b_vector_tail        = $5F8E ; G 
__code_adt_ba_priority_queue_head = $5F8E ; G 
__code_adt_ba_priority_queue_tail = $5F8E ; G 
__code_adt_ba_stack_head        = $5F8E ; G 
__code_adt_ba_stack_tail        = $5F8E ; G 
__code_adt_bv_priority_queue_head = $5F8E ; G 
__code_adt_bv_priority_queue_tail = $5F8E ; G 
__code_adt_bv_stack_head        = $5F8E ; G 
__code_adt_bv_stack_tail        = $5F8E ; G 
__code_adt_p_forward_list_alt_head = $5F8E ; G 
__code_adt_p_forward_list_alt_tail = $5F8E ; G 
__code_adt_p_forward_list_head  = $5F8E ; G 
__code_adt_p_forward_list_tail  = $5F8E ; G 
__code_adt_p_list_head          = $5F8E ; G 
__code_adt_p_list_tail          = $5F8E ; G 
__code_adt_p_queue_head         = $5F8E ; G 
__code_adt_p_queue_tail         = $5F8E ; G 
__code_adt_p_stack_head         = $5F8E ; G 
__code_adt_p_stack_tail         = $5F8E ; G 
__code_adt_w_array_head         = $5F8E ; G 
__code_adt_w_array_tail         = $5F8E ; G 
__code_adt_w_vector_head        = $5F8E ; G 
__code_adt_w_vector_tail        = $5F8E ; G 
__code_adt_wa_priority_queue_head = $5F8E ; G 
__code_adt_wa_priority_queue_tail = $5F8E ; G 
__code_adt_wa_stack_head        = $5F8E ; G 
__code_adt_wa_stack_tail        = $5F8E ; G 
__code_adt_wv_priority_queue_head = $5F8E ; G 
__code_adt_wv_priority_queue_tail = $5F8E ; G 
__code_adt_wv_stack_head        = $5F8E ; G 
__code_adt_wv_stack_tail        = $5F8E ; G 
__code_alloc_balloc_head        = $5F8E ; G 
__code_alloc_balloc_tail        = $5F8E ; G 
__code_alloc_malloc_head        = $5F8E ; G 
__code_alloc_malloc_tail        = $5F8E ; G 
__code_alloc_obstack_head       = $5F8E ; G 
__code_alloc_obstack_tail       = $5F8E ; G 
__code_arch_head                = $5F8E ; G 
__code_arch_tail                = $5F8E ; G 
__code_bifrost2_head            = $5F8E ; G 
__code_bifrost2_tail            = $5F8E ; G 
__code_bifrost_h_head           = $5F8E ; G 
__code_bifrost_h_tail           = $5F8E ; G 
__code_bifrost_l_head           = $5F8E ; G 
__code_bifrost_l_tail           = $5F8E ; G 
__code_clib_head                = $5F8E ; G 
__code_clib_tail                = $5F8E ; G 
__code_compress_aplib_head      = $5F8E ; G 
__code_compress_aplib_tail      = $5F8E ; G 
__code_compress_zx7_head        = $5F8E ; G 
__code_compress_zx7_tail        = $5F8E ; G 
__code_crt_common_head          = $5F8E ; G 
__code_crt_common_tail          = $5F8E ; G 
__code_crt_return_tail          = $5F8E ; G 
__code_ctype_head               = $5F8E ; G 
__code_ctype_tail               = $5F8E ; G 
__code_driver_character_input_head = $5F8E ; G 
__code_driver_character_input_tail = $5F8E ; G 
__code_driver_character_output_head = $5F8E ; G 
__code_driver_character_output_tail = $5F8E ; G 
__code_driver_general_head      = $5F8E ; G 
__code_driver_general_tail      = $5F8E ; G 
__code_driver_head              = $5F8E ; G 
__code_driver_memstream_head    = $5F8E ; G 
__code_driver_memstream_tail    = $5F8E ; G 
__code_driver_tail              = $5F8E ; G 
__code_driver_terminal_input_head = $5F8E ; G 
__code_driver_terminal_input_tail = $5F8E ; G 
__code_driver_terminal_output_head = $5F8E ; G 
__code_driver_terminal_output_tail = $5F8E ; G 
__code_driver_tty_head          = $5F8E ; G 
__code_driver_tty_tail          = $5F8E ; G 
__code_error_head               = $5F8E ; G 
__code_font_head                = $5F8E ; G 
__code_font_tail                = $5F8E ; G 
__ch_system                     = $5F92 ; G zcc73423
error_zc                        = $5F92 ; G error_zc
__code_error_tail               = $5F97 ; G 
__code_fcntl_head               = $5F97 ; G 
__code_fcntl_tail               = $5F97 ; G 
__code_font_fzx_head            = $5F97 ; G 
__code_font_fzx_tail            = $5F97 ; G 
__code_fp_genmath_head          = $5F97 ; G 
__code_fp_genmath_tail          = $5F97 ; G 
__code_fp_math48_head           = $5F97 ; G 
__code_fp_math48_tail           = $5F97 ; G 
__code_input_head               = $5F97 ; G 
__code_input_tail               = $5F97 ; G 
__code_inttypes_head            = $5F97 ; G 
__code_inttypes_tail            = $5F97 ; G 
__code_l_head                   = $5F97 ; G 
__thread_block_timeout          = $5F98 ; G zcc73423
__thread_context_switch         = $5F98 ; G zcc73423
__thread_unblock                = $5F98 ; G zcc73423
l_ret                           = $5F98 ; G l_ret
__code_compiler_head            = $5F99 ; G 
__code_l_sccz80_head            = $5F99 ; G 
__code_l_sccz80_tail            = $5F99 ; G 
__code_l_sdcc_head              = $5F99 ; G 
__code_l_sdcc_tail              = $5F99 ; G 
__code_l_tail                   = $5F99 ; G 
__code_lib_head                 = $5F99 ; G 
__code_lib_tail                 = $5F99 ; G 
__code_locale_head              = $5F99 ; G 
__code_locale_tail              = $5F99 ; G 
__code_math_head                = $5F99 ; G 
__code_math_tail                = $5F99 ; G 
__code_network_head             = $5F99 ; G 
__code_network_tail             = $5F99 ; G 
__code_nirvanam_head            = $5F99 ; G 
__code_nirvanam_tail            = $5F99 ; G 
__code_nirvanap_head            = $5F99 ; G 
__code_nirvanap_tail            = $5F99 ; G 
__code_setjmp_head              = $5F99 ; G 
__code_setjmp_tail              = $5F99 ; G 
__code_sound_bit_head           = $5F99 ; G 
__code_sound_bit_tail           = $5F99 ; G 
__code_stdio_head               = $5F99 ; G 
__code_stdio_tail               = $5F99 ; G 
__code_stdlib_head              = $5F99 ; G 
__code_stdlib_tail              = $5F99 ; G 
__code_string_head              = $5F99 ; G 
__code_string_tail              = $5F99 ; G 
__code_temp_sp1_head            = $5F99 ; G 
__code_temp_sp1_tail            = $5F99 ; G 
__code_threads_head             = $5F99 ; G 
__code_threads_mutex_head       = $5F99 ; G 
__code_threads_mutex_tail       = $5F99 ; G 
__code_threads_tail             = $5F99 ; G 
__code_z80_head                 = $5F99 ; G 
__code_z80_tail                 = $5F99 ; G 
_main                           = $5F99 ; G objects
__code_compiler_tail            = $5F9A ; G 
__code_user_head                = $5F9A ; G 
__code_user_tail                = $5F9A ; G 
__rodata_clib_head              = $5F9A ; G 
__rodata_clib_tail              = $5F9A ; G 
__rodata_driver_head            = $5F9A ; G 
__rodata_driver_tail            = $5F9A ; G 
__rodata_error_string_end_head  = $5F9A ; G 
__rodata_error_strings_head     = $5F9A ; G 
__rodata_error_strings_tail     = $5F9A ; G 
__rodata_font_head              = $5F9A ; G 
__rodata_font_tail              = $5F9A ; G 
__CODE_END_head                 = $5F9B ; G 
__CODE_END_tail                 = $5F9B ; G 
__DATA_head                     = $5F9B ; G 
__rodata_compiler_head          = $5F9B ; G 
__rodata_compiler_tail          = $5F9B ; G 
__rodata_error_string_end_tail  = $5F9B ; G 
__rodata_fcntl_head             = $5F9B ; G 
__rodata_fcntl_tail             = $5F9B ; G 
__rodata_font_4x8_head          = $5F9B ; G 
__rodata_font_4x8_tail          = $5F9B ; G 
__rodata_font_8x8_head          = $5F9B ; G 
__rodata_font_8x8_tail          = $5F9B ; G 
__rodata_font_fzx_head          = $5F9B ; G 
__rodata_font_fzx_tail          = $5F9B ; G 
__rodata_input_head             = $5F9B ; G 
__rodata_input_tail             = $5F9B ; G 
__rodata_lib_head               = $5F9B ; G 
__rodata_lib_tail               = $5F9B ; G 
__rodata_sound_bit_head         = $5F9B ; G 
__rodata_sound_bit_tail         = $5F9B ; G 
__rodata_stdio_head             = $5F9B ; G 
__rodata_stdio_tail             = $5F9B ; G 
__rodata_stdlib_head            = $5F9B ; G 
__rodata_stdlib_tail            = $5F9B ; G 
__rodata_user_head              = $5F9B ; G 
__rodata_user_tail              = $5F9B ; G 
__DATA_tail                     = $5F9C ; G 
__data_alloc_balloc_head        = $5F9C ; G 
__data_alloc_balloc_tail        = $5F9C ; G 
__data_alloc_malloc_head        = $5F9C ; G 
__data_alloc_malloc_tail        = $5F9C ; G 
__data_clib_head                = $5F9C ; G 
__data_clib_tail                = $5F9C ; G 
__data_driver_head              = $5F9C ; G 
__data_driver_tail              = $5F9C ; G 
__data_fcntl_fdtable_body_head  = $5F9C ; G 
__data_fcntl_fdtable_body_tail  = $5F9C ; G 
__data_fcntl_head               = $5F9C ; G 
__data_fcntl_stdio_heap_body_head = $5F9C ; G 
__data_fcntl_stdio_heap_body_tail = $5F9C ; G 
__data_fcntl_stdio_heap_head_head = $5F9C ; G 
__data_fcntl_stdio_heap_head_tail = $5F9C ; G 
__data_fcntl_stdio_heap_tail_head = $5F9C ; G 
__data_fcntl_stdio_heap_tail_tail = $5F9C ; G 
__data_fcntl_tail               = $5F9C ; G 
__data_font_head                = $5F9C ; G 
__data_font_tail                = $5F9C ; G 
__data_sound_bit_head           = $5F9C ; G 
__data_sound_bit_tail           = $5F9C ; G 
__data_stdio_head               = $5F9C ; G 
__smc_clib_head                 = $5F9C ; G 
__smc_clib_tail                 = $5F9C ; G 
__smc_compiler_head             = $5F9C ; G 
__smc_compiler_tail             = $5F9C ; G 
__smc_driver_head               = $5F9C ; G 
__smc_driver_tail               = $5F9C ; G 
__smc_fcntl_head                = $5F9C ; G 
__smc_fcntl_tail                = $5F9C ; G 
__smc_font_head                 = $5F9C ; G 
__smc_font_tail                 = $5F9C ; G 
__smc_l_head                    = $5F9C ; G 
__smc_l_tail                    = $5F9C ; G 
__smc_lib_head                  = $5F9C ; G 
__smc_lib_tail                  = $5F9C ; G 
__smc_sound_bit_head            = $5F9C ; G 
__smc_sound_bit_tail            = $5F9C ; G 
__smc_user_head                 = $5F9C ; G 
__smc_user_tail                 = $5F9C ; G 
__stdio_closed_file_list        = $5F9C ; G zcc73423
__data_stdio_tail               = $5FA0 ; G 
__data_stdlib_head              = $5FA0 ; G 
__data_stdlib_tail              = $5FA0 ; G 
__data_threads_head             = $5FA0 ; G 
__thrd_id                       = $5FA0 ; G zcc73423
__BSS_head                      = $5FA1 ; G 
__DATA_END_head                 = $5FA1 ; G 
__DATA_END_tail                 = $5FA1 ; G 
__data_compiler_head            = $5FA1 ; G 
__data_compiler_tail            = $5FA1 ; G 
__data_lib_head                 = $5FA1 ; G 
__data_lib_tail                 = $5FA1 ; G 
__data_threads_tail             = $5FA1 ; G 
__data_user_head                = $5FA1 ; G 
__data_user_tail                = $5FA1 ; G 
__BSS_UNINITIALIZED_head        = $5FA2 ; G 
__BSS_UNINITIALIZED_tail        = $5FA2 ; G 
__BSS_tail                      = $5FA2 ; G 
__bss_alloc_balloc_head         = $5FA2 ; G 
__bss_alloc_balloc_tail         = $5FA2 ; G 
__bss_alloc_malloc_head         = $5FA2 ; G 
__bss_alloc_malloc_tail         = $5FA2 ; G 
__bss_arch_head                 = $5FA2 ; G 
__bss_arch_tail                 = $5FA2 ; G 
__bss_clib_head                 = $5FA2 ; G 
__bss_clib_tail                 = $5FA2 ; G 
__bss_compress_aplib_head       = $5FA2 ; G 
__bss_compress_aplib_tail       = $5FA2 ; G 
__bss_driver_head               = $5FA2 ; G 
__bss_driver_tail               = $5FA2 ; G 
__bss_error_head                = $5FA2 ; G 
__bss_error_tail                = $5FA2 ; G 
__bss_fcntl_head                = $5FA2 ; G 
__bss_fcntl_tail                = $5FA2 ; G 
__bss_font_head                 = $5FA2 ; G 
__bss_font_tail                 = $5FA2 ; G 
__bss_input_head                = $5FA2 ; G 
__bss_input_tail                = $5FA2 ; G 
__bss_sound_bit_head            = $5FA2 ; G 
__bss_sound_bit_tail            = $5FA2 ; G 
__bss_stdio_head                = $5FA2 ; G 
__stdio_open_file_list          = $5FA2 ; G zcc73423
__bss_stdio_tail                = $5FA4 ; G 
__bss_stdlib_head               = $5FA4 ; G 
__exit_stack                    = $5FA4 ; G zcc73423
__quickexit_stack               = $5FA5 ; G zcc73423
__BSS_END_head                  = $5FA6 ; G 
__BSS_END_tail                  = $5FA6 ; G 
__bss_compiler_head             = $5FA6 ; G 
__bss_compiler_tail             = $5FA6 ; G 
__bss_lib_head                  = $5FA6 ; G 
__bss_lib_tail                  = $5FA6 ; G 
__bss_stdlib_tail               = $5FA6 ; G 
__bss_string_head               = $5FA6 ; G 
__bss_string_tail               = $5FA6 ; G 
__bss_user_head                 = $5FA6 ; G 
__bss_user_tail                 = $5FA6 ; G 
TAR__crt_org_code               = $8000 ; L zcc73423
REGISTER_SP                     = $C000 ; L zcc73423
__BANK_06_head                  = $C000 ; G 
__register_sp                   = $C000 ; L zcc73423
zcc73413_mainmenu               = $C000 ; L objects
IOCTL_ITERM_CAPS                = $C009 ; G zcc73423
IOCTL_ITERM_COOK                = $C011 ; G zcc73423
IOCTL_OTERM_CRLF                = $C012 ; G zcc73423
IOCTL_OCHAR_CRLF                = $C014 ; G zcc73423
zcc73413_menu_loop              = $C015 ; L objects
zcc73413_menu_move_stars        = $C020 ; L objects
IOCTL_ITERM_LINE                = $C021 ; G zcc73423
IOCTL_OTERM_COOK                = $C022 ; G zcc73423
zcc73413_menu_nowrap            = $C032 ; L objects
zcc73413_menu_putcredits        = $C03B ; L objects
IOCTL_ITERM_PASS                = $C041 ; G zcc73423
IOCTL_OTERM_PAUSE               = $C042 ; G zcc73423
zcc73413_menu_puthiscores       = $C053 ; L objects
zcc73413_menu_puttitle          = $C05E ; L objects
zcc73413_menu_nochange          = $C07A ; L objects
IOCTL_ITERM_ECHO                = $C081 ; G zcc73423
IOCTL_OTERM_PAGE                = $C082 ; G zcc73423
zcc73413_menu_nofirepressed     = $C090 ; L objects
zcc73413_menu_inertia_off       = $C0B4 ; L objects
zcc73413_menu_check_sound       = $C0BF ; L objects
zcc73413_menu_continue          = $C0CC ; L objects
zcc73413_menu_display_inertia_status = $C0EC ; L objects
zcc73413_menu_display_sound_status = $C0FE ; L objects
IOCTL_ITERM_CRLF                = $C101 ; G zcc73423
IOCTL_OTERM_BELL                = $C102 ; G zcc73423
IOCTL_ICHAR_CRLF                = $C103 ; G zcc73423
zcc73413_menu_print_music_and_sound = $C10A ; L objects
zcc73413_menu_print_sfxonly     = $C116 ; L objects
zcc73413_menu_print_musiconly   = $C122 ; L objects
zcc73413_menu_print_silence     = $C12E ; L objects
zcc73413_start_inertia_off      = $C13A ; L objects
zcc73413_screen_to_show         = $C146 ; L objects
zcc73413_timer                  = $C147 ; L objects
zcc73413_hiscore_names          = $C148 ; L objects
zcc73413_hiscore_values         = $C17E ; L objects
zcc73413_hiscore_string         = $C18A ; L objects
zcc73413_check_hiscore          = $C18F ; L objects
zcc73413_loop_hiscores          = $C194 ; L objects
zcc73413_nohiscore_found        = $C1A4 ; L objects
zcc73413_hiscore_found          = $C1A5 ; L objects
zcc73413_pushscore_loop         = $C1B2 ; L objects
zcc73413_hiscore_last           = $C1D1 ; L objects
zcc73413_hiscore_pushed         = $C1D7 ; L objects
zcc73413_findname_loop          = $C1E1 ; L objects
IOCTL_ITERM_CURS                = $C201 ; G zcc73423
IOCTL_OTERM_SIGNAL              = $C202 ; G zcc73423
zcc73413_foundname              = $C206 ; L objects
zcc73413_readloop               = $C231 ; L objects
zcc73413_read_exit              = $C243 ; L objects
zcc73413_read_noenter           = $C249 ; L objects
zcc73413_read_checkzero         = $C266 ; L objects
zcc73413_read_checkdelete       = $C26A ; L objects
zcc73413_read_deletepressed     = $C26E ; L objects
zcc73413_read_continue          = $C278 ; L objects
zcc73413_showhiscores           = $C282 ; L objects
zcc73413_showhiscores_loop      = $C28B ; L objects
zcc73413_printhi                = $C316 ; L objects
zcc73413_divide_large           = $C34C ; L objects
zcc73413_divide_loop            = $C350 ; L objects
zcc73413_divide_completed       = $C359 ; L objects
zcc73413_decompose_5digit       = $C35B ; L objects
zcc73413_anim_frame             = $C383 ; L objects
zcc73413_selected_joystick      = $C384 ; L objects
zcc73413_inertia_cheat          = $C385 ; L objects
zcc73413_check_firepress        = $C386 ; L objects
zcc73413_read_sinclair1_joystick = $C386 ; L objects
zcc73413_sinclair1_fire         = $C38C ; L objects
zcc73413_read_sinclair2_joystick = $C397 ; L objects
zcc73413_read_kempston          = $C3A8 ; L objects
zcc73413_read_keyb              = $C3BD ; L objects
zcc73413_no_fire                = $C3CD ; L objects
zcc73413_key_i_pressed          = $C3CF ; L objects
zcc73413_check_cheats           = $C3D0 ; L objects
zcc73413_cheat_pressed          = $C3E1 ; L objects
zcc73413_no_cheat_pressed       = $C3F0 ; L objects
zcc73413_key_s_pressed          = $C3FA ; L objects
zcc73413_check_sound            = $C3FB ; L objects
zcc73413_sound_pressed          = $C40C ; L objects
zcc73413_no_sound_pressed       = $C41C ; L objects
zcc73413_genstars               = $C426 ; L objects
zcc73413_genpixels              = $C439 ; L objects
zcc73413_genpix_shiftloop       = $C43F ; L objects
zcc73413_generate_starfield     = $C449 ; L objects
zcc73413_erase_starfield        = $C48C ; L objects
zcc73413_EraseLoop              = $C4B4 ; L objects
zcc73413_erase_donterase        = $C4E0 ; L objects
zcc73413_move_starfield         = $C4E9 ; L objects
zcc73413_updateslow_loop        = $C4F2 ; L objects
zcc73413_updatemedium_loop      = $C506 ; L objects
zcc73413_updatefast_loop        = $C51E ; L objects
zcc73413_starfield_variable     = $C536 ; L objects
zcc73413_display_starfield      = $C537 ; L objects
zcc73413_DisplayLoop            = $C571 ; L objects
zcc73413_disp_dontdraw          = $C59D ; L objects
zcc73413_starsx_slow            = $C5AD ; L objects
zcc73413_starsx_medium          = $C5CD ; L objects
zcc73413_starsx_fast            = $C5ED ; L objects
zcc73413_starsy_slow            = $C60D ; L objects
zcc73413_starsy_medium          = $C62D ; L objects
zcc73413_starsy_fast            = $C64D ; L objects
zcc73413_stars_pixels_slow      = $C66D ; L objects
zcc73413_stars_pixels_medium    = $C68D ; L objects
zcc73413_stars_pixels_fast      = $C6AD ; L objects
zcc73413_star_anim              = $C6CD ; L objects
zcc73413_anim_order             = $C74D ; L objects
zcc73413_DrawStarAnim           = $C795 ; L objects
zcc73413_dr_chooseanimpos       = $C7A6 ; L objects
zcc73413_noadd                  = $C7AA ; L objects
zcc73413_PrintTile              = $C7E3 ; L objects
zcc73413_TileScAddress          = $C813 ; L objects
zcc73413_CalcScreenPos          = $C843 ; L objects
zcc73413_shiftloop              = $C869 ; L objects
zcc73413_postloop               = $C86D ; L objects
zcc73413_depack                 = $C86F ; L objects
zcc73413_apbranch1              = $C872 ; L objects
zcc73413_aploop0                = $C874 ; L objects
zcc73413_aploop                 = $C877 ; L objects
zcc73413_apget4bits             = $C88A ; L objects
zcc73413_apwritebyte            = $C894 ; L objects
zcc73413_apbranch4              = $C898 ; L objects
zcc73413_apbranch3              = $C8A1 ; L objects
zcc73413_apbranch2              = $C8B5 ; L objects
zcc73413_apskip2                = $C8D4 ; L objects
zcc73413_apskip3                = $C8DD ; L objects
zcc73413_ap_finishup            = $C8E0 ; L objects
zcc73413_ap_finishup2           = $C8E3 ; L objects
zcc73413_ap_r0_gamma            = $C8EA ; L objects
zcc73413_ap_getbit              = $C8F6 ; L objects
zcc73413_ap_getgamma            = $C902 ; L objects
zcc73413_ap_getgammaloop        = $C905 ; L objects
zcc73413_rand_seed              = $C912 ; L objects
zcc73413_rand                   = $C914 ; L objects
zcc73413_CalcScreenPos_Char     = $C931 ; L objects
zcc73413_PrintNumber            = $C949 ; L objects
zcc73413_printnum_loop          = $C95E ; L objects
zcc73413_PrintString            = $C965 ; L objects
zcc73413_string_outerloop       = $C969 ; L objects
zcc73413_string_innerloop       = $C980 ; L objects
zcc73413_string_on              = $C98E ; L objects
zcc73413_string_off             = $C991 ; L objects
zcc73413_string_silence         = $C994 ; L objects
zcc73413_string_music_and_fx    = $C9A1 ; L objects
zcc73413_string_music           = $C9AE ; L objects
zcc73413_string_fx              = $C9BB ; L objects
zcc73413_charfont               = $C9C8 ; L objects
zcc73413_numfont                = $CAC8 ; L objects
zcc73413_KeyCodes               = $CB18 ; L objects
zcc73413_SCAN_KEYBOARD          = $CB40 ; L objects
zcc73413_scan_loop              = $CB48 ; L objects
zcc73413_find_keypress          = $CB4C ; L objects
zcc73413_keyfound               = $CB5B ; L objects
zcc73413_waitforrelease         = $CB5D ; L objects
zcc73413_fire_pressed_wait      = $CB67 ; L objects
zcc73413_sound_selection        = $CB68 ; L objects
zcc73413_move_left              = $CB69 ; L objects
zcc73413_goneleft               = $CB75 ; L objects
zcc73413_move_left_expire       = $CB7D ; L objects
zcc73413_goneleft4              = $CB8D ; L objects
zcc73413_move_right             = $CB95 ; L objects
zcc73413_goneright              = $CBA4 ; L objects
zcc73413_move_pingpong          = $CBAC ; L objects
zcc73413_pingpong_left          = $CBB8 ; L objects
zcc73413_pingpong_goneleft      = $CBC2 ; L objects
zcc73413_pingpong_right         = $CBCB ; L objects
zcc73413_pingpong_goneright     = $CBD8 ; L objects
zcc73413_move_pingpong_final4   = $CBE0 ; L objects
zcc73413_pingpong4_left         = $CBEC ; L objects
zcc73413_pingpong4_goneleft     = $CBF6 ; L objects
zcc73413_pingpong4_right        = $CBFF ; L objects
zcc73413_pingpong4_goneright    = $CC0C ; L objects
zcc73413_move_explosion         = $CC14 ; L objects
zcc73413_end_explosion          = $CC23 ; L objects
zcc73413_move_furby             = $CC2A ; L objects
zcc73413_furby_goneleft         = $CC38 ; L objects
zcc73413_furby_animate          = $CC41 ; L objects
zcc73413_furby_anim4            = $CC56 ; L objects
zcc73413_furby_anim3            = $CC6B ; L objects
zcc73413_furby_anim2            = $CC80 ; L objects
zcc73413_furby_anim1            = $CCA2 ; L objects
zcc73413_move_kamikaze          = $CCBB ; L objects
zcc73413_kamikaze_goneleft      = $CCC9 ; L objects
zcc73413_kamikaze_moveiny       = $CCD2 ; L objects
zcc73413_kamikaze_movedown      = $CCDC ; L objects
zcc73413_kamikaze_moveup        = $CCDE ; L objects
zcc73413_kamikaze_animate       = $CCE9 ; L objects
zcc73413_kamikaze_noinc         = $CCF6 ; L objects
zcc73413_move_homing            = $CD0F ; L objects
zcc73413_homing_goneright       = $CD20 ; L objects
zcc73413_homing_moveiny         = $CD29 ; L objects
zcc73413_homing_multiplyby12    = $CD37 ; L objects
zcc73413_homing_nomultiply      = $CD3B ; L objects
zcc73413_homing_movedown        = $CD40 ; L objects
zcc73413_homing_moveup          = $CD42 ; L objects
zcc73413_move_wave              = $CD4D ; L objects
zcc73413_wave_initialized       = $CD59 ; L objects
zcc73413_wave_goneleft          = $CD7B ; L objects
zcc73413_move_leftanim          = $CD81 ; L objects
zcc73413_anim_initialized       = $CD8C ; L objects
zcc73413_leftanim_goneleft      = $CD9E ; L objects
zcc73413_leftanim_update        = $CDA7 ; L objects
zcc73413_leftanim_nottoupdate   = $CDC3 ; L objects
zcc73413_leftanim_noswitchside  = $CDD6 ; L objects
zcc73413_move_upleft            = $CDE1 ; L objects
zcc73413_goneleft2              = $CDF4 ; L objects
zcc73413_goneup                 = $CDF5 ; L objects
zcc73413_move_upright           = $CDF9 ; L objects
zcc73413_goneright2             = $CE0E ; L objects
zcc73413_goneup2                = $CE16 ; L objects
zcc73413_move_downleft          = $CE1A ; L objects
zcc73413_goneleft3              = $CE30 ; L objects
zcc73413_gonedown               = $CE31 ; L objects
zcc73413_move_downright         = $CE35 ; L objects
zcc73413_goneright3             = $CE4E ; L objects
zcc73413_gonedown2              = $CE4F ; L objects
zcc73413_move_up                = $CE53 ; L objects
zcc73413_goneup3                = $CE60 ; L objects
zcc73413_move_target            = $CE64 ; L objects
zcc73413_target_incx            = $CE6E ; L objects
zcc73413_target_decx            = $CE89 ; L objects
zcc73413_target_movey           = $CEA3 ; L objects
zcc73413_target_incy            = $CEAA ; L objects
zcc73413_target_decy            = $CEC4 ; L objects
zcc73413_target_gonedown        = $CEDF ; L objects
zcc73413_target_goneleft        = $CEDF ; L objects
zcc73413_target_goneright       = $CEDF ; L objects
zcc73413_target_goneup          = $CEDF ; L objects
zcc73413_move_kamikaze_noanim   = $CEE4 ; L objects
zcc73413_kamikaze2_goneleft     = $CEF2 ; L objects
zcc73413_kamikaze2_moveiny      = $CEFB ; L objects
zcc73413_kamikaze2_movedown     = $CF04 ; L objects
zcc73413_kamikaze2_moveup       = $CF06 ; L objects
zcc73413_move_wave_nogoneleft   = $CF11 ; L objects
zcc73413_wave2_initialized      = $CF1D ; L objects
zcc73413_move_missile           = $CF3D ; L objects
zcc73413_missile_goup           = $CF4C ; L objects
zcc73413_missile_goneup         = $CF5C ; L objects
zcc73413_missile_goleft         = $CF61 ; L objects
zcc73413_missile_goleftalready  = $CF6A ; L objects
zcc73413_missile_goneleft2      = $CF77 ; L objects
zcc73413_missile_goupleft       = $CF7C ; L objects
zcc73413_missile_goupleftalready = $CF85 ; L objects
zcc73413_missile_goneleft       = $CF99 ; L objects
zcc73413_missile_goneup2        = $CF9A ; L objects
zcc73413_missile_incparam2      = $CF9E ; L objects
zcc73413_move_kamikaze_2        = $CFA6 ; L objects
zcc73413_kamikaze3_goneleft     = $CFB4 ; L objects
zcc73413_kamikaze3_moveiny      = $CFBD ; L objects
zcc73413_kamikaze3_movedown     = $CFC7 ; L objects
zcc73413_kamikaze3_moveup       = $CFC9 ; L objects
zcc73413_kamikaze3_animate      = $CFD4 ; L objects
zcc73413_kamikaze3_noinc        = $CFE0 ; L objects
zcc73413_move_find_enemy_to_follow = $CFE9 ; L objects
zcc73413_find_loop              = $D001 ; L objects
zcc73413_find_found             = $D00F ; L objects
zcc73413_find_already_initialized = $D01B ; L objects
zcc73413_find_not_found         = $D01E ; L objects
zcc73413_move_follow_right      = $D025 ; L objects
zcc73413_fright_loop2           = $D037 ; L objects
zcc73413_move_follow_down       = $D04A ; L objects
zcc73413_fdown_loop             = $D05C ; L objects
zcc73413_move_follow_downright  = $D06F ; L objects
zcc73413_fdownright_loop        = $D081 ; L objects
zcc73413_move_left_accel        = $D096 ; L objects
zcc73413_goneleft_accel         = $D0A6 ; L objects
zcc73413_move_right_accel       = $D0AE ; L objects
zcc73413_goneright_accel        = $D0C1 ; L objects
zcc73413_move_none              = $D0C9 ; L objects
zcc73413__new_e                 = $D0CA ; L objects
zcc73413_calcdirectshoot        = $D0D2 ; L objects
zcc73413_x_negative             = $D0DA ; L objects
zcc73413_x_positive             = $D0DF ; L objects
zcc73413_y_negative             = $D0E4 ; L objects
zcc73413_y_positive             = $D0E9 ; L objects
zcc73413_dx_greater_dy          = $D0EF ; L objects
zcc73413_dy_greater_dx          = $D108 ; L objects
zcc73413_dy_is_zero             = $D125 ; L objects
zcc73413_Div8                   = $D130 ; L objects
zcc73413_Div8_Loop              = $D133 ; L objects
zcc73413_Div8_NoAdd             = $D13A ; L objects
zcc73413_behav_none             = $D141 ; L objects
zcc73413_behav_shoot_left       = $D142 ; L objects
zcc73413_behav_shoot_left_Y     = $D169 ; L objects
zcc73413_y_nocarry              = $D17C ; L objects
zcc73413_behav_shoot_left_wait  = $D1A4 ; L objects
zcc73413_behav_shoot_target_left = $D1CC ; L objects
zcc73413_check_third_shoot_left = $D1DB ; L objects
zcc73413_check_second_shoot_left = $D1E2 ; L objects
zcc73413_check_first_shoot_left = $D1E9 ; L objects
zcc73413_left_new_shoot         = $D1EE ; L objects
zcc73413_behav_shoot_target_right = $D216 ; L objects
zcc73413_check_third_shoot_right = $D228 ; L objects
zcc73413_check_second_shoot_right = $D22F ; L objects
zcc73413_check_first_shoot_right = $D236 ; L objects
zcc73413_right_new_shoot        = $D23B ; L objects
zcc73413_behav_shoot_target     = $D260 ; L objects
zcc73413_behav_powerup          = $D2B4 ; L objects
zcc73413_behav_turret           = $D2E6 ; L objects
zcc73413_turret_carry           = $D2ED ; L objects
zcc73413_turret_nocarry         = $D2F7 ; L objects
zcc73413_turret_center          = $D2FF ; L objects
zcc73413_turret_done            = $D301 ; L objects
zcc73413_check_third_shoot_turret = $D318 ; L objects
zcc73413_check_second_shoot_turret = $D31F ; L objects
zcc73413_check_first_shoot_turret = $D326 ; L objects
zcc73413_turret_new_shoot       = $D32B ; L objects
zcc73413_behav_asteroid         = $D375 ; L objects
zcc73413_behav_fenemy1          = $D38A ; L objects
zcc73413_inc_f1_defeated        = $D3C4 ; L objects
zcc73413_final1_start           = $D3C9 ; L objects
zcc73413_notgenerated_1         = $D423 ; L objects
zcc73413_dec_behav_param_1      = $D42A ; L objects
zcc73413_move_rest_final1       = $D42B ; L objects
zcc73413_behav_fenemy4          = $D43B ; L objects
zcc73413_inc_f4_defeated        = $D485 ; L objects
zcc73413_final4_start           = $D48A ; L objects
zcc73413_final4_generatesecond  = $D4D4 ; L objects
zcc73413_notgenerated           = $D512 ; L objects
zcc73413_dec_behav_param        = $D519 ; L objects
zcc73413_move_rest_final4       = $D51A ; L objects
zcc73413_behav_fenemy2          = $D535 ; L objects
zcc73413_inc_f2_defeated        = $D56F ; L objects
zcc73413_final2_start           = $D574 ; L objects
zcc73413_nochangedirection_final2 = $D5A2 ; L objects
zcc73413_doshoot_final2         = $D5A8 ; L objects
zcc73413_shoot1_final2          = $D5CE ; L objects
zcc73413_shoot2_final2          = $D60F ; L objects
zcc73413_shoot2_skip1           = $D648 ; L objects
zcc73413_shoot2_skip2           = $D66E ; L objects
zcc73413_shoot2_done            = $D6A9 ; L objects
zcc73413_shooting_final2        = $D6AA ; L objects
zcc73413_restore_sprites_final2 = $D6B1 ; L objects
zcc73413_move_rest_final2       = $D6CF ; L objects
zcc73413_behav_fenemy3          = $D70D ; L objects
zcc73413_inc_f3_defeated        = $D747 ; L objects
zcc73413_final3_start           = $D74C ; L objects
zcc73413_shoot1_final3          = $D77D ; L objects
zcc73413_dec_behav_param_3      = $D7C7 ; L objects
zcc73413_make_kamikaze_final3   = $D7DD ; L objects
zcc73413_make_goleft_final3     = $D7E5 ; L objects
zcc73413_make_goright_final3    = $D7ED ; L objects
zcc73413_move_rest_final3       = $D7F3 ; L objects
zcc73413_noadjust_final3        = $D800 ; L objects
zcc73413_behav_saltarin         = $D81E ; L objects
zcc73413_saltarin_notjumping    = $D828 ; L objects
zcc73413_saltarin_carry         = $D82E ; L objects
zcc73413_saltarin_nocarry       = $D830 ; L objects
zcc73413_saltarin_jump          = $D833 ; L objects
zcc73413_saltarin_alreadyjumping = $D83F ; L objects
zcc73413_saltarin_anim2         = $D862 ; L objects
zcc73413_saltarin_anim3         = $D865 ; L objects
zcc73413_saltarin_anim1         = $D868 ; L objects
zcc73413_saltarin_goingdown     = $D86B ; L objects
zcc73413_saltarin_gonedown      = $D875 ; L objects
zcc73413_behav_saltarin_bis     = $D879 ; L objects
zcc73413_saltarinbis_notjumping = $D883 ; L objects
zcc73413_saltarinbis_carry      = $D889 ; L objects
zcc73413_saltarinbis_nocarry    = $D88B ; L objects
zcc73413_saltarinbis_jump       = $D88E ; L objects
zcc73413_saltarinbis_alreadyjumping = $D89A ; L objects
zcc73413_saltarinbis_anim2      = $D8BD ; L objects
zcc73413_saltarinbis_anim3      = $D8C0 ; L objects
zcc73413_saltarinbis_anim1      = $D8C3 ; L objects
zcc73413_saltarinbis_goingdown  = $D8C6 ; L objects
zcc73413_saltarinbis_gonedown   = $D8D0 ; L objects
zcc73413_behav_casco            = $D8D4 ; L objects
zcc73413_casco_moveagain        = $D8E4 ; L objects
zcc73413_casco_shoot            = $D8F1 ; L objects
zcc73413_casco_storeandcont     = $D921 ; L objects
zcc73413_behav_casco_bis        = $D923 ; L objects
zcc73413_cascobis_moveagain     = $D933 ; L objects
zcc73413_cascobis_shoot         = $D940 ; L objects
zcc73413_cascobis_storeandcont  = $D970 ; L objects
zcc73413_behav_egg              = $D972 ; L objects
zcc73413_behav_uglyguy          = $D98A ; L objects
zcc73413_ugluguy_nochange       = $D998 ; L objects
zcc73413_behav_fenemy5          = $D99F ; L objects
zcc73413_inc_f5_defeated        = $D9D9 ; L objects
zcc73413_final5_start           = $D9DE ; L objects
zcc73413_shoot_final5           = $DA0F ; L objects
zcc73413_dec_behav_param_5      = $DA2F ; L objects
zcc73413_make_stop_final5       = $DA53 ; L objects
zcc73413_make_godownleft_final5 = $DA57 ; L objects
zcc73413_make_goupright_final5  = $DA62 ; L objects
zcc73413_make_goleft_final5     = $DA6A ; L objects
zcc73413_make_goright_final5    = $DA72 ; L objects
zcc73413_make_goup_final5       = $DA7A ; L objects
zcc73413_make_godown_final5     = $DA82 ; L objects
zcc73413_move_rest_final5       = $DA8D ; L objects
zcc73413_behav_fenemy6          = $DAB1 ; L objects
zcc73413_inc_f6_defeated        = $DAEB ; L objects
zcc73413_final6_start           = $DAF0 ; L objects
zcc73413_final6_animate_still   = $DB12 ; L objects
zcc73413_final6_animate1        = $DB17 ; L objects
zcc73413_final6_animate2        = $DB1C ; L objects
zcc73413_final6_animate3        = $DB21 ; L objects
zcc73413_final6_storeanimation  = $DB23 ; L objects
zcc73413_shoot_final6           = $DB50 ; L objects
zcc73413_shoot_final6_lowenergy = $DB95 ; L objects
zcc73413_shoot_final6_low_skip1 = $DBDF ; L objects
zcc73413_shoot_final6_low_skip2 = $DC2B ; L objects
zcc73413_inc_behav_param_6      = $DC2D ; L objects
zcc73413_make_stop_final6       = $DC4F ; L objects
zcc73413_make_godownleft_final6 = $DC53 ; L objects
zcc73413_make_goupleft_final6   = $DC5E ; L objects
zcc73413_make_goleft_final6     = $DC69 ; L objects
zcc73413_make_goright_final6    = $DC71 ; L objects
zcc73413_make_goleft2_final6    = $DC79 ; L objects
zcc73413_move_rest_final6       = $DC81 ; L objects
zcc73413_behav_follow           = $DCA5 ; L objects
zcc73413_follow_loop            = $DCB6 ; L objects
zcc73413_behav_final1_l7        = $DCD5 ; L objects
zcc73413_notgenerated_f1_l7     = $DD16 ; L objects
zcc73413_inc_behav_param_final1_l7 = $DD18 ; L objects
zcc73413_behav_fenemy7          = $DD1A ; L objects
zcc73413_inc_f7_defeated        = $DD54 ; L objects
zcc73413_final7_start           = $DD59 ; L objects
zcc73413_final7_shoot4          = $DD99 ; L objects
zcc73413_final7_shoot4_skip1    = $DDE3 ; L objects
zcc73413_final7_shoot4_skip2    = $DE2F ; L objects
zcc73413_final7_shoot4_skip3    = $DE7B ; L objects
zcc73413_final7_shoot3          = $DE80 ; L objects
zcc73413_final7_shoot3_skip1    = $DEAA ; L objects
zcc73413_final7_shoot3_skip2    = $DEC7 ; L objects
zcc73413_final7_shoot3_skip3    = $DEE7 ; L objects
zcc73413_final7_shoot3_skip4    = $DF04 ; L objects
zcc73413_final7_shoot2          = $DF0F ; L objects
zcc73413_final7_shoot2_skip1    = $DF3F ; L objects
zcc73413_final7_shoot2_skip2    = $DF59 ; L objects
zcc73413_final7_shoot1          = $DF6C ; L objects
zcc73413_final7_shoot1_skip1    = $DFA8 ; L objects
zcc73413_final7_shoot1_skip2    = $DFC8 ; L objects
zcc73413_inc_behav_param_7      = $DFD0 ; L objects
zcc73413_make_stop_final7       = $DFFF ; L objects
IOCTL_OTERM_CLEAR               = $E002 ; G zcc73423
zcc73413_make_wave_final7       = $E003 ; L objects
zcc73413_make_goleft_final7     = $E00E ; L objects
zcc73413_make_goright_final7    = $E016 ; L objects
zcc73413_make_downleft_final7   = $E01E ; L objects
zcc73413_make_upleft_final7     = $E029 ; L objects
zcc73413_make_upright_final7    = $E034 ; L objects
zcc73413_make_downright_final7  = $E03C ; L objects
zcc73413_move_rest_final7       = $E047 ; L objects
_genesis_title                  = $E06B ; G objects
_title_hiscores                 = $E43F ; G objects
_credits_bkg                    = $E4FE ; G objects
__BANK_06_tail                  = $F128 ; G 
__size                          = $F128 ; G 
__tail                          = $F128 ; G 
TAR__register_sp                = $FF58 ; L zcc73423
CRT_ON_EXIT                     = $10001 ; L zcc73423
__crt_on_exit                   = $10001 ; L zcc73423
TAR__crt_on_exit                = $30002 ; L zcc73423
